[0.005s] Invoking command in '/home/ketg/Desktop/amr_ws/build/roboteq_ros2_driver': AMENT_PREFIX_PATH=/home/ketg/Desktop/amr_ws/install/serial:${AMENT_PREFIX_PATH} CMAKE_PREFIX_PATH=/home/ketg/Desktop/amr_ws/install/serial:/opt/ros/humble LD_LIBRARY_PATH=/home/ketg/Desktop/amr_ws/install/serial/lib:${LD_LIBRARY_PATH} /usr/bin/cmake /home/ketg/Desktop/amr_ws/src/roboteq_ros2_driver -DCMAKE_INSTALL_PREFIX=/home/ketg/Desktop/amr_ws/install/roboteq_ros2_driver
[0.048s] -- The C compiler identification is GNU 11.4.0
[0.095s] -- The CXX compiler identification is GNU 11.4.0
[0.101s] -- Detecting C compiler ABI info
[0.152s] -- Detecting C compiler ABI info - done
[0.158s] -- Check for working C compiler: /usr/bin/cc - skipped
[0.158s] -- Detecting C compile features
[0.158s] -- Detecting C compile features - done
[0.161s] -- Detecting CXX compiler ABI info
[0.225s] -- Detecting CXX compiler ABI info - done
[0.231s] -- Check for working CXX compiler: /usr/bin/c++ - skipped
[0.231s] -- Detecting CXX compile features
[0.232s] -- Detecting CXX compile features - done
[0.234s] -- Found ament_cmake: 1.3.11 (/opt/ros/humble/share/ament_cmake/cmake)
[0.350s] -- Found Python3: /usr/bin/python3 (found version "3.10.12") found components: Interpreter 
[0.418s] -- Found rclcpp: 16.0.11 (/opt/ros/humble/share/rclcpp/cmake)
[0.450s] -- Found rosidl_generator_c: 3.1.6 (/opt/ros/humble/share/rosidl_generator_c/cmake)
[0.453s] -- Found rosidl_adapter: 3.1.6 (/opt/ros/humble/share/rosidl_adapter/cmake)
[0.460s] -- Found rosidl_generator_cpp: 3.1.6 (/opt/ros/humble/share/rosidl_generator_cpp/cmake)
[0.469s] -- Using all available rosidl_typesupport_c: rosidl_typesupport_fastrtps_c;rosidl_typesupport_introspection_c
[0.481s] -- Using all available rosidl_typesupport_cpp: rosidl_typesupport_fastrtps_cpp;rosidl_typesupport_introspection_cpp
[0.511s] -- Found rmw_implementation_cmake: 6.1.2 (/opt/ros/humble/share/rmw_implementation_cmake/cmake)
[0.513s] -- Found rmw_fastrtps_cpp: 6.2.7 (/opt/ros/humble/share/rmw_fastrtps_cpp/cmake)
[0.572s] -- Found OpenSSL: /usr/lib/x86_64-linux-gnu/libcrypto.so (found version "3.0.2")  
[0.593s] -- Found FastRTPS: /opt/ros/humble/include  
[0.624s] -- Using RMW implementation 'rmw_fastrtps_cpp' as default
[0.630s] -- Looking for pthread.h
[0.683s] -- Looking for pthread.h - found
[0.684s] -- Performing Test CMAKE_HAVE_LIBC_PTHREAD
[0.750s] -- Performing Test CMAKE_HAVE_LIBC_PTHREAD - Success
[0.751s] -- Found Threads: TRUE  
[0.796s] -- Found sensor_msgs: 4.2.4 (/opt/ros/humble/share/sensor_msgs/cmake)
[0.823s] -- Found nav_msgs: 4.2.4 (/opt/ros/humble/share/nav_msgs/cmake)
[0.838s] -- Found tf2: 0.25.12 (/opt/ros/humble/share/tf2/cmake)
[0.847s] -- Found tf2_ros: 0.25.12 (/opt/ros/humble/share/tf2_ros/cmake)
[0.919s] -- Found tf2_geometry_msgs: 0.25.12 (/opt/ros/humble/share/tf2_geometry_msgs/cmake)
[0.929s] -- Found eigen3_cmake_module: 0.1.1 (/opt/ros/humble/share/eigen3_cmake_module/cmake)
[0.930s] -- Found Eigen3: TRUE (found version "3.4.0") 
[0.930s] -- Ensuring Eigen3 include directory is part of orocos-kdl CMake target
[0.932s] -- Found serial: 1.2.1 (/home/ketg/Desktop/amr_ws/install/serial/share/serial/cmake)
[0.942s] -- Found ament_lint_auto: 0.12.11 (/opt/ros/humble/share/ament_lint_auto/cmake)
[1.008s] -- Added test 'copyright' to check source files copyright and LICENSE
[1.011s] -- Added test 'cppcheck' to perform static code analysis on C / C++ code
[1.011s] -- Configured cppcheck include dirs: $<BUILD_INTERFACE:/home/ketg/Desktop/amr_ws/src/roboteq_ros2_driver/include>
[1.011s] -- Configured cppcheck exclude dirs and/or files: 
[1.013s] -- Added test 'cpplint' to check C / C++ code against the Google style
[1.013s] -- Configured cpplint exclude dirs and/or files: 
[1.014s] -- Added test 'flake8' to check Python code syntax and style conventions
[1.015s] -- Added test 'lint_cmake' to check CMake code style
[1.015s] -- Added test 'pep257' to check Python code against some of the docstring style conventions in PEP 257
[1.017s] -- Added test 'uncrustify' to check C / C++ code style
[1.017s] -- Configured uncrustify additional arguments: 
[1.018s] -- Added test 'xmllint' to check XML markup files
[1.019s] -- Configuring done
[1.029s] -- Generating done
[1.032s] -- Build files have been written to: /home/ketg/Desktop/amr_ws/build/roboteq_ros2_driver
[1.041s] Invoked command in '/home/ketg/Desktop/amr_ws/build/roboteq_ros2_driver' returned '0': AMENT_PREFIX_PATH=/home/ketg/Desktop/amr_ws/install/serial:${AMENT_PREFIX_PATH} CMAKE_PREFIX_PATH=/home/ketg/Desktop/amr_ws/install/serial:/opt/ros/humble LD_LIBRARY_PATH=/home/ketg/Desktop/amr_ws/install/serial/lib:${LD_LIBRARY_PATH} /usr/bin/cmake /home/ketg/Desktop/amr_ws/src/roboteq_ros2_driver -DCMAKE_INSTALL_PREFIX=/home/ketg/Desktop/amr_ws/install/roboteq_ros2_driver
[1.042s] Invoking command in '/home/ketg/Desktop/amr_ws/build/roboteq_ros2_driver': AMENT_PREFIX_PATH=/home/ketg/Desktop/amr_ws/install/serial:${AMENT_PREFIX_PATH} CMAKE_PREFIX_PATH=/home/ketg/Desktop/amr_ws/install/serial:/opt/ros/humble LD_LIBRARY_PATH=/home/ketg/Desktop/amr_ws/install/serial/lib:${LD_LIBRARY_PATH} /usr/bin/cmake --build /home/ketg/Desktop/amr_ws/build/roboteq_ros2_driver -- -j8 -l8
[1.078s] [ 50%] [32mBuilding CXX object CMakeFiles/roboteq_ros2_driver.dir/src/driver_dev.cpp.o[0m
[8.223s] [100%] [32m[1mLinking CXX executable roboteq_ros2_driver[0m
[8.640s] [100%] Built target roboteq_ros2_driver
[8.648s] Invoked command in '/home/ketg/Desktop/amr_ws/build/roboteq_ros2_driver' returned '0': AMENT_PREFIX_PATH=/home/ketg/Desktop/amr_ws/install/serial:${AMENT_PREFIX_PATH} CMAKE_PREFIX_PATH=/home/ketg/Desktop/amr_ws/install/serial:/opt/ros/humble LD_LIBRARY_PATH=/home/ketg/Desktop/amr_ws/install/serial/lib:${LD_LIBRARY_PATH} /usr/bin/cmake --build /home/ketg/Desktop/amr_ws/build/roboteq_ros2_driver -- -j8 -l8
[8.650s] Invoking command in '/home/ketg/Desktop/amr_ws/build/roboteq_ros2_driver': AMENT_PREFIX_PATH=/home/ketg/Desktop/amr_ws/install/serial:${AMENT_PREFIX_PATH} CMAKE_PREFIX_PATH=/home/ketg/Desktop/amr_ws/install/serial:/opt/ros/humble LD_LIBRARY_PATH=/home/ketg/Desktop/amr_ws/install/serial/lib:${LD_LIBRARY_PATH} /usr/bin/cmake --install /home/ketg/Desktop/amr_ws/build/roboteq_ros2_driver
[8.655s] -- Install configuration: ""
[8.655s] -- Installing: /home/ketg/Desktop/amr_ws/install/roboteq_ros2_driver/share/roboteq_ros2_driver//launch
[8.655s] -- Installing: /home/ketg/Desktop/amr_ws/install/roboteq_ros2_driver/share/roboteq_ros2_driver//launch/roboteq_ros2_driver.launch.py
[8.655s] -- Installing: /home/ketg/Desktop/amr_ws/install/roboteq_ros2_driver/share/roboteq_ros2_driver//config
[8.655s] -- Installing: /home/ketg/Desktop/amr_ws/install/roboteq_ros2_driver/share/roboteq_ros2_driver//config/roboteq.yaml
[8.655s] -- Installing: /home/ketg/Desktop/amr_ws/install/roboteq_ros2_driver/lib/roboteq_ros2_driver/roboteq_ros2_driver
[8.658s] -- Set runtime path of "/home/ketg/Desktop/amr_ws/install/roboteq_ros2_driver/lib/roboteq_ros2_driver/roboteq_ros2_driver" to ""
[8.658s] -- Installing: /home/ketg/Desktop/amr_ws/install/roboteq_ros2_driver/share/ament_index/resource_index/package_run_dependencies/roboteq_ros2_driver
[8.658s] -- Installing: /home/ketg/Desktop/amr_ws/install/roboteq_ros2_driver/share/ament_index/resource_index/parent_prefix_path/roboteq_ros2_driver
[8.658s] -- Installing: /home/ketg/Desktop/amr_ws/install/roboteq_ros2_driver/share/roboteq_ros2_driver/environment/ament_prefix_path.sh
[8.658s] -- Installing: /home/ketg/Desktop/amr_ws/install/roboteq_ros2_driver/share/roboteq_ros2_driver/environment/ament_prefix_path.dsv
[8.658s] -- Installing: /home/ketg/Desktop/amr_ws/install/roboteq_ros2_driver/share/roboteq_ros2_driver/environment/path.sh
[8.658s] -- Installing: /home/ketg/Desktop/amr_ws/install/roboteq_ros2_driver/share/roboteq_ros2_driver/environment/path.dsv
[8.658s] -- Installing: /home/ketg/Desktop/amr_ws/install/roboteq_ros2_driver/share/roboteq_ros2_driver/local_setup.bash
[8.658s] -- Installing: /home/ketg/Desktop/amr_ws/install/roboteq_ros2_driver/share/roboteq_ros2_driver/local_setup.sh
[8.659s] -- Installing: /home/ketg/Desktop/amr_ws/install/roboteq_ros2_driver/share/roboteq_ros2_driver/local_setup.zsh
[8.659s] -- Installing: /home/ketg/Desktop/amr_ws/install/roboteq_ros2_driver/share/roboteq_ros2_driver/local_setup.dsv
[8.659s] -- Installing: /home/ketg/Desktop/amr_ws/install/roboteq_ros2_driver/share/roboteq_ros2_driver/package.dsv
[8.659s] -- Installing: /home/ketg/Desktop/amr_ws/install/roboteq_ros2_driver/share/ament_index/resource_index/packages/roboteq_ros2_driver
[8.659s] -- Installing: /home/ketg/Desktop/amr_ws/install/roboteq_ros2_driver/share/roboteq_ros2_driver/cmake/roboteq_ros2_driverConfig.cmake
[8.659s] -- Installing: /home/ketg/Desktop/amr_ws/install/roboteq_ros2_driver/share/roboteq_ros2_driver/cmake/roboteq_ros2_driverConfig-version.cmake
[8.659s] -- Installing: /home/ketg/Desktop/amr_ws/install/roboteq_ros2_driver/share/roboteq_ros2_driver/package.xml
[8.661s] Invoked command in '/home/ketg/Desktop/amr_ws/build/roboteq_ros2_driver' returned '0': AMENT_PREFIX_PATH=/home/ketg/Desktop/amr_ws/install/serial:${AMENT_PREFIX_PATH} CMAKE_PREFIX_PATH=/home/ketg/Desktop/amr_ws/install/serial:/opt/ros/humble LD_LIBRARY_PATH=/home/ketg/Desktop/amr_ws/install/serial/lib:${LD_LIBRARY_PATH} /usr/bin/cmake --install /home/ketg/Desktop/amr_ws/build/roboteq_ros2_driver
