[0.016s] Invoking command in '/home/ketg/Desktop/amr_ws/build/my_robot_navigation': CMAKE_PREFIX_PATH=/opt/ros/humble /usr/bin/cmake /home/ketg/Desktop/amr_ws/src/my_robot_navigation -DCMAKE_INSTALL_PREFIX=/home/ketg/Desktop/amr_ws/install/my_robot_navigation
[0.071s] -- The C compiler identification is GNU 11.4.0
[0.147s] -- The CXX compiler identification is GNU 11.4.0
[0.156s] -- Detecting C compiler ABI info
[0.230s] -- Detecting C compiler ABI info - done
[0.236s] -- Check for working C compiler: /usr/bin/cc - skipped
[0.237s] -- Detecting C compile features
[0.237s] -- Detecting C compile features - done
[0.240s] -- Detecting CXX compiler ABI info
[0.332s] -- Detecting CXX compiler ABI info - done
[0.344s] -- Check for working CXX compiler: /usr/bin/c++ - skipped
[0.344s] -- Detecting CXX compile features
[0.345s] -- Detecting CXX compile features - done
[0.348s] -- Found ament_cmake: 1.3.11 (/opt/ros/humble/share/ament_cmake/cmake)
[0.504s] -- Found Python3: /usr/bin/python3 (found version "3.10.12") found components: Interpreter 
[0.598s] -- Found ament_lint_auto: 0.12.11 (/opt/ros/humble/share/ament_lint_auto/cmake)
[0.695s] -- Added test 'copyright' to check source files copyright and LICENSE
[0.697s] -- Added test 'lint_cmake' to check CMake code style
[0.699s] -- Added test 'xmllint' to check XML markup files
[0.701s] -- Configuring done
[0.704s] -- Generating done
[0.707s] -- Build files have been written to: /home/ketg/Desktop/amr_ws/build/my_robot_navigation
[0.713s] Invoked command in '/home/ketg/Desktop/amr_ws/build/my_robot_navigation' returned '0': CMAKE_PREFIX_PATH=/opt/ros/humble /usr/bin/cmake /home/ketg/Desktop/amr_ws/src/my_robot_navigation -DCMAKE_INSTALL_PREFIX=/home/ketg/Desktop/amr_ws/install/my_robot_navigation
[0.714s] Invoking command in '/home/ketg/Desktop/amr_ws/build/my_robot_navigation': CMAKE_PREFIX_PATH=/opt/ros/humble /usr/bin/cmake --build /home/ketg/Desktop/amr_ws/build/my_robot_navigation -- -j8 -l8
[0.751s] Invoked command in '/home/ketg/Desktop/amr_ws/build/my_robot_navigation' returned '0': CMAKE_PREFIX_PATH=/opt/ros/humble /usr/bin/cmake --build /home/ketg/Desktop/amr_ws/build/my_robot_navigation -- -j8 -l8
[0.753s] Invoking command in '/home/ketg/Desktop/amr_ws/build/my_robot_navigation': CMAKE_PREFIX_PATH=/opt/ros/humble /usr/bin/cmake --install /home/ketg/Desktop/amr_ws/build/my_robot_navigation
[0.761s] -- Install configuration: ""
[0.761s] -- Installing: /home/ketg/Desktop/amr_ws/install/my_robot_navigation/share/ament_index/resource_index/package_run_dependencies/my_robot_navigation
[0.761s] -- Installing: /home/ketg/Desktop/amr_ws/install/my_robot_navigation/share/ament_index/resource_index/parent_prefix_path/my_robot_navigation
[0.761s] -- Installing: /home/ketg/Desktop/amr_ws/install/my_robot_navigation/share/my_robot_navigation/environment/ament_prefix_path.sh
[0.761s] -- Installing: /home/ketg/Desktop/amr_ws/install/my_robot_navigation/share/my_robot_navigation/environment/ament_prefix_path.dsv
[0.762s] -- Installing: /home/ketg/Desktop/amr_ws/install/my_robot_navigation/share/my_robot_navigation/environment/path.sh
[0.762s] -- Installing: /home/ketg/Desktop/amr_ws/install/my_robot_navigation/share/my_robot_navigation/environment/path.dsv
[0.762s] -- Installing: /home/ketg/Desktop/amr_ws/install/my_robot_navigation/share/my_robot_navigation/local_setup.bash
[0.762s] -- Installing: /home/ketg/Desktop/amr_ws/install/my_robot_navigation/share/my_robot_navigation/local_setup.sh
[0.762s] -- Installing: /home/ketg/Desktop/amr_ws/install/my_robot_navigation/share/my_robot_navigation/local_setup.zsh
[0.762s] -- Installing: /home/ketg/Desktop/amr_ws/install/my_robot_navigation/share/my_robot_navigation/local_setup.dsv
[0.762s] -- Installing: /home/ketg/Desktop/amr_ws/install/my_robot_navigation/share/my_robot_navigation/package.dsv
[0.763s] -- Installing: /home/ketg/Desktop/amr_ws/install/my_robot_navigation/share/ament_index/resource_index/packages/my_robot_navigation
[0.763s] -- Installing: /home/ketg/Desktop/amr_ws/install/my_robot_navigation/share/my_robot_navigation/cmake/my_robot_navigationConfig.cmake
[0.763s] -- Installing: /home/ketg/Desktop/amr_ws/install/my_robot_navigation/share/my_robot_navigation/cmake/my_robot_navigationConfig-version.cmake
[0.763s] -- Installing: /home/ketg/Desktop/amr_ws/install/my_robot_navigation/share/my_robot_navigation/package.xml
[0.795s] Invoked command in '/home/ketg/Desktop/amr_ws/build/my_robot_navigation' returned '0': CMAKE_PREFIX_PATH=/opt/ros/humble /usr/bin/cmake --install /home/ketg/Desktop/amr_ws/build/my_robot_navigation
