[0.017s] Invoking command in '/home/ketg/Desktop/amr_ws/build/my_robot_bringup': CMAKE_PREFIX_PATH=${CMAKE_PREFIX_PATH}:/opt/ros/humble /usr/bin/cmake /home/ketg/Desktop/amr_ws/src/my_robot_bringup -DCMAKE_INSTALL_PREFIX=/home/ketg/Desktop/amr_ws/install/my_robot_bringup
[0.133s] -- The C compiler identification is GNU 11.4.0
[0.234s] -- The CXX compiler identification is GNU 11.4.0
[0.241s] -- Detecting C compiler ABI info
[0.304s] -- Detecting C compiler ABI info - done
[0.315s] -- Check for working C compiler: /usr/bin/cc - skipped
[0.316s] -- Detecting C compile features
[0.316s] -- Detecting C compile features - done
[0.320s] -- Detecting CXX compiler ABI info
[0.392s] -- Detecting CXX compiler ABI info - done
[0.404s] -- Check for working CXX compiler: /usr/bin/c++ - skipped
[0.404s] -- Detecting CXX compile features
[0.404s] -- Detecting CXX compile features - done
[0.407s] -- Found ament_cmake: 1.3.11 (/opt/ros/humble/share/ament_cmake/cmake)
[0.555s] -- Found Python3: /usr/bin/python3 (found version "3.10.12") found components: Interpreter 
[0.641s] -- Found ament_lint_auto: 0.12.11 (/opt/ros/humble/share/ament_lint_auto/cmake)
[0.727s] -- Added test 'copyright' to check source files copyright and LICENSE
[0.729s] -- Added test 'lint_cmake' to check CMake code style
[0.731s] -- Added test 'xmllint' to check XML markup files
[0.733s] -- Configuring done
[0.737s] -- Generating done
[0.739s] -- Build files have been written to: /home/ketg/Desktop/amr_ws/build/my_robot_bringup
[0.744s] Invoked command in '/home/ketg/Desktop/amr_ws/build/my_robot_bringup' returned '0': CMAKE_PREFIX_PATH=${CMAKE_PREFIX_PATH}:/opt/ros/humble /usr/bin/cmake /home/ketg/Desktop/amr_ws/src/my_robot_bringup -DCMAKE_INSTALL_PREFIX=/home/ketg/Desktop/amr_ws/install/my_robot_bringup
[0.746s] Invoking command in '/home/ketg/Desktop/amr_ws/build/my_robot_bringup': CMAKE_PREFIX_PATH=${CMAKE_PREFIX_PATH}:/opt/ros/humble /usr/bin/cmake --build /home/ketg/Desktop/amr_ws/build/my_robot_bringup -- -j8 -l8
[0.776s] Invoked command in '/home/ketg/Desktop/amr_ws/build/my_robot_bringup' returned '0': CMAKE_PREFIX_PATH=${CMAKE_PREFIX_PATH}:/opt/ros/humble /usr/bin/cmake --build /home/ketg/Desktop/amr_ws/build/my_robot_bringup -- -j8 -l8
[0.777s] Invoking command in '/home/ketg/Desktop/amr_ws/build/my_robot_bringup': CMAKE_PREFIX_PATH=${CMAKE_PREFIX_PATH}:/opt/ros/humble /usr/bin/cmake --install /home/ketg/Desktop/amr_ws/build/my_robot_bringup
[0.786s] -- Install configuration: ""
[0.786s] -- Installing: /home/ketg/Desktop/amr_ws/install/my_robot_bringup/share/ament_index/resource_index/package_run_dependencies/my_robot_bringup
[0.786s] -- Installing: /home/ketg/Desktop/amr_ws/install/my_robot_bringup/share/ament_index/resource_index/parent_prefix_path/my_robot_bringup
[0.786s] -- Installing: /home/ketg/Desktop/amr_ws/install/my_robot_bringup/share/my_robot_bringup/environment/ament_prefix_path.sh
[0.786s] -- Installing: /home/ketg/Desktop/amr_ws/install/my_robot_bringup/share/my_robot_bringup/environment/ament_prefix_path.dsv
[0.786s] -- Installing: /home/ketg/Desktop/amr_ws/install/my_robot_bringup/share/my_robot_bringup/environment/path.sh
[0.786s] -- Installing: /home/ketg/Desktop/amr_ws/install/my_robot_bringup/share/my_robot_bringup/environment/path.dsv
[0.786s] -- Installing: /home/ketg/Desktop/amr_ws/install/my_robot_bringup/share/my_robot_bringup/local_setup.bash
[0.786s] -- Installing: /home/ketg/Desktop/amr_ws/install/my_robot_bringup/share/my_robot_bringup/local_setup.sh
[0.786s] -- Installing: /home/ketg/Desktop/amr_ws/install/my_robot_bringup/share/my_robot_bringup/local_setup.zsh
[0.786s] -- Installing: /home/ketg/Desktop/amr_ws/install/my_robot_bringup/share/my_robot_bringup/local_setup.dsv
[0.787s] -- Installing: /home/ketg/Desktop/amr_ws/install/my_robot_bringup/share/my_robot_bringup/package.dsv
[0.787s] -- Installing: /home/ketg/Desktop/amr_ws/install/my_robot_bringup/share/ament_index/resource_index/packages/my_robot_bringup
[0.787s] -- Installing: /home/ketg/Desktop/amr_ws/install/my_robot_bringup/share/my_robot_bringup/cmake/my_robot_bringupConfig.cmake
[0.787s] -- Installing: /home/ketg/Desktop/amr_ws/install/my_robot_bringup/share/my_robot_bringup/cmake/my_robot_bringupConfig-version.cmake
[0.787s] -- Installing: /home/ketg/Desktop/amr_ws/install/my_robot_bringup/share/my_robot_bringup/package.xml
[0.815s] Invoked command in '/home/ketg/Desktop/amr_ws/build/my_robot_bringup' returned '0': CMAKE_PREFIX_PATH=${CMAKE_PREFIX_PATH}:/opt/ros/humble /usr/bin/cmake --install /home/ketg/Desktop/amr_ws/build/my_robot_bringup
