[0.024s] Invoking command in '/home/ketg/Desktop/amr_ws/build/my_robot_slam': CMAKE_PREFIX_PATH=${CMAKE_PREFIX_PATH}:/opt/ros/foxy /usr/bin/cmake /home/ketg/Desktop/amr_ws/src/my_robot_slam -DCMAKE_INSTALL_PREFIX=/home/ketg/Desktop/amr_ws/install/my_robot_slam
[0.145s] -- The C compiler identification is GNU 9.4.0
[0.255s] -- The CXX compiler identification is GNU 9.4.0
[0.261s] -- Check for working C compiler: /usr/bin/cc
[0.327s] -- Check for working C compiler: /usr/bin/cc -- works
[0.328s] -- Detecting C compiler ABI info
[0.395s] -- Detecting C compiler ABI info - done
[0.412s] -- Detecting C compile features
[0.413s] -- Detecting C compile features - done
[0.416s] -- Check for working CXX compiler: /usr/bin/c++
[0.492s] -- Check for working CXX compiler: /usr/bin/c++ -- works
[0.493s] -- Detecting CXX compiler ABI info
[0.565s] -- Detecting CXX compiler ABI info - done
[0.579s] -- Detecting CXX compile features
[0.579s] -- Detecting CXX compile features - done
[0.581s] -- Found ament_cmake: 0.9.12 (/opt/ros/foxy/share/ament_cmake/cmake)
[0.604s] -- Found PythonInterp: /usr/bin/python3 (found suitable version "3.8.10", minimum required is "3") 
[0.604s] -- Using PYTHON_EXECUTABLE: /usr/bin/python3
[0.815s] -- Found ament_lint_auto: 0.9.8 (/opt/ros/foxy/share/ament_lint_auto/cmake)
[0.899s] -- Added test 'copyright' to check source files copyright and LICENSE
[0.901s] -- Added test 'lint_cmake' to check CMake code style
[0.903s] -- Added test 'xmllint' to check XML markup files
[0.905s] -- Configuring done
[0.908s] -- Generating done
[0.913s] -- Build files have been written to: /home/ketg/Desktop/amr_ws/build/my_robot_slam
[0.920s] Invoked command in '/home/ketg/Desktop/amr_ws/build/my_robot_slam' returned '0': CMAKE_PREFIX_PATH=${CMAKE_PREFIX_PATH}:/opt/ros/foxy /usr/bin/cmake /home/ketg/Desktop/amr_ws/src/my_robot_slam -DCMAKE_INSTALL_PREFIX=/home/ketg/Desktop/amr_ws/install/my_robot_slam
[0.921s] Invoking command in '/home/ketg/Desktop/amr_ws/build/my_robot_slam': CMAKE_PREFIX_PATH=${CMAKE_PREFIX_PATH}:/opt/ros/foxy /usr/bin/cmake --build /home/ketg/Desktop/amr_ws/build/my_robot_slam -- -j8 -l8
[0.966s] Invoked command in '/home/ketg/Desktop/amr_ws/build/my_robot_slam' returned '0': CMAKE_PREFIX_PATH=${CMAKE_PREFIX_PATH}:/opt/ros/foxy /usr/bin/cmake --build /home/ketg/Desktop/amr_ws/build/my_robot_slam -- -j8 -l8
[0.967s] Invoking command in '/home/ketg/Desktop/amr_ws/build/my_robot_slam': CMAKE_PREFIX_PATH=${CMAKE_PREFIX_PATH}:/opt/ros/foxy /usr/bin/cmake --install /home/ketg/Desktop/amr_ws/build/my_robot_slam
[0.979s] -- Install configuration: ""
[0.979s] -- Installing: /home/ketg/Desktop/amr_ws/install/my_robot_slam/share/ament_index/resource_index/package_run_dependencies/my_robot_slam
[0.980s] -- Installing: /home/ketg/Desktop/amr_ws/install/my_robot_slam/share/ament_index/resource_index/parent_prefix_path/my_robot_slam
[0.980s] -- Installing: /home/ketg/Desktop/amr_ws/install/my_robot_slam/share/my_robot_slam/environment/ament_prefix_path.sh
[0.980s] -- Installing: /home/ketg/Desktop/amr_ws/install/my_robot_slam/share/my_robot_slam/environment/ament_prefix_path.dsv
[0.980s] -- Installing: /home/ketg/Desktop/amr_ws/install/my_robot_slam/share/my_robot_slam/environment/path.sh
[0.980s] -- Installing: /home/ketg/Desktop/amr_ws/install/my_robot_slam/share/my_robot_slam/environment/path.dsv
[0.980s] -- Installing: /home/ketg/Desktop/amr_ws/install/my_robot_slam/share/my_robot_slam/local_setup.bash
[0.980s] -- Installing: /home/ketg/Desktop/amr_ws/install/my_robot_slam/share/my_robot_slam/local_setup.sh
[0.980s] -- Installing: /home/ketg/Desktop/amr_ws/install/my_robot_slam/share/my_robot_slam/local_setup.zsh
[0.980s] -- Installing: /home/ketg/Desktop/amr_ws/install/my_robot_slam/share/my_robot_slam/local_setup.dsv
[0.980s] -- Installing: /home/ketg/Desktop/amr_ws/install/my_robot_slam/share/my_robot_slam/package.dsv
[0.980s] -- Installing: /home/ketg/Desktop/amr_ws/install/my_robot_slam/share/ament_index/resource_index/packages/my_robot_slam
[0.980s] -- Installing: /home/ketg/Desktop/amr_ws/install/my_robot_slam/share/my_robot_slam/cmake/my_robot_slamConfig.cmake
[0.980s] -- Installing: /home/ketg/Desktop/amr_ws/install/my_robot_slam/share/my_robot_slam/cmake/my_robot_slamConfig-version.cmake
[0.980s] -- Installing: /home/ketg/Desktop/amr_ws/install/my_robot_slam/share/my_robot_slam/package.xml
[1.006s] Invoked command in '/home/ketg/Desktop/amr_ws/build/my_robot_slam' returned '0': CMAKE_PREFIX_PATH=${CMAKE_PREFIX_PATH}:/opt/ros/foxy /usr/bin/cmake --install /home/ketg/Desktop/amr_ws/build/my_robot_slam
