[0.145s] DEBUG:colcon:Command line arguments: ['/usr/bin/colcon', 'build']
[0.145s] DEBUG:colcon:Parsed command line arguments: Namespace(allow_overriding=[], ament_cmake_args=None, base_paths=['.'], build_base='build', catkin_cmake_args=None, catkin_skip_building_tests=False, cmake_args=None, cmake_clean_cache=False, cmake_clean_first=False, cmake_force_configure=False, cmake_target=None, cmake_target_skip_unavailable=False, continue_on_error=False, event_handlers=None, executor='parallel', ignore_user_meta=False, install_base='install', log_base=None, log_level=None, main=<bound method BuildVerb.main of <colcon_core.verb.build.BuildVerb object at 0x7fdfb7e7f4c0>>, merge_install=False, metas=['./colcon.meta'], packages_above=None, packages_above_and_dependencies=None, packages_above_depth=None, packages_end=None, packages_ignore=None, packages_ignore_regex=None, packages_select=None, packages_select_build_failed=False, packages_select_by_dep=None, packages_select_regex=None, packages_select_test_failures=False, packages_skip=None, packages_skip_build_finished=False, packages_skip_by_dep=None, packages_skip_regex=None, packages_skip_test_passed=False, packages_skip_up_to=None, packages_start=None, packages_up_to=None, packages_up_to_regex=None, parallel_workers=8, paths=None, symlink_install=False, test_result_base=None, verb_extension=<colcon_core.verb.build.BuildVerb object at 0x7fdfb7e7f4c0>, verb_name='build', verb_parser=<colcon_defaults.argument_parser.defaults.DefaultArgumentsDecorator object at 0x7fdfb7e7fc10>)
[0.261s] Level 1:colcon.colcon_core.package_discovery:discover_packages(colcon_meta) check parameters
[0.261s] Level 1:colcon.colcon_core.package_discovery:discover_packages(recursive) check parameters
[0.261s] Level 1:colcon.colcon_core.package_discovery:discover_packages(ignore) check parameters
[0.261s] Level 1:colcon.colcon_core.package_discovery:discover_packages(path) check parameters
[0.261s] Level 1:colcon.colcon_core.package_discovery:discover_packages(colcon_meta) discover
[0.261s] Level 1:colcon.colcon_core.package_discovery:discover_packages(recursive) discover
[0.261s] INFO:colcon.colcon_core.package_discovery:Crawling recursively for packages in '/home/ketg/Desktop/amr_ws'
[0.262s] Level 1:colcon.colcon_core.package_identification:_identify(.) by extensions ['ignore', 'ignore_ament_install']
[0.262s] Level 1:colcon.colcon_core.package_identification:_identify(.) by extension 'ignore'
[0.262s] Level 1:colcon.colcon_core.package_identification:_identify(.) by extension 'ignore_ament_install'
[0.262s] Level 1:colcon.colcon_core.package_identification:_identify(.) by extensions ['colcon_pkg']
[0.262s] Level 1:colcon.colcon_core.package_identification:_identify(.) by extension 'colcon_pkg'
[0.262s] Level 1:colcon.colcon_core.package_identification:_identify(.) by extensions ['colcon_meta']
[0.262s] Level 1:colcon.colcon_core.package_identification:_identify(.) by extension 'colcon_meta'
[0.262s] Level 1:colcon.colcon_core.package_identification:_identify(.) by extensions ['ros']
[0.262s] Level 1:colcon.colcon_core.package_identification:_identify(.) by extension 'ros'
[0.271s] Level 1:colcon.colcon_core.package_identification:_identify(.) by extensions ['cmake', 'python']
[0.271s] Level 1:colcon.colcon_core.package_identification:_identify(.) by extension 'cmake'
[0.271s] Level 1:colcon.colcon_core.package_identification:_identify(.) by extension 'python'
[0.271s] Level 1:colcon.colcon_core.package_identification:_identify(.) by extensions ['python_setup_py']
[0.271s] Level 1:colcon.colcon_core.package_identification:_identify(.) by extension 'python_setup_py'
[0.271s] Level 1:colcon.colcon_core.package_identification:_identify(build) by extensions ['ignore', 'ignore_ament_install']
[0.271s] Level 1:colcon.colcon_core.package_identification:_identify(build) by extension 'ignore'
[0.271s] Level 1:colcon.colcon_core.package_identification:_identify(build) ignored
[0.271s] Level 1:colcon.colcon_core.package_identification:_identify(install) by extensions ['ignore', 'ignore_ament_install']
[0.272s] Level 1:colcon.colcon_core.package_identification:_identify(install) by extension 'ignore'
[0.272s] Level 1:colcon.colcon_core.package_identification:_identify(install) ignored
[0.272s] Level 1:colcon.colcon_core.package_identification:_identify(log) by extensions ['ignore', 'ignore_ament_install']
[0.272s] Level 1:colcon.colcon_core.package_identification:_identify(log) by extension 'ignore'
[0.272s] Level 1:colcon.colcon_core.package_identification:_identify(log) ignored
[0.272s] Level 1:colcon.colcon_core.package_identification:_identify(src) by extensions ['ignore', 'ignore_ament_install']
[0.272s] Level 1:colcon.colcon_core.package_identification:_identify(src) by extension 'ignore'
[0.272s] Level 1:colcon.colcon_core.package_identification:_identify(src) by extension 'ignore_ament_install'
[0.272s] Level 1:colcon.colcon_core.package_identification:_identify(src) by extensions ['colcon_pkg']
[0.272s] Level 1:colcon.colcon_core.package_identification:_identify(src) by extension 'colcon_pkg'
[0.272s] Level 1:colcon.colcon_core.package_identification:_identify(src) by extensions ['colcon_meta']
[0.272s] Level 1:colcon.colcon_core.package_identification:_identify(src) by extension 'colcon_meta'
[0.272s] Level 1:colcon.colcon_core.package_identification:_identify(src) by extensions ['ros']
[0.272s] Level 1:colcon.colcon_core.package_identification:_identify(src) by extension 'ros'
[0.272s] Level 1:colcon.colcon_core.package_identification:_identify(src) by extensions ['cmake', 'python']
[0.272s] Level 1:colcon.colcon_core.package_identification:_identify(src) by extension 'cmake'
[0.272s] Level 1:colcon.colcon_core.package_identification:_identify(src) by extension 'python'
[0.272s] Level 1:colcon.colcon_core.package_identification:_identify(src) by extensions ['python_setup_py']
[0.272s] Level 1:colcon.colcon_core.package_identification:_identify(src) by extension 'python_setup_py'
[0.272s] Level 1:colcon.colcon_core.package_identification:_identify(src/my_robot_bringup) by extensions ['ignore', 'ignore_ament_install']
[0.272s] Level 1:colcon.colcon_core.package_identification:_identify(src/my_robot_bringup) by extension 'ignore'
[0.273s] Level 1:colcon.colcon_core.package_identification:_identify(src/my_robot_bringup) by extension 'ignore_ament_install'
[0.273s] Level 1:colcon.colcon_core.package_identification:_identify(src/my_robot_bringup) by extensions ['colcon_pkg']
[0.273s] Level 1:colcon.colcon_core.package_identification:_identify(src/my_robot_bringup) by extension 'colcon_pkg'
[0.273s] Level 1:colcon.colcon_core.package_identification:_identify(src/my_robot_bringup) by extensions ['colcon_meta']
[0.273s] Level 1:colcon.colcon_core.package_identification:_identify(src/my_robot_bringup) by extension 'colcon_meta'
[0.273s] Level 1:colcon.colcon_core.package_identification:_identify(src/my_robot_bringup) by extensions ['ros']
[0.273s] Level 1:colcon.colcon_core.package_identification:_identify(src/my_robot_bringup) by extension 'ros'
[0.275s] DEBUG:colcon.colcon_core.package_identification:Package 'src/my_robot_bringup' with type 'ros.ament_cmake' and name 'my_robot_bringup'
[0.275s] Level 1:colcon.colcon_core.package_identification:_identify(src/my_robot_description) by extensions ['ignore', 'ignore_ament_install']
[0.275s] Level 1:colcon.colcon_core.package_identification:_identify(src/my_robot_description) by extension 'ignore'
[0.275s] Level 1:colcon.colcon_core.package_identification:_identify(src/my_robot_description) by extension 'ignore_ament_install'
[0.275s] Level 1:colcon.colcon_core.package_identification:_identify(src/my_robot_description) by extensions ['colcon_pkg']
[0.275s] Level 1:colcon.colcon_core.package_identification:_identify(src/my_robot_description) by extension 'colcon_pkg'
[0.275s] Level 1:colcon.colcon_core.package_identification:_identify(src/my_robot_description) by extensions ['colcon_meta']
[0.275s] Level 1:colcon.colcon_core.package_identification:_identify(src/my_robot_description) by extension 'colcon_meta'
[0.275s] Level 1:colcon.colcon_core.package_identification:_identify(src/my_robot_description) by extensions ['ros']
[0.275s] Level 1:colcon.colcon_core.package_identification:_identify(src/my_robot_description) by extension 'ros'
[0.276s] DEBUG:colcon.colcon_core.package_identification:Package 'src/my_robot_description' with type 'ros.ament_cmake' and name 'my_robot_description'
[0.276s] Level 1:colcon.colcon_core.package_identification:_identify(src/my_robot_navigation) by extensions ['ignore', 'ignore_ament_install']
[0.276s] Level 1:colcon.colcon_core.package_identification:_identify(src/my_robot_navigation) by extension 'ignore'
[0.276s] Level 1:colcon.colcon_core.package_identification:_identify(src/my_robot_navigation) by extension 'ignore_ament_install'
[0.276s] Level 1:colcon.colcon_core.package_identification:_identify(src/my_robot_navigation) by extensions ['colcon_pkg']
[0.276s] Level 1:colcon.colcon_core.package_identification:_identify(src/my_robot_navigation) by extension 'colcon_pkg'
[0.276s] Level 1:colcon.colcon_core.package_identification:_identify(src/my_robot_navigation) by extensions ['colcon_meta']
[0.276s] Level 1:colcon.colcon_core.package_identification:_identify(src/my_robot_navigation) by extension 'colcon_meta'
[0.276s] Level 1:colcon.colcon_core.package_identification:_identify(src/my_robot_navigation) by extensions ['ros']
[0.276s] Level 1:colcon.colcon_core.package_identification:_identify(src/my_robot_navigation) by extension 'ros'
[0.276s] DEBUG:colcon.colcon_core.package_identification:Package 'src/my_robot_navigation' with type 'ros.ament_cmake' and name 'my_robot_navigation'
[0.277s] Level 1:colcon.colcon_core.package_identification:_identify(src/my_robot_slam) by extensions ['ignore', 'ignore_ament_install']
[0.277s] Level 1:colcon.colcon_core.package_identification:_identify(src/my_robot_slam) by extension 'ignore'
[0.277s] Level 1:colcon.colcon_core.package_identification:_identify(src/my_robot_slam) by extension 'ignore_ament_install'
[0.277s] Level 1:colcon.colcon_core.package_identification:_identify(src/my_robot_slam) by extensions ['colcon_pkg']
[0.277s] Level 1:colcon.colcon_core.package_identification:_identify(src/my_robot_slam) by extension 'colcon_pkg'
[0.277s] Level 1:colcon.colcon_core.package_identification:_identify(src/my_robot_slam) by extensions ['colcon_meta']
[0.277s] Level 1:colcon.colcon_core.package_identification:_identify(src/my_robot_slam) by extension 'colcon_meta'
[0.277s] Level 1:colcon.colcon_core.package_identification:_identify(src/my_robot_slam) by extensions ['ros']
[0.277s] Level 1:colcon.colcon_core.package_identification:_identify(src/my_robot_slam) by extension 'ros'
[0.277s] DEBUG:colcon.colcon_core.package_identification:Package 'src/my_robot_slam' with type 'ros.ament_cmake' and name 'my_robot_slam'
[0.277s] Level 1:colcon.colcon_core.package_discovery:discover_packages(recursive) using defaults
[0.277s] Level 1:colcon.colcon_core.package_discovery:discover_packages(ignore) discover
[0.277s] Level 1:colcon.colcon_core.package_discovery:discover_packages(ignore) using defaults
[0.277s] Level 1:colcon.colcon_core.package_discovery:discover_packages(path) discover
[0.277s] Level 1:colcon.colcon_core.package_discovery:discover_packages(path) using defaults
[0.290s] Level 1:colcon.colcon_core.package_discovery:discover_packages(prefix_path) check parameters
[0.290s] Level 1:colcon.colcon_core.package_discovery:discover_packages(prefix_path) discover
[0.291s] DEBUG:colcon.colcon_installed_package_information.package_discovery:Found 4 installed packages in /home/ketg/Desktop/amr_ws/install
[0.292s] DEBUG:colcon.colcon_installed_package_information.package_discovery:Found 287 installed packages in /opt/ros/foxy
[0.294s] Level 1:colcon.colcon_core.package_discovery:discover_packages(prefix_path) using defaults
[0.347s] Level 5:colcon.colcon_core.verb:set package 'my_robot_bringup' build argument 'cmake_args' from command line to 'None'
[0.347s] Level 5:colcon.colcon_core.verb:set package 'my_robot_bringup' build argument 'cmake_target' from command line to 'None'
[0.347s] Level 5:colcon.colcon_core.verb:set package 'my_robot_bringup' build argument 'cmake_target_skip_unavailable' from command line to 'False'
[0.347s] Level 5:colcon.colcon_core.verb:set package 'my_robot_bringup' build argument 'cmake_clean_cache' from command line to 'False'
[0.347s] Level 5:colcon.colcon_core.verb:set package 'my_robot_bringup' build argument 'cmake_clean_first' from command line to 'False'
[0.347s] Level 5:colcon.colcon_core.verb:set package 'my_robot_bringup' build argument 'cmake_force_configure' from command line to 'False'
[0.347s] Level 5:colcon.colcon_core.verb:set package 'my_robot_bringup' build argument 'ament_cmake_args' from command line to 'None'
[0.347s] Level 5:colcon.colcon_core.verb:set package 'my_robot_bringup' build argument 'catkin_cmake_args' from command line to 'None'
[0.347s] Level 5:colcon.colcon_core.verb:set package 'my_robot_bringup' build argument 'catkin_skip_building_tests' from command line to 'False'
[0.347s] DEBUG:colcon.colcon_core.verb:Building package 'my_robot_bringup' with the following arguments: {'ament_cmake_args': None, 'build_base': '/home/ketg/Desktop/amr_ws/build/my_robot_bringup', 'catkin_cmake_args': None, 'catkin_skip_building_tests': False, 'cmake_args': None, 'cmake_clean_cache': False, 'cmake_clean_first': False, 'cmake_force_configure': False, 'cmake_target': None, 'cmake_target_skip_unavailable': False, 'install_base': '/home/ketg/Desktop/amr_ws/install/my_robot_bringup', 'merge_install': False, 'path': '/home/ketg/Desktop/amr_ws/src/my_robot_bringup', 'symlink_install': False, 'test_result_base': None}
[0.347s] Level 5:colcon.colcon_core.verb:set package 'my_robot_description' build argument 'cmake_args' from command line to 'None'
[0.347s] Level 5:colcon.colcon_core.verb:set package 'my_robot_description' build argument 'cmake_target' from command line to 'None'
[0.347s] Level 5:colcon.colcon_core.verb:set package 'my_robot_description' build argument 'cmake_target_skip_unavailable' from command line to 'False'
[0.347s] Level 5:colcon.colcon_core.verb:set package 'my_robot_description' build argument 'cmake_clean_cache' from command line to 'False'
[0.348s] Level 5:colcon.colcon_core.verb:set package 'my_robot_description' build argument 'cmake_clean_first' from command line to 'False'
[0.348s] Level 5:colcon.colcon_core.verb:set package 'my_robot_description' build argument 'cmake_force_configure' from command line to 'False'
[0.348s] Level 5:colcon.colcon_core.verb:set package 'my_robot_description' build argument 'ament_cmake_args' from command line to 'None'
[0.348s] Level 5:colcon.colcon_core.verb:set package 'my_robot_description' build argument 'catkin_cmake_args' from command line to 'None'
[0.348s] Level 5:colcon.colcon_core.verb:set package 'my_robot_description' build argument 'catkin_skip_building_tests' from command line to 'False'
[0.348s] DEBUG:colcon.colcon_core.verb:Building package 'my_robot_description' with the following arguments: {'ament_cmake_args': None, 'build_base': '/home/ketg/Desktop/amr_ws/build/my_robot_description', 'catkin_cmake_args': None, 'catkin_skip_building_tests': False, 'cmake_args': None, 'cmake_clean_cache': False, 'cmake_clean_first': False, 'cmake_force_configure': False, 'cmake_target': None, 'cmake_target_skip_unavailable': False, 'install_base': '/home/ketg/Desktop/amr_ws/install/my_robot_description', 'merge_install': False, 'path': '/home/ketg/Desktop/amr_ws/src/my_robot_description', 'symlink_install': False, 'test_result_base': None}
[0.348s] Level 5:colcon.colcon_core.verb:set package 'my_robot_navigation' build argument 'cmake_args' from command line to 'None'
[0.348s] Level 5:colcon.colcon_core.verb:set package 'my_robot_navigation' build argument 'cmake_target' from command line to 'None'
[0.348s] Level 5:colcon.colcon_core.verb:set package 'my_robot_navigation' build argument 'cmake_target_skip_unavailable' from command line to 'False'
[0.348s] Level 5:colcon.colcon_core.verb:set package 'my_robot_navigation' build argument 'cmake_clean_cache' from command line to 'False'
[0.348s] Level 5:colcon.colcon_core.verb:set package 'my_robot_navigation' build argument 'cmake_clean_first' from command line to 'False'
[0.348s] Level 5:colcon.colcon_core.verb:set package 'my_robot_navigation' build argument 'cmake_force_configure' from command line to 'False'
[0.348s] Level 5:colcon.colcon_core.verb:set package 'my_robot_navigation' build argument 'ament_cmake_args' from command line to 'None'
[0.348s] Level 5:colcon.colcon_core.verb:set package 'my_robot_navigation' build argument 'catkin_cmake_args' from command line to 'None'
[0.348s] Level 5:colcon.colcon_core.verb:set package 'my_robot_navigation' build argument 'catkin_skip_building_tests' from command line to 'False'
[0.348s] DEBUG:colcon.colcon_core.verb:Building package 'my_robot_navigation' with the following arguments: {'ament_cmake_args': None, 'build_base': '/home/ketg/Desktop/amr_ws/build/my_robot_navigation', 'catkin_cmake_args': None, 'catkin_skip_building_tests': False, 'cmake_args': None, 'cmake_clean_cache': False, 'cmake_clean_first': False, 'cmake_force_configure': False, 'cmake_target': None, 'cmake_target_skip_unavailable': False, 'install_base': '/home/ketg/Desktop/amr_ws/install/my_robot_navigation', 'merge_install': False, 'path': '/home/ketg/Desktop/amr_ws/src/my_robot_navigation', 'symlink_install': False, 'test_result_base': None}
[0.348s] Level 5:colcon.colcon_core.verb:set package 'my_robot_slam' build argument 'cmake_args' from command line to 'None'
[0.348s] Level 5:colcon.colcon_core.verb:set package 'my_robot_slam' build argument 'cmake_target' from command line to 'None'
[0.348s] Level 5:colcon.colcon_core.verb:set package 'my_robot_slam' build argument 'cmake_target_skip_unavailable' from command line to 'False'
[0.348s] Level 5:colcon.colcon_core.verb:set package 'my_robot_slam' build argument 'cmake_clean_cache' from command line to 'False'
[0.348s] Level 5:colcon.colcon_core.verb:set package 'my_robot_slam' build argument 'cmake_clean_first' from command line to 'False'
[0.348s] Level 5:colcon.colcon_core.verb:set package 'my_robot_slam' build argument 'cmake_force_configure' from command line to 'False'
[0.349s] Level 5:colcon.colcon_core.verb:set package 'my_robot_slam' build argument 'ament_cmake_args' from command line to 'None'
[0.349s] Level 5:colcon.colcon_core.verb:set package 'my_robot_slam' build argument 'catkin_cmake_args' from command line to 'None'
[0.349s] Level 5:colcon.colcon_core.verb:set package 'my_robot_slam' build argument 'catkin_skip_building_tests' from command line to 'False'
[0.349s] DEBUG:colcon.colcon_core.verb:Building package 'my_robot_slam' with the following arguments: {'ament_cmake_args': None, 'build_base': '/home/ketg/Desktop/amr_ws/build/my_robot_slam', 'catkin_cmake_args': None, 'catkin_skip_building_tests': False, 'cmake_args': None, 'cmake_clean_cache': False, 'cmake_clean_first': False, 'cmake_force_configure': False, 'cmake_target': None, 'cmake_target_skip_unavailable': False, 'install_base': '/home/ketg/Desktop/amr_ws/install/my_robot_slam', 'merge_install': False, 'path': '/home/ketg/Desktop/amr_ws/src/my_robot_slam', 'symlink_install': False, 'test_result_base': None}
[0.349s] INFO:colcon.colcon_core.executor:Executing jobs using 'parallel' executor
[0.350s] DEBUG:colcon.colcon_parallel_executor.executor.parallel:run_until_complete
[0.350s] INFO:colcon.colcon_ros.task.ament_cmake.build:Building ROS package in '/home/ketg/Desktop/amr_ws/src/my_robot_bringup' with build type 'ament_cmake'
[0.350s] INFO:colcon.colcon_cmake.task.cmake.build:Building CMake package in '/home/ketg/Desktop/amr_ws/src/my_robot_bringup'
[0.352s] INFO:colcon.colcon_core.plugin_system:Skipping extension 'colcon_core.shell.bat': Not used on non-Windows systems
[0.352s] INFO:colcon.colcon_core.shell:Skip shell extension 'powershell' for command environment: Not usable outside of PowerShell
[0.352s] DEBUG:colcon.colcon_core.shell:Skip shell extension 'dsv' for command environment
[0.357s] INFO:colcon.colcon_ros.task.ament_cmake.build:Building ROS package in '/home/ketg/Desktop/amr_ws/src/my_robot_description' with build type 'ament_cmake'
[0.357s] INFO:colcon.colcon_cmake.task.cmake.build:Building CMake package in '/home/ketg/Desktop/amr_ws/src/my_robot_description'
[0.357s] INFO:colcon.colcon_core.shell:Skip shell extension 'powershell' for command environment: Not usable outside of PowerShell
[0.358s] DEBUG:colcon.colcon_core.shell:Skip shell extension 'dsv' for command environment
[0.362s] INFO:colcon.colcon_ros.task.ament_cmake.build:Building ROS package in '/home/ketg/Desktop/amr_ws/src/my_robot_navigation' with build type 'ament_cmake'
[0.362s] INFO:colcon.colcon_cmake.task.cmake.build:Building CMake package in '/home/ketg/Desktop/amr_ws/src/my_robot_navigation'
[0.363s] INFO:colcon.colcon_core.shell:Skip shell extension 'powershell' for command environment: Not usable outside of PowerShell
[0.363s] DEBUG:colcon.colcon_core.shell:Skip shell extension 'dsv' for command environment
[0.368s] INFO:colcon.colcon_ros.task.ament_cmake.build:Building ROS package in '/home/ketg/Desktop/amr_ws/src/my_robot_slam' with build type 'ament_cmake'
[0.368s] INFO:colcon.colcon_cmake.task.cmake.build:Building CMake package in '/home/ketg/Desktop/amr_ws/src/my_robot_slam'
[0.368s] INFO:colcon.colcon_core.shell:Skip shell extension 'powershell' for command environment: Not usable outside of PowerShell
[0.369s] DEBUG:colcon.colcon_core.shell:Skip shell extension 'dsv' for command environment
[0.380s] DEBUG:colcon.colcon_core.event_handler.log_command:Invoking command in '/home/ketg/Desktop/amr_ws/build/my_robot_bringup': CMAKE_PREFIX_PATH=${CMAKE_PREFIX_PATH}:/opt/ros/foxy /usr/bin/cmake --build /home/ketg/Desktop/amr_ws/build/my_robot_bringup -- -j8 -l8
[0.384s] DEBUG:colcon.colcon_core.event_handler.log_command:Invoking command in '/home/ketg/Desktop/amr_ws/build/my_robot_description': CMAKE_PREFIX_PATH=${CMAKE_PREFIX_PATH}:/opt/ros/foxy /usr/bin/cmake --build /home/ketg/Desktop/amr_ws/build/my_robot_description -- -j8 -l8
[0.389s] DEBUG:colcon.colcon_core.event_handler.log_command:Invoking command in '/home/ketg/Desktop/amr_ws/build/my_robot_navigation': CMAKE_PREFIX_PATH=${CMAKE_PREFIX_PATH}:/opt/ros/foxy /usr/bin/cmake --build /home/ketg/Desktop/amr_ws/build/my_robot_navigation -- -j8 -l8
[0.397s] DEBUG:colcon.colcon_core.event_handler.log_command:Invoking command in '/home/ketg/Desktop/amr_ws/build/my_robot_slam': CMAKE_PREFIX_PATH=${CMAKE_PREFIX_PATH}:/opt/ros/foxy /usr/bin/cmake --build /home/ketg/Desktop/amr_ws/build/my_robot_slam -- -j8 -l8
[0.414s] DEBUG:colcon.colcon_core.event_handler.log_command:Invoked command in '/home/ketg/Desktop/amr_ws/build/my_robot_bringup' returned '0': CMAKE_PREFIX_PATH=${CMAKE_PREFIX_PATH}:/opt/ros/foxy /usr/bin/cmake --build /home/ketg/Desktop/amr_ws/build/my_robot_bringup -- -j8 -l8
[0.426s] DEBUG:colcon.colcon_core.event_handler.log_command:Invoking command in '/home/ketg/Desktop/amr_ws/build/my_robot_bringup': CMAKE_PREFIX_PATH=${CMAKE_PREFIX_PATH}:/opt/ros/foxy /usr/bin/cmake --install /home/ketg/Desktop/amr_ws/build/my_robot_bringup
[0.428s] DEBUG:colcon.colcon_core.event_handler.log_command:Invoked command in '/home/ketg/Desktop/amr_ws/build/my_robot_navigation' returned '0': CMAKE_PREFIX_PATH=${CMAKE_PREFIX_PATH}:/opt/ros/foxy /usr/bin/cmake --build /home/ketg/Desktop/amr_ws/build/my_robot_navigation -- -j8 -l8
[0.430s] DEBUG:colcon.colcon_core.event_handler.log_command:Invoking command in '/home/ketg/Desktop/amr_ws/build/my_robot_navigation': CMAKE_PREFIX_PATH=${CMAKE_PREFIX_PATH}:/opt/ros/foxy /usr/bin/cmake --install /home/ketg/Desktop/amr_ws/build/my_robot_navigation
[0.432s] DEBUG:colcon.colcon_core.event_handler.log_command:Invoked command in '/home/ketg/Desktop/amr_ws/build/my_robot_description' returned '0': CMAKE_PREFIX_PATH=${CMAKE_PREFIX_PATH}:/opt/ros/foxy /usr/bin/cmake --build /home/ketg/Desktop/amr_ws/build/my_robot_description -- -j8 -l8
[0.434s] DEBUG:colcon.colcon_core.event_handler.log_command:Invoking command in '/home/ketg/Desktop/amr_ws/build/my_robot_description': CMAKE_PREFIX_PATH=${CMAKE_PREFIX_PATH}:/opt/ros/foxy /usr/bin/cmake --install /home/ketg/Desktop/amr_ws/build/my_robot_description
[0.441s] DEBUG:colcon.colcon_core.event_handler.log_command:Invoked command in '/home/ketg/Desktop/amr_ws/build/my_robot_slam' returned '0': CMAKE_PREFIX_PATH=${CMAKE_PREFIX_PATH}:/opt/ros/foxy /usr/bin/cmake --build /home/ketg/Desktop/amr_ws/build/my_robot_slam -- -j8 -l8
[0.442s] Level 1:colcon.colcon_core.environment:create_environment_scripts_only(my_robot_bringup)
[0.443s] DEBUG:colcon.colcon_core.event_handler.log_command:Invoking command in '/home/ketg/Desktop/amr_ws/build/my_robot_slam': CMAKE_PREFIX_PATH=${CMAKE_PREFIX_PATH}:/opt/ros/foxy /usr/bin/cmake --install /home/ketg/Desktop/amr_ws/build/my_robot_slam
[0.446s] DEBUG:colcon.colcon_core.event_handler.log_command:Invoked command in '/home/ketg/Desktop/amr_ws/build/my_robot_bringup' returned '0': CMAKE_PREFIX_PATH=${CMAKE_PREFIX_PATH}:/opt/ros/foxy /usr/bin/cmake --install /home/ketg/Desktop/amr_ws/build/my_robot_bringup
[0.450s] Level 1:colcon.colcon_core.environment:checking '/home/ketg/Desktop/amr_ws/install/my_robot_bringup' for CMake module files
[0.451s] Level 1:colcon.colcon_core.environment:checking '/home/ketg/Desktop/amr_ws/install/my_robot_bringup' for CMake config files
[0.451s] Level 1:colcon.colcon_core.shell:create_environment_hook('my_robot_bringup', 'cmake_prefix_path')
[0.451s] INFO:colcon.colcon_core.shell:Creating environment hook '/home/ketg/Desktop/amr_ws/install/my_robot_bringup/share/my_robot_bringup/hook/cmake_prefix_path.ps1'
[0.452s] INFO:colcon.colcon_core.shell:Creating environment descriptor '/home/ketg/Desktop/amr_ws/install/my_robot_bringup/share/my_robot_bringup/hook/cmake_prefix_path.dsv'
[0.452s] INFO:colcon.colcon_core.shell:Creating environment hook '/home/ketg/Desktop/amr_ws/install/my_robot_bringup/share/my_robot_bringup/hook/cmake_prefix_path.sh'
[0.453s] Level 1:colcon.colcon_core.environment:checking '/home/ketg/Desktop/amr_ws/install/my_robot_bringup/bin'
[0.453s] Level 1:colcon.colcon_core.environment:checking '/home/ketg/Desktop/amr_ws/install/my_robot_bringup/lib/pkgconfig/my_robot_bringup.pc'
[0.453s] Level 1:colcon.colcon_core.environment:checking '/home/ketg/Desktop/amr_ws/install/my_robot_bringup/lib/python3.8/site-packages'
[0.453s] Level 1:colcon.colcon_core.environment:checking '/home/ketg/Desktop/amr_ws/install/my_robot_bringup/bin'
[0.453s] INFO:colcon.colcon_core.shell:Creating package script '/home/ketg/Desktop/amr_ws/install/my_robot_bringup/share/my_robot_bringup/package.ps1'
[0.454s] INFO:colcon.colcon_core.shell:Creating package descriptor '/home/ketg/Desktop/amr_ws/install/my_robot_bringup/share/my_robot_bringup/package.dsv'
[0.455s] INFO:colcon.colcon_core.shell:Creating package script '/home/ketg/Desktop/amr_ws/install/my_robot_bringup/share/my_robot_bringup/package.sh'
[0.455s] INFO:colcon.colcon_core.shell:Creating package script '/home/ketg/Desktop/amr_ws/install/my_robot_bringup/share/my_robot_bringup/package.bash'
[0.456s] INFO:colcon.colcon_core.shell:Creating package script '/home/ketg/Desktop/amr_ws/install/my_robot_bringup/share/my_robot_bringup/package.zsh'
[0.456s] Level 1:colcon.colcon_core.environment:create_file_with_runtime_dependencies(/home/ketg/Desktop/amr_ws/install/my_robot_bringup/share/colcon-core/packages/my_robot_bringup)
[0.457s] Level 1:colcon.colcon_core.environment:create_environment_scripts_only(my_robot_bringup)
[0.457s] Level 1:colcon.colcon_core.environment:checking '/home/ketg/Desktop/amr_ws/install/my_robot_bringup' for CMake module files
[0.457s] Level 1:colcon.colcon_core.environment:checking '/home/ketg/Desktop/amr_ws/install/my_robot_bringup' for CMake config files
[0.458s] Level 1:colcon.colcon_core.shell:create_environment_hook('my_robot_bringup', 'cmake_prefix_path')
[0.458s] INFO:colcon.colcon_core.shell:Creating environment hook '/home/ketg/Desktop/amr_ws/install/my_robot_bringup/share/my_robot_bringup/hook/cmake_prefix_path.ps1'
[0.458s] INFO:colcon.colcon_core.shell:Creating environment descriptor '/home/ketg/Desktop/amr_ws/install/my_robot_bringup/share/my_robot_bringup/hook/cmake_prefix_path.dsv'
[0.458s] INFO:colcon.colcon_core.shell:Creating environment hook '/home/ketg/Desktop/amr_ws/install/my_robot_bringup/share/my_robot_bringup/hook/cmake_prefix_path.sh'
[0.459s] Level 1:colcon.colcon_core.environment:checking '/home/ketg/Desktop/amr_ws/install/my_robot_bringup/bin'
[0.459s] Level 1:colcon.colcon_core.environment:checking '/home/ketg/Desktop/amr_ws/install/my_robot_bringup/lib/pkgconfig/my_robot_bringup.pc'
[0.459s] Level 1:colcon.colcon_core.environment:checking '/home/ketg/Desktop/amr_ws/install/my_robot_bringup/lib/python3.8/site-packages'
[0.459s] Level 1:colcon.colcon_core.environment:checking '/home/ketg/Desktop/amr_ws/install/my_robot_bringup/bin'
[0.460s] INFO:colcon.colcon_core.shell:Creating package script '/home/ketg/Desktop/amr_ws/install/my_robot_bringup/share/my_robot_bringup/package.ps1'
[0.460s] INFO:colcon.colcon_core.shell:Creating package descriptor '/home/ketg/Desktop/amr_ws/install/my_robot_bringup/share/my_robot_bringup/package.dsv'
[0.460s] INFO:colcon.colcon_core.shell:Creating package script '/home/ketg/Desktop/amr_ws/install/my_robot_bringup/share/my_robot_bringup/package.sh'
[0.461s] INFO:colcon.colcon_core.shell:Creating package script '/home/ketg/Desktop/amr_ws/install/my_robot_bringup/share/my_robot_bringup/package.bash'
[0.461s] INFO:colcon.colcon_core.shell:Creating package script '/home/ketg/Desktop/amr_ws/install/my_robot_bringup/share/my_robot_bringup/package.zsh'
[0.462s] Level 1:colcon.colcon_core.environment:create_file_with_runtime_dependencies(/home/ketg/Desktop/amr_ws/install/my_robot_bringup/share/colcon-core/packages/my_robot_bringup)
[0.462s] Level 1:colcon.colcon_core.environment:create_environment_scripts_only(my_robot_navigation)
[0.463s] Level 1:colcon.colcon_core.environment:checking '/home/ketg/Desktop/amr_ws/install/my_robot_navigation' for CMake module files
[0.464s] DEBUG:colcon.colcon_core.event_handler.log_command:Invoked command in '/home/ketg/Desktop/amr_ws/build/my_robot_navigation' returned '0': CMAKE_PREFIX_PATH=${CMAKE_PREFIX_PATH}:/opt/ros/foxy /usr/bin/cmake --install /home/ketg/Desktop/amr_ws/build/my_robot_navigation
[0.464s] Level 1:colcon.colcon_core.environment:checking '/home/ketg/Desktop/amr_ws/install/my_robot_navigation' for CMake config files
[0.464s] Level 1:colcon.colcon_core.shell:create_environment_hook('my_robot_navigation', 'cmake_prefix_path')
[0.464s] INFO:colcon.colcon_core.shell:Creating environment hook '/home/ketg/Desktop/amr_ws/install/my_robot_navigation/share/my_robot_navigation/hook/cmake_prefix_path.ps1'
[0.464s] INFO:colcon.colcon_core.shell:Creating environment descriptor '/home/ketg/Desktop/amr_ws/install/my_robot_navigation/share/my_robot_navigation/hook/cmake_prefix_path.dsv'
[0.465s] INFO:colcon.colcon_core.shell:Creating environment hook '/home/ketg/Desktop/amr_ws/install/my_robot_navigation/share/my_robot_navigation/hook/cmake_prefix_path.sh'
[0.465s] Level 1:colcon.colcon_core.environment:checking '/home/ketg/Desktop/amr_ws/install/my_robot_navigation/bin'
[0.465s] Level 1:colcon.colcon_core.environment:checking '/home/ketg/Desktop/amr_ws/install/my_robot_navigation/lib/pkgconfig/my_robot_navigation.pc'
[0.465s] Level 1:colcon.colcon_core.environment:checking '/home/ketg/Desktop/amr_ws/install/my_robot_navigation/lib/python3.8/site-packages'
[0.466s] Level 1:colcon.colcon_core.environment:checking '/home/ketg/Desktop/amr_ws/install/my_robot_navigation/bin'
[0.466s] INFO:colcon.colcon_core.shell:Creating package script '/home/ketg/Desktop/amr_ws/install/my_robot_navigation/share/my_robot_navigation/package.ps1'
[0.466s] INFO:colcon.colcon_core.shell:Creating package descriptor '/home/ketg/Desktop/amr_ws/install/my_robot_navigation/share/my_robot_navigation/package.dsv'
[0.466s] INFO:colcon.colcon_core.shell:Creating package script '/home/ketg/Desktop/amr_ws/install/my_robot_navigation/share/my_robot_navigation/package.sh'
[0.467s] INFO:colcon.colcon_core.shell:Creating package script '/home/ketg/Desktop/amr_ws/install/my_robot_navigation/share/my_robot_navigation/package.bash'
[0.467s] INFO:colcon.colcon_core.shell:Creating package script '/home/ketg/Desktop/amr_ws/install/my_robot_navigation/share/my_robot_navigation/package.zsh'
[0.467s] Level 1:colcon.colcon_core.environment:create_file_with_runtime_dependencies(/home/ketg/Desktop/amr_ws/install/my_robot_navigation/share/colcon-core/packages/my_robot_navigation)
[0.468s] Level 1:colcon.colcon_core.environment:create_environment_scripts_only(my_robot_navigation)
[0.468s] Level 1:colcon.colcon_core.environment:checking '/home/ketg/Desktop/amr_ws/install/my_robot_navigation' for CMake module files
[0.468s] Level 1:colcon.colcon_core.environment:checking '/home/ketg/Desktop/amr_ws/install/my_robot_navigation' for CMake config files
[0.468s] Level 1:colcon.colcon_core.shell:create_environment_hook('my_robot_navigation', 'cmake_prefix_path')
[0.469s] INFO:colcon.colcon_core.shell:Creating environment hook '/home/ketg/Desktop/amr_ws/install/my_robot_navigation/share/my_robot_navigation/hook/cmake_prefix_path.ps1'
[0.469s] INFO:colcon.colcon_core.shell:Creating environment descriptor '/home/ketg/Desktop/amr_ws/install/my_robot_navigation/share/my_robot_navigation/hook/cmake_prefix_path.dsv'
[0.470s] INFO:colcon.colcon_core.shell:Creating environment hook '/home/ketg/Desktop/amr_ws/install/my_robot_navigation/share/my_robot_navigation/hook/cmake_prefix_path.sh'
[0.470s] Level 1:colcon.colcon_core.environment:checking '/home/ketg/Desktop/amr_ws/install/my_robot_navigation/bin'
[0.470s] Level 1:colcon.colcon_core.environment:checking '/home/ketg/Desktop/amr_ws/install/my_robot_navigation/lib/pkgconfig/my_robot_navigation.pc'
[0.470s] Level 1:colcon.colcon_core.environment:checking '/home/ketg/Desktop/amr_ws/install/my_robot_navigation/lib/python3.8/site-packages'
[0.470s] Level 1:colcon.colcon_core.environment:checking '/home/ketg/Desktop/amr_ws/install/my_robot_navigation/bin'
[0.471s] INFO:colcon.colcon_core.shell:Creating package script '/home/ketg/Desktop/amr_ws/install/my_robot_navigation/share/my_robot_navigation/package.ps1'
[0.471s] INFO:colcon.colcon_core.shell:Creating package descriptor '/home/ketg/Desktop/amr_ws/install/my_robot_navigation/share/my_robot_navigation/package.dsv'
[0.472s] INFO:colcon.colcon_core.shell:Creating package script '/home/ketg/Desktop/amr_ws/install/my_robot_navigation/share/my_robot_navigation/package.sh'
[0.472s] INFO:colcon.colcon_core.shell:Creating package script '/home/ketg/Desktop/amr_ws/install/my_robot_navigation/share/my_robot_navigation/package.bash'
[0.472s] INFO:colcon.colcon_core.shell:Creating package script '/home/ketg/Desktop/amr_ws/install/my_robot_navigation/share/my_robot_navigation/package.zsh'
[0.473s] Level 1:colcon.colcon_core.environment:create_file_with_runtime_dependencies(/home/ketg/Desktop/amr_ws/install/my_robot_navigation/share/colcon-core/packages/my_robot_navigation)
[0.473s] Level 1:colcon.colcon_core.environment:create_environment_scripts_only(my_robot_slam)
[0.473s] Level 1:colcon.colcon_core.environment:checking '/home/ketg/Desktop/amr_ws/install/my_robot_slam' for CMake module files
[0.474s] Level 1:colcon.colcon_core.environment:checking '/home/ketg/Desktop/amr_ws/install/my_robot_slam' for CMake config files
[0.474s] DEBUG:colcon.colcon_core.event_handler.log_command:Invoked command in '/home/ketg/Desktop/amr_ws/build/my_robot_slam' returned '0': CMAKE_PREFIX_PATH=${CMAKE_PREFIX_PATH}:/opt/ros/foxy /usr/bin/cmake --install /home/ketg/Desktop/amr_ws/build/my_robot_slam
[0.474s] Level 1:colcon.colcon_core.shell:create_environment_hook('my_robot_slam', 'cmake_prefix_path')
[0.475s] INFO:colcon.colcon_core.shell:Creating environment hook '/home/ketg/Desktop/amr_ws/install/my_robot_slam/share/my_robot_slam/hook/cmake_prefix_path.ps1'
[0.475s] INFO:colcon.colcon_core.shell:Creating environment descriptor '/home/ketg/Desktop/amr_ws/install/my_robot_slam/share/my_robot_slam/hook/cmake_prefix_path.dsv'
[0.475s] INFO:colcon.colcon_core.shell:Creating environment hook '/home/ketg/Desktop/amr_ws/install/my_robot_slam/share/my_robot_slam/hook/cmake_prefix_path.sh'
[0.476s] Level 1:colcon.colcon_core.environment:checking '/home/ketg/Desktop/amr_ws/install/my_robot_slam/bin'
[0.476s] Level 1:colcon.colcon_core.environment:checking '/home/ketg/Desktop/amr_ws/install/my_robot_slam/lib/pkgconfig/my_robot_slam.pc'
[0.476s] Level 1:colcon.colcon_core.environment:checking '/home/ketg/Desktop/amr_ws/install/my_robot_slam/lib/python3.8/site-packages'
[0.476s] Level 1:colcon.colcon_core.environment:checking '/home/ketg/Desktop/amr_ws/install/my_robot_slam/bin'
[0.476s] INFO:colcon.colcon_core.shell:Creating package script '/home/ketg/Desktop/amr_ws/install/my_robot_slam/share/my_robot_slam/package.ps1'
[0.477s] INFO:colcon.colcon_core.shell:Creating package descriptor '/home/ketg/Desktop/amr_ws/install/my_robot_slam/share/my_robot_slam/package.dsv'
[0.477s] INFO:colcon.colcon_core.shell:Creating package script '/home/ketg/Desktop/amr_ws/install/my_robot_slam/share/my_robot_slam/package.sh'
[0.478s] INFO:colcon.colcon_core.shell:Creating package script '/home/ketg/Desktop/amr_ws/install/my_robot_slam/share/my_robot_slam/package.bash'
[0.478s] INFO:colcon.colcon_core.shell:Creating package script '/home/ketg/Desktop/amr_ws/install/my_robot_slam/share/my_robot_slam/package.zsh'
[0.478s] Level 1:colcon.colcon_core.environment:create_file_with_runtime_dependencies(/home/ketg/Desktop/amr_ws/install/my_robot_slam/share/colcon-core/packages/my_robot_slam)
[0.479s] Level 1:colcon.colcon_core.environment:create_environment_scripts_only(my_robot_slam)
[0.479s] Level 1:colcon.colcon_core.environment:checking '/home/ketg/Desktop/amr_ws/install/my_robot_slam' for CMake module files
[0.479s] Level 1:colcon.colcon_core.environment:checking '/home/ketg/Desktop/amr_ws/install/my_robot_slam' for CMake config files
[0.480s] Level 1:colcon.colcon_core.shell:create_environment_hook('my_robot_slam', 'cmake_prefix_path')
[0.480s] INFO:colcon.colcon_core.shell:Creating environment hook '/home/ketg/Desktop/amr_ws/install/my_robot_slam/share/my_robot_slam/hook/cmake_prefix_path.ps1'
[0.480s] INFO:colcon.colcon_core.shell:Creating environment descriptor '/home/ketg/Desktop/amr_ws/install/my_robot_slam/share/my_robot_slam/hook/cmake_prefix_path.dsv'
[0.480s] INFO:colcon.colcon_core.shell:Creating environment hook '/home/ketg/Desktop/amr_ws/install/my_robot_slam/share/my_robot_slam/hook/cmake_prefix_path.sh'
[0.481s] Level 1:colcon.colcon_core.environment:checking '/home/ketg/Desktop/amr_ws/install/my_robot_slam/bin'
[0.481s] Level 1:colcon.colcon_core.environment:checking '/home/ketg/Desktop/amr_ws/install/my_robot_slam/lib/pkgconfig/my_robot_slam.pc'
[0.481s] Level 1:colcon.colcon_core.environment:checking '/home/ketg/Desktop/amr_ws/install/my_robot_slam/lib/python3.8/site-packages'
[0.481s] Level 1:colcon.colcon_core.environment:checking '/home/ketg/Desktop/amr_ws/install/my_robot_slam/bin'
[0.481s] INFO:colcon.colcon_core.shell:Creating package script '/home/ketg/Desktop/amr_ws/install/my_robot_slam/share/my_robot_slam/package.ps1'
[0.482s] INFO:colcon.colcon_core.shell:Creating package descriptor '/home/ketg/Desktop/amr_ws/install/my_robot_slam/share/my_robot_slam/package.dsv'
[0.482s] INFO:colcon.colcon_core.shell:Creating package script '/home/ketg/Desktop/amr_ws/install/my_robot_slam/share/my_robot_slam/package.sh'
[0.483s] INFO:colcon.colcon_core.shell:Creating package script '/home/ketg/Desktop/amr_ws/install/my_robot_slam/share/my_robot_slam/package.bash'
[0.483s] INFO:colcon.colcon_core.shell:Creating package script '/home/ketg/Desktop/amr_ws/install/my_robot_slam/share/my_robot_slam/package.zsh'
[0.483s] Level 1:colcon.colcon_core.environment:create_file_with_runtime_dependencies(/home/ketg/Desktop/amr_ws/install/my_robot_slam/share/colcon-core/packages/my_robot_slam)
[0.483s] Level 1:colcon.colcon_core.environment:create_environment_scripts_only(my_robot_description)
[0.484s] Level 1:colcon.colcon_core.environment:checking '/home/ketg/Desktop/amr_ws/install/my_robot_description' for CMake module files
[0.484s] Level 1:colcon.colcon_core.environment:checking '/home/ketg/Desktop/amr_ws/install/my_robot_description' for CMake config files
[0.485s] DEBUG:colcon.colcon_core.event_handler.log_command:Invoked command in '/home/ketg/Desktop/amr_ws/build/my_robot_description' returned '0': CMAKE_PREFIX_PATH=${CMAKE_PREFIX_PATH}:/opt/ros/foxy /usr/bin/cmake --install /home/ketg/Desktop/amr_ws/build/my_robot_description
[0.485s] Level 1:colcon.colcon_core.shell:create_environment_hook('my_robot_description', 'cmake_prefix_path')
[0.485s] INFO:colcon.colcon_core.shell:Creating environment hook '/home/ketg/Desktop/amr_ws/install/my_robot_description/share/my_robot_description/hook/cmake_prefix_path.ps1'
[0.486s] INFO:colcon.colcon_core.shell:Creating environment descriptor '/home/ketg/Desktop/amr_ws/install/my_robot_description/share/my_robot_description/hook/cmake_prefix_path.dsv'
[0.486s] INFO:colcon.colcon_core.shell:Creating environment hook '/home/ketg/Desktop/amr_ws/install/my_robot_description/share/my_robot_description/hook/cmake_prefix_path.sh'
[0.487s] Level 1:colcon.colcon_core.environment:checking '/home/ketg/Desktop/amr_ws/install/my_robot_description/bin'
[0.487s] Level 1:colcon.colcon_core.environment:checking '/home/ketg/Desktop/amr_ws/install/my_robot_description/lib/pkgconfig/my_robot_description.pc'
[0.487s] Level 1:colcon.colcon_core.environment:checking '/home/ketg/Desktop/amr_ws/install/my_robot_description/lib/python3.8/site-packages'
[0.487s] Level 1:colcon.colcon_core.environment:checking '/home/ketg/Desktop/amr_ws/install/my_robot_description/bin'
[0.487s] INFO:colcon.colcon_core.shell:Creating package script '/home/ketg/Desktop/amr_ws/install/my_robot_description/share/my_robot_description/package.ps1'
[0.488s] INFO:colcon.colcon_core.shell:Creating package descriptor '/home/ketg/Desktop/amr_ws/install/my_robot_description/share/my_robot_description/package.dsv'
[0.488s] INFO:colcon.colcon_core.shell:Creating package script '/home/ketg/Desktop/amr_ws/install/my_robot_description/share/my_robot_description/package.sh'
[0.488s] INFO:colcon.colcon_core.shell:Creating package script '/home/ketg/Desktop/amr_ws/install/my_robot_description/share/my_robot_description/package.bash'
[0.489s] INFO:colcon.colcon_core.shell:Creating package script '/home/ketg/Desktop/amr_ws/install/my_robot_description/share/my_robot_description/package.zsh'
[0.489s] Level 1:colcon.colcon_core.environment:create_file_with_runtime_dependencies(/home/ketg/Desktop/amr_ws/install/my_robot_description/share/colcon-core/packages/my_robot_description)
[0.490s] Level 1:colcon.colcon_core.environment:create_environment_scripts_only(my_robot_description)
[0.490s] Level 1:colcon.colcon_core.environment:checking '/home/ketg/Desktop/amr_ws/install/my_robot_description' for CMake module files
[0.490s] Level 1:colcon.colcon_core.environment:checking '/home/ketg/Desktop/amr_ws/install/my_robot_description' for CMake config files
[0.490s] Level 1:colcon.colcon_core.shell:create_environment_hook('my_robot_description', 'cmake_prefix_path')
[0.491s] INFO:colcon.colcon_core.shell:Creating environment hook '/home/ketg/Desktop/amr_ws/install/my_robot_description/share/my_robot_description/hook/cmake_prefix_path.ps1'
[0.491s] INFO:colcon.colcon_core.shell:Creating environment descriptor '/home/ketg/Desktop/amr_ws/install/my_robot_description/share/my_robot_description/hook/cmake_prefix_path.dsv'
[0.491s] INFO:colcon.colcon_core.shell:Creating environment hook '/home/ketg/Desktop/amr_ws/install/my_robot_description/share/my_robot_description/hook/cmake_prefix_path.sh'
[0.492s] Level 1:colcon.colcon_core.environment:checking '/home/ketg/Desktop/amr_ws/install/my_robot_description/bin'
[0.492s] Level 1:colcon.colcon_core.environment:checking '/home/ketg/Desktop/amr_ws/install/my_robot_description/lib/pkgconfig/my_robot_description.pc'
[0.492s] Level 1:colcon.colcon_core.environment:checking '/home/ketg/Desktop/amr_ws/install/my_robot_description/lib/python3.8/site-packages'
[0.492s] Level 1:colcon.colcon_core.environment:checking '/home/ketg/Desktop/amr_ws/install/my_robot_description/bin'
[0.492s] INFO:colcon.colcon_core.shell:Creating package script '/home/ketg/Desktop/amr_ws/install/my_robot_description/share/my_robot_description/package.ps1'
[0.493s] INFO:colcon.colcon_core.shell:Creating package descriptor '/home/ketg/Desktop/amr_ws/install/my_robot_description/share/my_robot_description/package.dsv'
[0.493s] INFO:colcon.colcon_core.shell:Creating package script '/home/ketg/Desktop/amr_ws/install/my_robot_description/share/my_robot_description/package.sh'
[0.493s] INFO:colcon.colcon_core.shell:Creating package script '/home/ketg/Desktop/amr_ws/install/my_robot_description/share/my_robot_description/package.bash'
[0.494s] INFO:colcon.colcon_core.shell:Creating package script '/home/ketg/Desktop/amr_ws/install/my_robot_description/share/my_robot_description/package.zsh'
[0.494s] Level 1:colcon.colcon_core.environment:create_file_with_runtime_dependencies(/home/ketg/Desktop/amr_ws/install/my_robot_description/share/colcon-core/packages/my_robot_description)
[0.494s] DEBUG:colcon.colcon_parallel_executor.executor.parallel:closing loop
[0.494s] DEBUG:colcon.colcon_parallel_executor.executor.parallel:loop closed
[0.495s] DEBUG:colcon.colcon_parallel_executor.executor.parallel:run_until_complete finished with '0'
[0.495s] DEBUG:colcon.colcon_core.event_reactor:joining thread
[0.499s] INFO:colcon.colcon_core.plugin_system:Skipping extension 'colcon_notification.desktop_notification.terminal_notifier': Not used on non-Darwin systems
[0.499s] INFO:colcon.colcon_core.plugin_system:Skipping extension 'colcon_notification.desktop_notification.win32': Not used on non-Windows systems
[0.499s] INFO:colcon.colcon_notification.desktop_notification:Sending desktop notification using 'notify2'
[0.511s] DEBUG:colcon.colcon_core.event_reactor:joined thread
[0.511s] INFO:colcon.colcon_core.shell:Creating prefix script '/home/ketg/Desktop/amr_ws/install/local_setup.ps1'
[0.512s] INFO:colcon.colcon_core.shell:Creating prefix util module '/home/ketg/Desktop/amr_ws/install/_local_setup_util_ps1.py'
[0.513s] INFO:colcon.colcon_core.shell:Creating prefix chain script '/home/ketg/Desktop/amr_ws/install/setup.ps1'
[0.514s] INFO:colcon.colcon_core.shell:Creating prefix script '/home/ketg/Desktop/amr_ws/install/local_setup.sh'
[0.515s] INFO:colcon.colcon_core.shell:Creating prefix util module '/home/ketg/Desktop/amr_ws/install/_local_setup_util_sh.py'
[0.516s] INFO:colcon.colcon_core.shell:Creating prefix chain script '/home/ketg/Desktop/amr_ws/install/setup.sh'
[0.517s] INFO:colcon.colcon_core.shell:Creating prefix script '/home/ketg/Desktop/amr_ws/install/local_setup.bash'
[0.518s] INFO:colcon.colcon_core.shell:Creating prefix chain script '/home/ketg/Desktop/amr_ws/install/setup.bash'
[0.519s] INFO:colcon.colcon_core.shell:Creating prefix script '/home/ketg/Desktop/amr_ws/install/local_setup.zsh'
[0.519s] INFO:colcon.colcon_core.shell:Creating prefix chain script '/home/ketg/Desktop/amr_ws/install/setup.zsh'
