[0.025s] Invoking command in '/home/ketg/Desktop/amr_ws/build/my_robot_description': CMAKE_PREFIX_PATH=/opt/ros/foxy /usr/bin/cmake /home/ketg/Desktop/amr_ws/src/my_robot_description -DCMAKE_INSTALL_PREFIX=/home/ketg/Desktop/amr_ws/install/my_robot_description
[0.148s] -- The C compiler identification is GNU 9.4.0
[0.249s] -- The CXX compiler identification is GNU 9.4.0
[0.255s] -- Check for working C compiler: /usr/bin/cc
[0.319s] -- Check for working C compiler: /usr/bin/cc -- works
[0.320s] -- Detecting C compiler ABI info
[0.383s] -- Detecting C compiler ABI info - done
[0.392s] -- Detecting C compile features
[0.393s] -- Detecting C compile features - done
[0.395s] -- Check for working CXX compiler: /usr/bin/c++
[0.463s] -- Check for working CXX compiler: /usr/bin/c++ -- works
[0.464s] -- Detecting CXX compiler ABI info
[0.535s] -- Detecting CXX compiler ABI info - done
[0.552s] -- Detecting CXX compile features
[0.553s] -- Detecting CXX compile features - done
[0.554s] -- Found ament_cmake: 0.9.12 (/opt/ros/foxy/share/ament_cmake/cmake)
[0.577s] -- Found PythonInterp: /usr/bin/python3 (found suitable version "3.8.10", minimum required is "3") 
[0.577s] -- Using PYTHON_EXECUTABLE: /usr/bin/python3
[0.769s] -- Found ament_lint_auto: 0.9.8 (/opt/ros/foxy/share/ament_lint_auto/cmake)
[0.847s] -- Added test 'copyright' to check source files copyright and LICENSE
[0.850s] -- Added test 'lint_cmake' to check CMake code style
[0.851s] -- Added test 'xmllint' to check XML markup files
[0.853s] -- Configuring done
[0.855s] -- Generating done
[0.858s] -- Build files have been written to: /home/ketg/Desktop/amr_ws/build/my_robot_description
[0.867s] Invoked command in '/home/ketg/Desktop/amr_ws/build/my_robot_description' returned '0': CMAKE_PREFIX_PATH=/opt/ros/foxy /usr/bin/cmake /home/ketg/Desktop/amr_ws/src/my_robot_description -DCMAKE_INSTALL_PREFIX=/home/ketg/Desktop/amr_ws/install/my_robot_description
[0.870s] Invoking command in '/home/ketg/Desktop/amr_ws/build/my_robot_description': CMAKE_PREFIX_PATH=/opt/ros/foxy /usr/bin/cmake --build /home/ketg/Desktop/amr_ws/build/my_robot_description -- -j8 -l8
[0.922s] Invoked command in '/home/ketg/Desktop/amr_ws/build/my_robot_description' returned '0': CMAKE_PREFIX_PATH=/opt/ros/foxy /usr/bin/cmake --build /home/ketg/Desktop/amr_ws/build/my_robot_description -- -j8 -l8
[0.923s] Invoking command in '/home/ketg/Desktop/amr_ws/build/my_robot_description': CMAKE_PREFIX_PATH=/opt/ros/foxy /usr/bin/cmake --install /home/ketg/Desktop/amr_ws/build/my_robot_description
[0.927s] -- Install configuration: ""
[0.927s] -- Installing: /home/ketg/Desktop/amr_ws/install/my_robot_description/share/ament_index/resource_index/package_run_dependencies/my_robot_description
[0.928s] -- Installing: /home/ketg/Desktop/amr_ws/install/my_robot_description/share/ament_index/resource_index/parent_prefix_path/my_robot_description
[0.928s] -- Installing: /home/ketg/Desktop/amr_ws/install/my_robot_description/share/my_robot_description/environment/ament_prefix_path.sh
[0.928s] -- Installing: /home/ketg/Desktop/amr_ws/install/my_robot_description/share/my_robot_description/environment/ament_prefix_path.dsv
[0.928s] -- Installing: /home/ketg/Desktop/amr_ws/install/my_robot_description/share/my_robot_description/environment/path.sh
[0.928s] -- Installing: /home/ketg/Desktop/amr_ws/install/my_robot_description/share/my_robot_description/environment/path.dsv
[0.928s] -- Installing: /home/ketg/Desktop/amr_ws/install/my_robot_description/share/my_robot_description/local_setup.bash
[0.928s] -- Installing: /home/ketg/Desktop/amr_ws/install/my_robot_description/share/my_robot_description/local_setup.sh
[0.928s] -- Installing: /home/ketg/Desktop/amr_ws/install/my_robot_description/share/my_robot_description/local_setup.zsh
[0.928s] -- Installing: /home/ketg/Desktop/amr_ws/install/my_robot_description/share/my_robot_description/local_setup.dsv
[0.928s] -- Installing: /home/ketg/Desktop/amr_ws/install/my_robot_description/share/my_robot_description/package.dsv
[0.928s] -- Installing: /home/ketg/Desktop/amr_ws/install/my_robot_description/share/ament_index/resource_index/packages/my_robot_description
[0.928s] -- Installing: /home/ketg/Desktop/amr_ws/install/my_robot_description/share/my_robot_description/cmake/my_robot_descriptionConfig.cmake
[0.928s] -- Installing: /home/ketg/Desktop/amr_ws/install/my_robot_description/share/my_robot_description/cmake/my_robot_descriptionConfig-version.cmake
[0.928s] -- Installing: /home/ketg/Desktop/amr_ws/install/my_robot_description/share/my_robot_description/package.xml
[0.965s] Invoked command in '/home/ketg/Desktop/amr_ws/build/my_robot_description' returned '0': CMAKE_PREFIX_PATH=/opt/ros/foxy /usr/bin/cmake --install /home/ketg/Desktop/amr_ws/build/my_robot_description
