[0.025s] Invoking command in '/home/ketg/Desktop/amr_ws/build/my_robot_navigation': CMAKE_PREFIX_PATH=${CMAKE_PREFIX_PATH}:/opt/ros/foxy /usr/bin/cmake --build /home/ketg/Desktop/amr_ws/build/my_robot_navigation -- -j8 -l8
[0.082s] Invoked command in '/home/ketg/Desktop/amr_ws/build/my_robot_navigation' returned '0': CMAKE_PREFIX_PATH=${CMAKE_PREFIX_PATH}:/opt/ros/foxy /usr/bin/cmake --build /home/ketg/Desktop/amr_ws/build/my_robot_navigation -- -j8 -l8
[0.084s] Invoking command in '/home/ketg/Desktop/amr_ws/build/my_robot_navigation': CMAKE_PREFIX_PATH=${CMAKE_PREFIX_PATH}:/opt/ros/foxy /usr/bin/cmake --install /home/ketg/Desktop/amr_ws/build/my_robot_navigation
[0.088s] -- Install configuration: ""
[0.088s] -- Up-to-date: /home/ketg/Desktop/amr_ws/install/my_robot_navigation/share/ament_index/resource_index/package_run_dependencies/my_robot_navigation
[0.088s] -- Up-to-date: /home/ketg/Desktop/amr_ws/install/my_robot_navigation/share/ament_index/resource_index/parent_prefix_path/my_robot_navigation
[0.088s] -- Up-to-date: /home/ketg/Desktop/amr_ws/install/my_robot_navigation/share/my_robot_navigation/environment/ament_prefix_path.sh
[0.088s] -- Up-to-date: /home/ketg/Desktop/amr_ws/install/my_robot_navigation/share/my_robot_navigation/environment/ament_prefix_path.dsv
[0.088s] -- Up-to-date: /home/ketg/Desktop/amr_ws/install/my_robot_navigation/share/my_robot_navigation/environment/path.sh
[0.088s] -- Up-to-date: /home/ketg/Desktop/amr_ws/install/my_robot_navigation/share/my_robot_navigation/environment/path.dsv
[0.088s] -- Up-to-date: /home/ketg/Desktop/amr_ws/install/my_robot_navigation/share/my_robot_navigation/local_setup.bash
[0.089s] -- Up-to-date: /home/ketg/Desktop/amr_ws/install/my_robot_navigation/share/my_robot_navigation/local_setup.sh
[0.089s] -- Up-to-date: /home/ketg/Desktop/amr_ws/install/my_robot_navigation/share/my_robot_navigation/local_setup.zsh
[0.089s] -- Up-to-date: /home/ketg/Desktop/amr_ws/install/my_robot_navigation/share/my_robot_navigation/local_setup.dsv
[0.089s] -- Installing: /home/ketg/Desktop/amr_ws/install/my_robot_navigation/share/my_robot_navigation/package.dsv
[0.089s] -- Up-to-date: /home/ketg/Desktop/amr_ws/install/my_robot_navigation/share/ament_index/resource_index/packages/my_robot_navigation
[0.089s] -- Up-to-date: /home/ketg/Desktop/amr_ws/install/my_robot_navigation/share/my_robot_navigation/cmake/my_robot_navigationConfig.cmake
[0.089s] -- Up-to-date: /home/ketg/Desktop/amr_ws/install/my_robot_navigation/share/my_robot_navigation/cmake/my_robot_navigationConfig-version.cmake
[0.089s] -- Up-to-date: /home/ketg/Desktop/amr_ws/install/my_robot_navigation/share/my_robot_navigation/package.xml
[0.125s] Invoked command in '/home/ketg/Desktop/amr_ws/build/my_robot_navigation' returned '0': CMAKE_PREFIX_PATH=${CMAKE_PREFIX_PATH}:/opt/ros/foxy /usr/bin/cmake --install /home/ketg/Desktop/amr_ws/build/my_robot_navigation
