[0.132s] DEBUG:colcon:Command line arguments: ['/usr/bin/colcon', 'build']
[0.132s] DEBUG:colcon:Parsed command line arguments: Namespace(log_base=None, log_level=None, verb_name='build', build_base='build', install_base='install', merge_install=False, symlink_install=False, test_result_base=None, continue_on_error=False, executor='parallel', parallel_workers=8, event_handlers=None, ignore_user_meta=False, metas=['./colcon.meta'], base_paths=['.'], packages_ignore=None, packages_ignore_regex=None, paths=None, packages_up_to=None, packages_up_to_regex=None, packages_above=None, packages_above_and_dependencies=None, packages_above_depth=None, packages_select_by_dep=None, packages_skip_by_dep=None, packages_skip_up_to=None, packages_select_build_failed=False, packages_skip_build_finished=False, packages_select_test_failures=False, packages_skip_test_passed=False, packages_select=None, packages_skip=None, packages_select_regex=None, packages_skip_regex=None, packages_start=None, packages_end=None, allow_overriding=[], cmake_args=None, cmake_target=None, cmake_target_skip_unavailable=False, cmake_clean_cache=False, cmake_clean_first=False, cmake_force_configure=False, ament_cmake_args=None, catkin_cmake_args=None, catkin_skip_building_tests=False, mixin_files=None, mixin=None, verb_parser=<colcon_mixin.mixin.mixin_argument.MixinArgumentDecorator object at 0x7f3b8b807970>, verb_extension=<colcon_core.verb.build.BuildVerb object at 0x7f3b8b804880>, main=<bound method BuildVerb.main of <colcon_core.verb.build.BuildVerb object at 0x7f3b8b804880>>, mixin_verb=('build',))
[0.270s] Level 1:colcon.colcon_core.package_discovery:discover_packages(colcon_meta) check parameters
[0.270s] Level 1:colcon.colcon_core.package_discovery:discover_packages(recursive) check parameters
[0.270s] Level 1:colcon.colcon_core.package_discovery:discover_packages(ignore) check parameters
[0.270s] Level 1:colcon.colcon_core.package_discovery:discover_packages(path) check parameters
[0.270s] Level 1:colcon.colcon_core.package_discovery:discover_packages(colcon_meta) discover
[0.270s] Level 1:colcon.colcon_core.package_discovery:discover_packages(recursive) discover
[0.270s] INFO:colcon.colcon_core.package_discovery:Crawling recursively for packages in '/home/ketg/Desktop/amr_ws'
[0.270s] Level 1:colcon.colcon_core.package_identification:_identify(.) by extensions ['ignore', 'ignore_ament_install']
[0.270s] Level 1:colcon.colcon_core.package_identification:_identify(.) by extension 'ignore'
[0.270s] Level 1:colcon.colcon_core.package_identification:_identify(.) by extension 'ignore_ament_install'
[0.270s] Level 1:colcon.colcon_core.package_identification:_identify(.) by extensions ['colcon_pkg']
[0.270s] Level 1:colcon.colcon_core.package_identification:_identify(.) by extension 'colcon_pkg'
[0.270s] Level 1:colcon.colcon_core.package_identification:_identify(.) by extensions ['colcon_meta']
[0.270s] Level 1:colcon.colcon_core.package_identification:_identify(.) by extension 'colcon_meta'
[0.270s] Level 1:colcon.colcon_core.package_identification:_identify(.) by extensions ['ros']
[0.270s] Level 1:colcon.colcon_core.package_identification:_identify(.) by extension 'ros'
[0.283s] Level 1:colcon.colcon_core.package_identification:_identify(.) by extensions ['cmake', 'python']
[0.283s] Level 1:colcon.colcon_core.package_identification:_identify(.) by extension 'cmake'
[0.283s] Level 1:colcon.colcon_core.package_identification:_identify(.) by extension 'python'
[0.283s] Level 1:colcon.colcon_core.package_identification:_identify(.) by extensions ['python_setup_py']
[0.283s] Level 1:colcon.colcon_core.package_identification:_identify(.) by extension 'python_setup_py'
[0.283s] Level 1:colcon.colcon_core.package_identification:_identify(build) by extensions ['ignore', 'ignore_ament_install']
[0.283s] Level 1:colcon.colcon_core.package_identification:_identify(build) by extension 'ignore'
[0.283s] Level 1:colcon.colcon_core.package_identification:_identify(build) ignored
[0.284s] Level 1:colcon.colcon_core.package_identification:_identify(install) by extensions ['ignore', 'ignore_ament_install']
[0.284s] Level 1:colcon.colcon_core.package_identification:_identify(install) by extension 'ignore'
[0.284s] Level 1:colcon.colcon_core.package_identification:_identify(install) ignored
[0.284s] Level 1:colcon.colcon_core.package_identification:_identify(log) by extensions ['ignore', 'ignore_ament_install']
[0.284s] Level 1:colcon.colcon_core.package_identification:_identify(log) by extension 'ignore'
[0.284s] Level 1:colcon.colcon_core.package_identification:_identify(log) ignored
[0.284s] Level 1:colcon.colcon_core.package_identification:_identify(src) by extensions ['ignore', 'ignore_ament_install']
[0.284s] Level 1:colcon.colcon_core.package_identification:_identify(src) by extension 'ignore'
[0.284s] Level 1:colcon.colcon_core.package_identification:_identify(src) by extension 'ignore_ament_install'
[0.284s] Level 1:colcon.colcon_core.package_identification:_identify(src) by extensions ['colcon_pkg']
[0.284s] Level 1:colcon.colcon_core.package_identification:_identify(src) by extension 'colcon_pkg'
[0.284s] Level 1:colcon.colcon_core.package_identification:_identify(src) by extensions ['colcon_meta']
[0.284s] Level 1:colcon.colcon_core.package_identification:_identify(src) by extension 'colcon_meta'
[0.284s] Level 1:colcon.colcon_core.package_identification:_identify(src) by extensions ['ros']
[0.284s] Level 1:colcon.colcon_core.package_identification:_identify(src) by extension 'ros'
[0.284s] Level 1:colcon.colcon_core.package_identification:_identify(src) by extensions ['cmake', 'python']
[0.284s] Level 1:colcon.colcon_core.package_identification:_identify(src) by extension 'cmake'
[0.284s] Level 1:colcon.colcon_core.package_identification:_identify(src) by extension 'python'
[0.284s] Level 1:colcon.colcon_core.package_identification:_identify(src) by extensions ['python_setup_py']
[0.284s] Level 1:colcon.colcon_core.package_identification:_identify(src) by extension 'python_setup_py'
[0.285s] Level 1:colcon.colcon_core.package_identification:_identify(src/my_robot_bringup) by extensions ['ignore', 'ignore_ament_install']
[0.285s] Level 1:colcon.colcon_core.package_identification:_identify(src/my_robot_bringup) by extension 'ignore'
[0.285s] Level 1:colcon.colcon_core.package_identification:_identify(src/my_robot_bringup) by extension 'ignore_ament_install'
[0.285s] Level 1:colcon.colcon_core.package_identification:_identify(src/my_robot_bringup) by extensions ['colcon_pkg']
[0.285s] Level 1:colcon.colcon_core.package_identification:_identify(src/my_robot_bringup) by extension 'colcon_pkg'
[0.285s] Level 1:colcon.colcon_core.package_identification:_identify(src/my_robot_bringup) by extensions ['colcon_meta']
[0.285s] Level 1:colcon.colcon_core.package_identification:_identify(src/my_robot_bringup) by extension 'colcon_meta'
[0.285s] Level 1:colcon.colcon_core.package_identification:_identify(src/my_robot_bringup) by extensions ['ros']
[0.285s] Level 1:colcon.colcon_core.package_identification:_identify(src/my_robot_bringup) by extension 'ros'
[0.287s] DEBUG:colcon.colcon_core.package_identification:Package 'src/my_robot_bringup' with type 'ros.ament_cmake' and name 'my_robot_bringup'
[0.287s] Level 1:colcon.colcon_core.package_identification:_identify(src/my_robot_description) by extensions ['ignore', 'ignore_ament_install']
[0.287s] Level 1:colcon.colcon_core.package_identification:_identify(src/my_robot_description) by extension 'ignore'
[0.287s] Level 1:colcon.colcon_core.package_identification:_identify(src/my_robot_description) by extension 'ignore_ament_install'
[0.287s] Level 1:colcon.colcon_core.package_identification:_identify(src/my_robot_description) by extensions ['colcon_pkg']
[0.287s] Level 1:colcon.colcon_core.package_identification:_identify(src/my_robot_description) by extension 'colcon_pkg'
[0.287s] Level 1:colcon.colcon_core.package_identification:_identify(src/my_robot_description) by extensions ['colcon_meta']
[0.287s] Level 1:colcon.colcon_core.package_identification:_identify(src/my_robot_description) by extension 'colcon_meta'
[0.287s] Level 1:colcon.colcon_core.package_identification:_identify(src/my_robot_description) by extensions ['ros']
[0.287s] Level 1:colcon.colcon_core.package_identification:_identify(src/my_robot_description) by extension 'ros'
[0.288s] DEBUG:colcon.colcon_core.package_identification:Package 'src/my_robot_description' with type 'ros.ament_cmake' and name 'my_robot_description'
[0.288s] Level 1:colcon.colcon_core.package_identification:_identify(src/my_robot_navigation) by extensions ['ignore', 'ignore_ament_install']
[0.288s] Level 1:colcon.colcon_core.package_identification:_identify(src/my_robot_navigation) by extension 'ignore'
[0.288s] Level 1:colcon.colcon_core.package_identification:_identify(src/my_robot_navigation) by extension 'ignore_ament_install'
[0.288s] Level 1:colcon.colcon_core.package_identification:_identify(src/my_robot_navigation) by extensions ['colcon_pkg']
[0.288s] Level 1:colcon.colcon_core.package_identification:_identify(src/my_robot_navigation) by extension 'colcon_pkg'
[0.288s] Level 1:colcon.colcon_core.package_identification:_identify(src/my_robot_navigation) by extensions ['colcon_meta']
[0.288s] Level 1:colcon.colcon_core.package_identification:_identify(src/my_robot_navigation) by extension 'colcon_meta'
[0.288s] Level 1:colcon.colcon_core.package_identification:_identify(src/my_robot_navigation) by extensions ['ros']
[0.288s] Level 1:colcon.colcon_core.package_identification:_identify(src/my_robot_navigation) by extension 'ros'
[0.289s] DEBUG:colcon.colcon_core.package_identification:Package 'src/my_robot_navigation' with type 'ros.ament_cmake' and name 'my_robot_navigation'
[0.289s] Level 1:colcon.colcon_core.package_identification:_identify(src/my_robot_slam) by extensions ['ignore', 'ignore_ament_install']
[0.289s] Level 1:colcon.colcon_core.package_identification:_identify(src/my_robot_slam) by extension 'ignore'
[0.289s] Level 1:colcon.colcon_core.package_identification:_identify(src/my_robot_slam) by extension 'ignore_ament_install'
[0.289s] Level 1:colcon.colcon_core.package_identification:_identify(src/my_robot_slam) by extensions ['colcon_pkg']
[0.289s] Level 1:colcon.colcon_core.package_identification:_identify(src/my_robot_slam) by extension 'colcon_pkg'
[0.289s] Level 1:colcon.colcon_core.package_identification:_identify(src/my_robot_slam) by extensions ['colcon_meta']
[0.289s] Level 1:colcon.colcon_core.package_identification:_identify(src/my_robot_slam) by extension 'colcon_meta'
[0.289s] Level 1:colcon.colcon_core.package_identification:_identify(src/my_robot_slam) by extensions ['ros']
[0.289s] Level 1:colcon.colcon_core.package_identification:_identify(src/my_robot_slam) by extension 'ros'
[0.289s] DEBUG:colcon.colcon_core.package_identification:Package 'src/my_robot_slam' with type 'ros.ament_cmake' and name 'my_robot_slam'
[0.289s] Level 1:colcon.colcon_core.package_identification:_identify(src/roboteq_ros2_driver) by extensions ['ignore', 'ignore_ament_install']
[0.290s] Level 1:colcon.colcon_core.package_identification:_identify(src/roboteq_ros2_driver) by extension 'ignore'
[0.290s] Level 1:colcon.colcon_core.package_identification:_identify(src/roboteq_ros2_driver) by extension 'ignore_ament_install'
[0.290s] Level 1:colcon.colcon_core.package_identification:_identify(src/roboteq_ros2_driver) by extensions ['colcon_pkg']
[0.290s] Level 1:colcon.colcon_core.package_identification:_identify(src/roboteq_ros2_driver) by extension 'colcon_pkg'
[0.290s] Level 1:colcon.colcon_core.package_identification:_identify(src/roboteq_ros2_driver) by extensions ['colcon_meta']
[0.290s] Level 1:colcon.colcon_core.package_identification:_identify(src/roboteq_ros2_driver) by extension 'colcon_meta'
[0.290s] Level 1:colcon.colcon_core.package_identification:_identify(src/roboteq_ros2_driver) by extensions ['ros']
[0.290s] Level 1:colcon.colcon_core.package_identification:_identify(src/roboteq_ros2_driver) by extension 'ros'
[0.291s] DEBUG:colcon.colcon_core.package_identification:Package 'src/roboteq_ros2_driver' with type 'ros.ament_cmake' and name 'roboteq_ros2_driver'
[0.291s] Level 1:colcon.colcon_core.package_identification:_identify(src/serial) by extensions ['ignore', 'ignore_ament_install']
[0.291s] Level 1:colcon.colcon_core.package_identification:_identify(src/serial) by extension 'ignore'
[0.291s] Level 1:colcon.colcon_core.package_identification:_identify(src/serial) by extension 'ignore_ament_install'
[0.291s] Level 1:colcon.colcon_core.package_identification:_identify(src/serial) by extensions ['colcon_pkg']
[0.291s] Level 1:colcon.colcon_core.package_identification:_identify(src/serial) by extension 'colcon_pkg'
[0.291s] Level 1:colcon.colcon_core.package_identification:_identify(src/serial) by extensions ['colcon_meta']
[0.291s] Level 1:colcon.colcon_core.package_identification:_identify(src/serial) by extension 'colcon_meta'
[0.291s] Level 1:colcon.colcon_core.package_identification:_identify(src/serial) by extensions ['ros']
[0.291s] Level 1:colcon.colcon_core.package_identification:_identify(src/serial) by extension 'ros'
[0.291s] DEBUG:colcon.colcon_core.package_identification:Package 'src/serial' with type 'ros.ament_cmake' and name 'serial'
[0.291s] Level 1:colcon.colcon_core.package_discovery:discover_packages(recursive) using defaults
[0.291s] Level 1:colcon.colcon_core.package_discovery:discover_packages(ignore) discover
[0.291s] Level 1:colcon.colcon_core.package_discovery:discover_packages(ignore) using defaults
[0.291s] Level 1:colcon.colcon_core.package_discovery:discover_packages(path) discover
[0.291s] Level 1:colcon.colcon_core.package_discovery:discover_packages(path) using defaults
[0.319s] Level 1:colcon.colcon_core.package_discovery:discover_packages(prefix_path) check parameters
[0.319s] Level 1:colcon.colcon_core.package_discovery:discover_packages(prefix_path) discover
[0.322s] DEBUG:colcon.colcon_installed_package_information.package_discovery:Found 6 installed packages in /home/ketg/Desktop/amr_ws/install
[0.323s] DEBUG:colcon.colcon_installed_package_information.package_discovery:Found 321 installed packages in /opt/ros/humble
[0.324s] Level 1:colcon.colcon_core.package_discovery:discover_packages(prefix_path) using defaults
[0.356s] Level 5:colcon.colcon_core.verb:set package 'my_robot_bringup' build argument 'cmake_args' from command line to 'None'
[0.356s] Level 5:colcon.colcon_core.verb:set package 'my_robot_bringup' build argument 'cmake_target' from command line to 'None'
[0.356s] Level 5:colcon.colcon_core.verb:set package 'my_robot_bringup' build argument 'cmake_target_skip_unavailable' from command line to 'False'
[0.356s] Level 5:colcon.colcon_core.verb:set package 'my_robot_bringup' build argument 'cmake_clean_cache' from command line to 'False'
[0.356s] Level 5:colcon.colcon_core.verb:set package 'my_robot_bringup' build argument 'cmake_clean_first' from command line to 'False'
[0.356s] Level 5:colcon.colcon_core.verb:set package 'my_robot_bringup' build argument 'cmake_force_configure' from command line to 'False'
[0.356s] Level 5:colcon.colcon_core.verb:set package 'my_robot_bringup' build argument 'ament_cmake_args' from command line to 'None'
[0.356s] Level 5:colcon.colcon_core.verb:set package 'my_robot_bringup' build argument 'catkin_cmake_args' from command line to 'None'
[0.356s] Level 5:colcon.colcon_core.verb:set package 'my_robot_bringup' build argument 'catkin_skip_building_tests' from command line to 'False'
[0.356s] DEBUG:colcon.colcon_core.verb:Building package 'my_robot_bringup' with the following arguments: {'ament_cmake_args': None, 'build_base': '/home/ketg/Desktop/amr_ws/build/my_robot_bringup', 'catkin_cmake_args': None, 'catkin_skip_building_tests': False, 'cmake_args': None, 'cmake_clean_cache': False, 'cmake_clean_first': False, 'cmake_force_configure': False, 'cmake_target': None, 'cmake_target_skip_unavailable': False, 'install_base': '/home/ketg/Desktop/amr_ws/install/my_robot_bringup', 'merge_install': False, 'path': '/home/ketg/Desktop/amr_ws/src/my_robot_bringup', 'symlink_install': False, 'test_result_base': None}
[0.356s] Level 5:colcon.colcon_core.verb:set package 'my_robot_description' build argument 'cmake_args' from command line to 'None'
[0.356s] Level 5:colcon.colcon_core.verb:set package 'my_robot_description' build argument 'cmake_target' from command line to 'None'
[0.356s] Level 5:colcon.colcon_core.verb:set package 'my_robot_description' build argument 'cmake_target_skip_unavailable' from command line to 'False'
[0.356s] Level 5:colcon.colcon_core.verb:set package 'my_robot_description' build argument 'cmake_clean_cache' from command line to 'False'
[0.356s] Level 5:colcon.colcon_core.verb:set package 'my_robot_description' build argument 'cmake_clean_first' from command line to 'False'
[0.356s] Level 5:colcon.colcon_core.verb:set package 'my_robot_description' build argument 'cmake_force_configure' from command line to 'False'
[0.357s] Level 5:colcon.colcon_core.verb:set package 'my_robot_description' build argument 'ament_cmake_args' from command line to 'None'
[0.357s] Level 5:colcon.colcon_core.verb:set package 'my_robot_description' build argument 'catkin_cmake_args' from command line to 'None'
[0.357s] Level 5:colcon.colcon_core.verb:set package 'my_robot_description' build argument 'catkin_skip_building_tests' from command line to 'False'
[0.357s] DEBUG:colcon.colcon_core.verb:Building package 'my_robot_description' with the following arguments: {'ament_cmake_args': None, 'build_base': '/home/ketg/Desktop/amr_ws/build/my_robot_description', 'catkin_cmake_args': None, 'catkin_skip_building_tests': False, 'cmake_args': None, 'cmake_clean_cache': False, 'cmake_clean_first': False, 'cmake_force_configure': False, 'cmake_target': None, 'cmake_target_skip_unavailable': False, 'install_base': '/home/ketg/Desktop/amr_ws/install/my_robot_description', 'merge_install': False, 'path': '/home/ketg/Desktop/amr_ws/src/my_robot_description', 'symlink_install': False, 'test_result_base': None}
[0.357s] Level 5:colcon.colcon_core.verb:set package 'my_robot_navigation' build argument 'cmake_args' from command line to 'None'
[0.357s] Level 5:colcon.colcon_core.verb:set package 'my_robot_navigation' build argument 'cmake_target' from command line to 'None'
[0.357s] Level 5:colcon.colcon_core.verb:set package 'my_robot_navigation' build argument 'cmake_target_skip_unavailable' from command line to 'False'
[0.357s] Level 5:colcon.colcon_core.verb:set package 'my_robot_navigation' build argument 'cmake_clean_cache' from command line to 'False'
[0.357s] Level 5:colcon.colcon_core.verb:set package 'my_robot_navigation' build argument 'cmake_clean_first' from command line to 'False'
[0.357s] Level 5:colcon.colcon_core.verb:set package 'my_robot_navigation' build argument 'cmake_force_configure' from command line to 'False'
[0.357s] Level 5:colcon.colcon_core.verb:set package 'my_robot_navigation' build argument 'ament_cmake_args' from command line to 'None'
[0.357s] Level 5:colcon.colcon_core.verb:set package 'my_robot_navigation' build argument 'catkin_cmake_args' from command line to 'None'
[0.357s] Level 5:colcon.colcon_core.verb:set package 'my_robot_navigation' build argument 'catkin_skip_building_tests' from command line to 'False'
[0.357s] DEBUG:colcon.colcon_core.verb:Building package 'my_robot_navigation' with the following arguments: {'ament_cmake_args': None, 'build_base': '/home/ketg/Desktop/amr_ws/build/my_robot_navigation', 'catkin_cmake_args': None, 'catkin_skip_building_tests': False, 'cmake_args': None, 'cmake_clean_cache': False, 'cmake_clean_first': False, 'cmake_force_configure': False, 'cmake_target': None, 'cmake_target_skip_unavailable': False, 'install_base': '/home/ketg/Desktop/amr_ws/install/my_robot_navigation', 'merge_install': False, 'path': '/home/ketg/Desktop/amr_ws/src/my_robot_navigation', 'symlink_install': False, 'test_result_base': None}
[0.357s] Level 5:colcon.colcon_core.verb:set package 'my_robot_slam' build argument 'cmake_args' from command line to 'None'
[0.357s] Level 5:colcon.colcon_core.verb:set package 'my_robot_slam' build argument 'cmake_target' from command line to 'None'
[0.357s] Level 5:colcon.colcon_core.verb:set package 'my_robot_slam' build argument 'cmake_target_skip_unavailable' from command line to 'False'
[0.357s] Level 5:colcon.colcon_core.verb:set package 'my_robot_slam' build argument 'cmake_clean_cache' from command line to 'False'
[0.357s] Level 5:colcon.colcon_core.verb:set package 'my_robot_slam' build argument 'cmake_clean_first' from command line to 'False'
[0.357s] Level 5:colcon.colcon_core.verb:set package 'my_robot_slam' build argument 'cmake_force_configure' from command line to 'False'
[0.357s] Level 5:colcon.colcon_core.verb:set package 'my_robot_slam' build argument 'ament_cmake_args' from command line to 'None'
[0.357s] Level 5:colcon.colcon_core.verb:set package 'my_robot_slam' build argument 'catkin_cmake_args' from command line to 'None'
[0.357s] Level 5:colcon.colcon_core.verb:set package 'my_robot_slam' build argument 'catkin_skip_building_tests' from command line to 'False'
[0.357s] DEBUG:colcon.colcon_core.verb:Building package 'my_robot_slam' with the following arguments: {'ament_cmake_args': None, 'build_base': '/home/ketg/Desktop/amr_ws/build/my_robot_slam', 'catkin_cmake_args': None, 'catkin_skip_building_tests': False, 'cmake_args': None, 'cmake_clean_cache': False, 'cmake_clean_first': False, 'cmake_force_configure': False, 'cmake_target': None, 'cmake_target_skip_unavailable': False, 'install_base': '/home/ketg/Desktop/amr_ws/install/my_robot_slam', 'merge_install': False, 'path': '/home/ketg/Desktop/amr_ws/src/my_robot_slam', 'symlink_install': False, 'test_result_base': None}
[0.358s] Level 5:colcon.colcon_core.verb:set package 'serial' build argument 'cmake_args' from command line to 'None'
[0.358s] Level 5:colcon.colcon_core.verb:set package 'serial' build argument 'cmake_target' from command line to 'None'
[0.358s] Level 5:colcon.colcon_core.verb:set package 'serial' build argument 'cmake_target_skip_unavailable' from command line to 'False'
[0.358s] Level 5:colcon.colcon_core.verb:set package 'serial' build argument 'cmake_clean_cache' from command line to 'False'
[0.358s] Level 5:colcon.colcon_core.verb:set package 'serial' build argument 'cmake_clean_first' from command line to 'False'
[0.358s] Level 5:colcon.colcon_core.verb:set package 'serial' build argument 'cmake_force_configure' from command line to 'False'
[0.358s] Level 5:colcon.colcon_core.verb:set package 'serial' build argument 'ament_cmake_args' from command line to 'None'
[0.358s] Level 5:colcon.colcon_core.verb:set package 'serial' build argument 'catkin_cmake_args' from command line to 'None'
[0.358s] Level 5:colcon.colcon_core.verb:set package 'serial' build argument 'catkin_skip_building_tests' from command line to 'False'
[0.358s] DEBUG:colcon.colcon_core.verb:Building package 'serial' with the following arguments: {'ament_cmake_args': None, 'build_base': '/home/ketg/Desktop/amr_ws/build/serial', 'catkin_cmake_args': None, 'catkin_skip_building_tests': False, 'cmake_args': None, 'cmake_clean_cache': False, 'cmake_clean_first': False, 'cmake_force_configure': False, 'cmake_target': None, 'cmake_target_skip_unavailable': False, 'install_base': '/home/ketg/Desktop/amr_ws/install/serial', 'merge_install': False, 'path': '/home/ketg/Desktop/amr_ws/src/serial', 'symlink_install': False, 'test_result_base': None}
[0.358s] Level 5:colcon.colcon_core.verb:set package 'roboteq_ros2_driver' build argument 'cmake_args' from command line to 'None'
[0.358s] Level 5:colcon.colcon_core.verb:set package 'roboteq_ros2_driver' build argument 'cmake_target' from command line to 'None'
[0.358s] Level 5:colcon.colcon_core.verb:set package 'roboteq_ros2_driver' build argument 'cmake_target_skip_unavailable' from command line to 'False'
[0.358s] Level 5:colcon.colcon_core.verb:set package 'roboteq_ros2_driver' build argument 'cmake_clean_cache' from command line to 'False'
[0.358s] Level 5:colcon.colcon_core.verb:set package 'roboteq_ros2_driver' build argument 'cmake_clean_first' from command line to 'False'
[0.358s] Level 5:colcon.colcon_core.verb:set package 'roboteq_ros2_driver' build argument 'cmake_force_configure' from command line to 'False'
[0.358s] Level 5:colcon.colcon_core.verb:set package 'roboteq_ros2_driver' build argument 'ament_cmake_args' from command line to 'None'
[0.358s] Level 5:colcon.colcon_core.verb:set package 'roboteq_ros2_driver' build argument 'catkin_cmake_args' from command line to 'None'
[0.358s] Level 5:colcon.colcon_core.verb:set package 'roboteq_ros2_driver' build argument 'catkin_skip_building_tests' from command line to 'False'
[0.358s] DEBUG:colcon.colcon_core.verb:Building package 'roboteq_ros2_driver' with the following arguments: {'ament_cmake_args': None, 'build_base': '/home/ketg/Desktop/amr_ws/build/roboteq_ros2_driver', 'catkin_cmake_args': None, 'catkin_skip_building_tests': False, 'cmake_args': None, 'cmake_clean_cache': False, 'cmake_clean_first': False, 'cmake_force_configure': False, 'cmake_target': None, 'cmake_target_skip_unavailable': False, 'install_base': '/home/ketg/Desktop/amr_ws/install/roboteq_ros2_driver', 'merge_install': False, 'path': '/home/ketg/Desktop/amr_ws/src/roboteq_ros2_driver', 'symlink_install': False, 'test_result_base': None}
[0.358s] INFO:colcon.colcon_core.executor:Executing jobs using 'parallel' executor
[0.359s] DEBUG:colcon.colcon_parallel_executor.executor.parallel:run_until_complete
[0.360s] INFO:colcon.colcon_ros.task.ament_cmake.build:Building ROS package in '/home/ketg/Desktop/amr_ws/src/serial' with build type 'ament_cmake'
[0.360s] INFO:colcon.colcon_cmake.task.cmake.build:Building CMake package in '/home/ketg/Desktop/amr_ws/src/serial'
[0.364s] INFO:colcon.colcon_core.plugin_system:Skipping extension 'colcon_core.shell.bat': Not used on non-Windows systems
[0.364s] INFO:colcon.colcon_core.shell:Skip shell extension 'powershell' for command environment: Not usable outside of PowerShell
[0.364s] DEBUG:colcon.colcon_core.shell:Skip shell extension 'dsv' for command environment
[0.367s] INFO:colcon.colcon_ros.task.ament_cmake.build:Building ROS package in '/home/ketg/Desktop/amr_ws/src/my_robot_bringup' with build type 'ament_cmake'
[0.367s] INFO:colcon.colcon_cmake.task.cmake.build:Building CMake package in '/home/ketg/Desktop/amr_ws/src/my_robot_bringup'
[0.368s] INFO:colcon.colcon_core.shell:Skip shell extension 'powershell' for command environment: Not usable outside of PowerShell
[0.368s] DEBUG:colcon.colcon_core.shell:Skip shell extension 'dsv' for command environment
[0.370s] INFO:colcon.colcon_ros.task.ament_cmake.build:Building ROS package in '/home/ketg/Desktop/amr_ws/src/my_robot_description' with build type 'ament_cmake'
[0.370s] INFO:colcon.colcon_cmake.task.cmake.build:Building CMake package in '/home/ketg/Desktop/amr_ws/src/my_robot_description'
[0.371s] INFO:colcon.colcon_core.shell:Skip shell extension 'powershell' for command environment: Not usable outside of PowerShell
[0.371s] DEBUG:colcon.colcon_core.shell:Skip shell extension 'dsv' for command environment
[0.374s] INFO:colcon.colcon_ros.task.ament_cmake.build:Building ROS package in '/home/ketg/Desktop/amr_ws/src/my_robot_navigation' with build type 'ament_cmake'
[0.375s] INFO:colcon.colcon_cmake.task.cmake.build:Building CMake package in '/home/ketg/Desktop/amr_ws/src/my_robot_navigation'
[0.375s] INFO:colcon.colcon_core.shell:Skip shell extension 'powershell' for command environment: Not usable outside of PowerShell
[0.375s] DEBUG:colcon.colcon_core.shell:Skip shell extension 'dsv' for command environment
[0.378s] INFO:colcon.colcon_ros.task.ament_cmake.build:Building ROS package in '/home/ketg/Desktop/amr_ws/src/my_robot_slam' with build type 'ament_cmake'
[0.378s] INFO:colcon.colcon_cmake.task.cmake.build:Building CMake package in '/home/ketg/Desktop/amr_ws/src/my_robot_slam'
[0.378s] INFO:colcon.colcon_core.shell:Skip shell extension 'powershell' for command environment: Not usable outside of PowerShell
[0.378s] DEBUG:colcon.colcon_core.shell:Skip shell extension 'dsv' for command environment
[0.387s] DEBUG:colcon.colcon_core.event_handler.log_command:Invoking command in '/home/ketg/Desktop/amr_ws/build/serial': CMAKE_PREFIX_PATH=${CMAKE_PREFIX_PATH}:/opt/ros/humble /usr/bin/cmake --build /home/ketg/Desktop/amr_ws/build/serial -- -j8 -l8
[0.391s] DEBUG:colcon.colcon_core.event_handler.log_command:Invoking command in '/home/ketg/Desktop/amr_ws/build/my_robot_bringup': CMAKE_PREFIX_PATH=${CMAKE_PREFIX_PATH}:/opt/ros/humble /usr/bin/cmake --build /home/ketg/Desktop/amr_ws/build/my_robot_bringup -- -j8 -l8
[0.394s] DEBUG:colcon.colcon_core.event_handler.log_command:Invoking command in '/home/ketg/Desktop/amr_ws/build/my_robot_description': CMAKE_PREFIX_PATH=${CMAKE_PREFIX_PATH}:/opt/ros/humble /usr/bin/cmake --build /home/ketg/Desktop/amr_ws/build/my_robot_description -- -j8 -l8
[0.398s] DEBUG:colcon.colcon_core.event_handler.log_command:Invoking command in '/home/ketg/Desktop/amr_ws/build/my_robot_navigation': CMAKE_PREFIX_PATH=${CMAKE_PREFIX_PATH}:/opt/ros/humble /usr/bin/cmake --build /home/ketg/Desktop/amr_ws/build/my_robot_navigation -- -j8 -l8
[0.403s] DEBUG:colcon.colcon_core.event_handler.log_command:Invoking command in '/home/ketg/Desktop/amr_ws/build/my_robot_slam': CMAKE_PREFIX_PATH=${CMAKE_PREFIX_PATH}:/opt/ros/humble /usr/bin/cmake --build /home/ketg/Desktop/amr_ws/build/my_robot_slam -- -j8 -l8
[0.421s] DEBUG:colcon.colcon_core.event_handler.log_command:Invoked command in '/home/ketg/Desktop/amr_ws/build/my_robot_bringup' returned '0': CMAKE_PREFIX_PATH=${CMAKE_PREFIX_PATH}:/opt/ros/humble /usr/bin/cmake --build /home/ketg/Desktop/amr_ws/build/my_robot_bringup -- -j8 -l8
[0.430s] DEBUG:colcon.colcon_core.event_handler.log_command:Invoking command in '/home/ketg/Desktop/amr_ws/build/my_robot_bringup': CMAKE_PREFIX_PATH=${CMAKE_PREFIX_PATH}:/opt/ros/humble /usr/bin/cmake --install /home/ketg/Desktop/amr_ws/build/my_robot_bringup
[0.432s] DEBUG:colcon.colcon_core.event_handler.log_command:Invoked command in '/home/ketg/Desktop/amr_ws/build/my_robot_description' returned '0': CMAKE_PREFIX_PATH=${CMAKE_PREFIX_PATH}:/opt/ros/humble /usr/bin/cmake --build /home/ketg/Desktop/amr_ws/build/my_robot_description -- -j8 -l8
[0.434s] DEBUG:colcon.colcon_core.event_handler.log_command:Invoking command in '/home/ketg/Desktop/amr_ws/build/my_robot_description': CMAKE_PREFIX_PATH=${CMAKE_PREFIX_PATH}:/opt/ros/humble /usr/bin/cmake --install /home/ketg/Desktop/amr_ws/build/my_robot_description
[0.434s] DEBUG:colcon.colcon_core.event_handler.log_command:Invoked command in '/home/ketg/Desktop/amr_ws/build/my_robot_slam' returned '0': CMAKE_PREFIX_PATH=${CMAKE_PREFIX_PATH}:/opt/ros/humble /usr/bin/cmake --build /home/ketg/Desktop/amr_ws/build/my_robot_slam -- -j8 -l8
[0.436s] DEBUG:colcon.colcon_core.event_handler.log_command:Invoking command in '/home/ketg/Desktop/amr_ws/build/my_robot_slam': CMAKE_PREFIX_PATH=${CMAKE_PREFIX_PATH}:/opt/ros/humble /usr/bin/cmake --install /home/ketg/Desktop/amr_ws/build/my_robot_slam
[0.437s] DEBUG:colcon.colcon_core.event_handler.log_command:Invoked command in '/home/ketg/Desktop/amr_ws/build/my_robot_navigation' returned '0': CMAKE_PREFIX_PATH=${CMAKE_PREFIX_PATH}:/opt/ros/humble /usr/bin/cmake --build /home/ketg/Desktop/amr_ws/build/my_robot_navigation -- -j8 -l8
[0.441s] DEBUG:colcon.colcon_core.event_handler.log_command:Invoking command in '/home/ketg/Desktop/amr_ws/build/my_robot_navigation': CMAKE_PREFIX_PATH=${CMAKE_PREFIX_PATH}:/opt/ros/humble /usr/bin/cmake --install /home/ketg/Desktop/amr_ws/build/my_robot_navigation
[0.444s] Level 1:colcon.colcon_core.environment:create_environment_scripts_only(my_robot_bringup)
[0.445s] DEBUG:colcon.colcon_core.event_handler.log_command:Invoked command in '/home/ketg/Desktop/amr_ws/build/my_robot_bringup' returned '0': CMAKE_PREFIX_PATH=${CMAKE_PREFIX_PATH}:/opt/ros/humble /usr/bin/cmake --install /home/ketg/Desktop/amr_ws/build/my_robot_bringup
[0.451s] Level 1:colcon.colcon_core.environment:checking '/home/ketg/Desktop/amr_ws/install/my_robot_bringup' for CMake module files
[0.451s] Level 1:colcon.colcon_core.environment:checking '/home/ketg/Desktop/amr_ws/install/my_robot_bringup' for CMake config files
[0.452s] Level 1:colcon.colcon_core.shell:create_environment_hook('my_robot_bringup', 'cmake_prefix_path')
[0.452s] INFO:colcon.colcon_core.shell:Creating environment hook '/home/ketg/Desktop/amr_ws/install/my_robot_bringup/share/my_robot_bringup/hook/cmake_prefix_path.ps1'
[0.452s] INFO:colcon.colcon_core.shell:Creating environment descriptor '/home/ketg/Desktop/amr_ws/install/my_robot_bringup/share/my_robot_bringup/hook/cmake_prefix_path.dsv'
[0.453s] INFO:colcon.colcon_core.shell:Creating environment hook '/home/ketg/Desktop/amr_ws/install/my_robot_bringup/share/my_robot_bringup/hook/cmake_prefix_path.sh'
[0.453s] Level 1:colcon.colcon_core.environment:checking '/home/ketg/Desktop/amr_ws/install/my_robot_bringup/bin'
[0.454s] Level 1:colcon.colcon_core.environment:checking '/home/ketg/Desktop/amr_ws/install/my_robot_bringup/lib/pkgconfig/my_robot_bringup.pc'
[0.454s] Level 1:colcon.colcon_core.environment:checking '/home/ketg/Desktop/amr_ws/install/my_robot_bringup/lib/python3.10/site-packages'
[0.454s] Level 1:colcon.colcon_core.environment:checking '/home/ketg/Desktop/amr_ws/install/my_robot_bringup/bin'
[0.454s] INFO:colcon.colcon_core.shell:Creating package script '/home/ketg/Desktop/amr_ws/install/my_robot_bringup/share/my_robot_bringup/package.ps1'
[0.455s] INFO:colcon.colcon_core.shell:Creating package descriptor '/home/ketg/Desktop/amr_ws/install/my_robot_bringup/share/my_robot_bringup/package.dsv'
[0.455s] INFO:colcon.colcon_core.shell:Creating package script '/home/ketg/Desktop/amr_ws/install/my_robot_bringup/share/my_robot_bringup/package.sh'
[0.456s] INFO:colcon.colcon_core.shell:Creating package script '/home/ketg/Desktop/amr_ws/install/my_robot_bringup/share/my_robot_bringup/package.bash'
[0.457s] INFO:colcon.colcon_core.shell:Creating package script '/home/ketg/Desktop/amr_ws/install/my_robot_bringup/share/my_robot_bringup/package.zsh'
[0.457s] Level 1:colcon.colcon_core.environment:create_file_with_runtime_dependencies(/home/ketg/Desktop/amr_ws/install/my_robot_bringup/share/colcon-core/packages/my_robot_bringup)
[0.458s] Level 1:colcon.colcon_core.environment:create_environment_scripts_only(my_robot_bringup)
[0.458s] Level 1:colcon.colcon_core.environment:checking '/home/ketg/Desktop/amr_ws/install/my_robot_bringup' for CMake module files
[0.458s] Level 1:colcon.colcon_core.environment:checking '/home/ketg/Desktop/amr_ws/install/my_robot_bringup' for CMake config files
[0.458s] Level 1:colcon.colcon_core.shell:create_environment_hook('my_robot_bringup', 'cmake_prefix_path')
[0.459s] INFO:colcon.colcon_core.shell:Creating environment hook '/home/ketg/Desktop/amr_ws/install/my_robot_bringup/share/my_robot_bringup/hook/cmake_prefix_path.ps1'
[0.459s] INFO:colcon.colcon_core.shell:Creating environment descriptor '/home/ketg/Desktop/amr_ws/install/my_robot_bringup/share/my_robot_bringup/hook/cmake_prefix_path.dsv'
[0.459s] INFO:colcon.colcon_core.shell:Creating environment hook '/home/ketg/Desktop/amr_ws/install/my_robot_bringup/share/my_robot_bringup/hook/cmake_prefix_path.sh'
[0.460s] Level 1:colcon.colcon_core.environment:checking '/home/ketg/Desktop/amr_ws/install/my_robot_bringup/bin'
[0.460s] Level 1:colcon.colcon_core.environment:checking '/home/ketg/Desktop/amr_ws/install/my_robot_bringup/lib/pkgconfig/my_robot_bringup.pc'
[0.460s] Level 1:colcon.colcon_core.environment:checking '/home/ketg/Desktop/amr_ws/install/my_robot_bringup/lib/python3.10/site-packages'
[0.460s] Level 1:colcon.colcon_core.environment:checking '/home/ketg/Desktop/amr_ws/install/my_robot_bringup/bin'
[0.460s] INFO:colcon.colcon_core.shell:Creating package script '/home/ketg/Desktop/amr_ws/install/my_robot_bringup/share/my_robot_bringup/package.ps1'
[0.461s] INFO:colcon.colcon_core.shell:Creating package descriptor '/home/ketg/Desktop/amr_ws/install/my_robot_bringup/share/my_robot_bringup/package.dsv'
[0.461s] INFO:colcon.colcon_core.shell:Creating package script '/home/ketg/Desktop/amr_ws/install/my_robot_bringup/share/my_robot_bringup/package.sh'
[0.461s] INFO:colcon.colcon_core.shell:Creating package script '/home/ketg/Desktop/amr_ws/install/my_robot_bringup/share/my_robot_bringup/package.bash'
[0.462s] INFO:colcon.colcon_core.shell:Creating package script '/home/ketg/Desktop/amr_ws/install/my_robot_bringup/share/my_robot_bringup/package.zsh'
[0.462s] Level 1:colcon.colcon_core.environment:create_file_with_runtime_dependencies(/home/ketg/Desktop/amr_ws/install/my_robot_bringup/share/colcon-core/packages/my_robot_bringup)
[0.462s] Level 1:colcon.colcon_core.environment:create_environment_scripts_only(my_robot_description)
[0.462s] Level 1:colcon.colcon_core.environment:checking '/home/ketg/Desktop/amr_ws/install/my_robot_description' for CMake module files
[0.463s] DEBUG:colcon.colcon_core.event_handler.log_command:Invoked command in '/home/ketg/Desktop/amr_ws/build/my_robot_description' returned '0': CMAKE_PREFIX_PATH=${CMAKE_PREFIX_PATH}:/opt/ros/humble /usr/bin/cmake --install /home/ketg/Desktop/amr_ws/build/my_robot_description
[0.463s] Level 1:colcon.colcon_core.environment:checking '/home/ketg/Desktop/amr_ws/install/my_robot_description' for CMake config files
[0.463s] Level 1:colcon.colcon_core.shell:create_environment_hook('my_robot_description', 'cmake_prefix_path')
[0.463s] INFO:colcon.colcon_core.shell:Creating environment hook '/home/ketg/Desktop/amr_ws/install/my_robot_description/share/my_robot_description/hook/cmake_prefix_path.ps1'
[0.464s] INFO:colcon.colcon_core.shell:Creating environment descriptor '/home/ketg/Desktop/amr_ws/install/my_robot_description/share/my_robot_description/hook/cmake_prefix_path.dsv'
[0.464s] INFO:colcon.colcon_core.shell:Creating environment hook '/home/ketg/Desktop/amr_ws/install/my_robot_description/share/my_robot_description/hook/cmake_prefix_path.sh'
[0.464s] Level 1:colcon.colcon_core.environment:checking '/home/ketg/Desktop/amr_ws/install/my_robot_description/bin'
[0.464s] Level 1:colcon.colcon_core.environment:checking '/home/ketg/Desktop/amr_ws/install/my_robot_description/lib/pkgconfig/my_robot_description.pc'
[0.465s] Level 1:colcon.colcon_core.environment:checking '/home/ketg/Desktop/amr_ws/install/my_robot_description/lib/python3.10/site-packages'
[0.465s] Level 1:colcon.colcon_core.environment:checking '/home/ketg/Desktop/amr_ws/install/my_robot_description/bin'
[0.465s] INFO:colcon.colcon_core.shell:Creating package script '/home/ketg/Desktop/amr_ws/install/my_robot_description/share/my_robot_description/package.ps1'
[0.465s] INFO:colcon.colcon_core.shell:Creating package descriptor '/home/ketg/Desktop/amr_ws/install/my_robot_description/share/my_robot_description/package.dsv'
[0.466s] INFO:colcon.colcon_core.shell:Creating package script '/home/ketg/Desktop/amr_ws/install/my_robot_description/share/my_robot_description/package.sh'
[0.466s] INFO:colcon.colcon_core.shell:Creating package script '/home/ketg/Desktop/amr_ws/install/my_robot_description/share/my_robot_description/package.bash'
[0.466s] INFO:colcon.colcon_core.shell:Creating package script '/home/ketg/Desktop/amr_ws/install/my_robot_description/share/my_robot_description/package.zsh'
[0.466s] Level 1:colcon.colcon_core.environment:create_file_with_runtime_dependencies(/home/ketg/Desktop/amr_ws/install/my_robot_description/share/colcon-core/packages/my_robot_description)
[0.467s] Level 1:colcon.colcon_core.environment:create_environment_scripts_only(my_robot_description)
[0.467s] Level 1:colcon.colcon_core.environment:checking '/home/ketg/Desktop/amr_ws/install/my_robot_description' for CMake module files
[0.467s] Level 1:colcon.colcon_core.environment:checking '/home/ketg/Desktop/amr_ws/install/my_robot_description' for CMake config files
[0.467s] Level 1:colcon.colcon_core.shell:create_environment_hook('my_robot_description', 'cmake_prefix_path')
[0.468s] INFO:colcon.colcon_core.shell:Creating environment hook '/home/ketg/Desktop/amr_ws/install/my_robot_description/share/my_robot_description/hook/cmake_prefix_path.ps1'
[0.468s] INFO:colcon.colcon_core.shell:Creating environment descriptor '/home/ketg/Desktop/amr_ws/install/my_robot_description/share/my_robot_description/hook/cmake_prefix_path.dsv'
[0.468s] INFO:colcon.colcon_core.shell:Creating environment hook '/home/ketg/Desktop/amr_ws/install/my_robot_description/share/my_robot_description/hook/cmake_prefix_path.sh'
[0.469s] Level 1:colcon.colcon_core.environment:checking '/home/ketg/Desktop/amr_ws/install/my_robot_description/bin'
[0.469s] Level 1:colcon.colcon_core.environment:checking '/home/ketg/Desktop/amr_ws/install/my_robot_description/lib/pkgconfig/my_robot_description.pc'
[0.469s] Level 1:colcon.colcon_core.environment:checking '/home/ketg/Desktop/amr_ws/install/my_robot_description/lib/python3.10/site-packages'
[0.469s] Level 1:colcon.colcon_core.environment:checking '/home/ketg/Desktop/amr_ws/install/my_robot_description/bin'
[0.469s] INFO:colcon.colcon_core.shell:Creating package script '/home/ketg/Desktop/amr_ws/install/my_robot_description/share/my_robot_description/package.ps1'
[0.470s] INFO:colcon.colcon_core.shell:Creating package descriptor '/home/ketg/Desktop/amr_ws/install/my_robot_description/share/my_robot_description/package.dsv'
[0.470s] INFO:colcon.colcon_core.shell:Creating package script '/home/ketg/Desktop/amr_ws/install/my_robot_description/share/my_robot_description/package.sh'
[0.471s] INFO:colcon.colcon_core.shell:Creating package script '/home/ketg/Desktop/amr_ws/install/my_robot_description/share/my_robot_description/package.bash'
[0.471s] INFO:colcon.colcon_core.shell:Creating package script '/home/ketg/Desktop/amr_ws/install/my_robot_description/share/my_robot_description/package.zsh'
[0.472s] Level 1:colcon.colcon_core.environment:create_file_with_runtime_dependencies(/home/ketg/Desktop/amr_ws/install/my_robot_description/share/colcon-core/packages/my_robot_description)
[0.472s] Level 1:colcon.colcon_core.environment:create_environment_scripts_only(my_robot_slam)
[0.473s] Level 1:colcon.colcon_core.environment:checking '/home/ketg/Desktop/amr_ws/install/my_robot_slam' for CMake module files
[0.473s] Level 1:colcon.colcon_core.environment:checking '/home/ketg/Desktop/amr_ws/install/my_robot_slam' for CMake config files
[0.474s] DEBUG:colcon.colcon_core.event_handler.log_command:Invoked command in '/home/ketg/Desktop/amr_ws/build/my_robot_slam' returned '0': CMAKE_PREFIX_PATH=${CMAKE_PREFIX_PATH}:/opt/ros/humble /usr/bin/cmake --install /home/ketg/Desktop/amr_ws/build/my_robot_slam
[0.474s] Level 1:colcon.colcon_core.shell:create_environment_hook('my_robot_slam', 'cmake_prefix_path')
[0.474s] INFO:colcon.colcon_core.shell:Creating environment hook '/home/ketg/Desktop/amr_ws/install/my_robot_slam/share/my_robot_slam/hook/cmake_prefix_path.ps1'
[0.475s] INFO:colcon.colcon_core.shell:Creating environment descriptor '/home/ketg/Desktop/amr_ws/install/my_robot_slam/share/my_robot_slam/hook/cmake_prefix_path.dsv'
[0.475s] INFO:colcon.colcon_core.shell:Creating environment hook '/home/ketg/Desktop/amr_ws/install/my_robot_slam/share/my_robot_slam/hook/cmake_prefix_path.sh'
[0.476s] Level 1:colcon.colcon_core.environment:checking '/home/ketg/Desktop/amr_ws/install/my_robot_slam/bin'
[0.476s] Level 1:colcon.colcon_core.environment:checking '/home/ketg/Desktop/amr_ws/install/my_robot_slam/lib/pkgconfig/my_robot_slam.pc'
[0.476s] Level 1:colcon.colcon_core.environment:checking '/home/ketg/Desktop/amr_ws/install/my_robot_slam/lib/python3.10/site-packages'
[0.476s] Level 1:colcon.colcon_core.environment:checking '/home/ketg/Desktop/amr_ws/install/my_robot_slam/bin'
[0.476s] INFO:colcon.colcon_core.shell:Creating package script '/home/ketg/Desktop/amr_ws/install/my_robot_slam/share/my_robot_slam/package.ps1'
[0.477s] INFO:colcon.colcon_core.shell:Creating package descriptor '/home/ketg/Desktop/amr_ws/install/my_robot_slam/share/my_robot_slam/package.dsv'
[0.477s] INFO:colcon.colcon_core.shell:Creating package script '/home/ketg/Desktop/amr_ws/install/my_robot_slam/share/my_robot_slam/package.sh'
[0.477s] INFO:colcon.colcon_core.shell:Creating package script '/home/ketg/Desktop/amr_ws/install/my_robot_slam/share/my_robot_slam/package.bash'
[0.478s] INFO:colcon.colcon_core.shell:Creating package script '/home/ketg/Desktop/amr_ws/install/my_robot_slam/share/my_robot_slam/package.zsh'
[0.478s] Level 1:colcon.colcon_core.environment:create_file_with_runtime_dependencies(/home/ketg/Desktop/amr_ws/install/my_robot_slam/share/colcon-core/packages/my_robot_slam)
[0.478s] Level 1:colcon.colcon_core.environment:create_environment_scripts_only(my_robot_slam)
[0.479s] Level 1:colcon.colcon_core.environment:checking '/home/ketg/Desktop/amr_ws/install/my_robot_slam' for CMake module files
[0.479s] Level 1:colcon.colcon_core.environment:checking '/home/ketg/Desktop/amr_ws/install/my_robot_slam' for CMake config files
[0.479s] Level 1:colcon.colcon_core.shell:create_environment_hook('my_robot_slam', 'cmake_prefix_path')
[0.479s] INFO:colcon.colcon_core.shell:Creating environment hook '/home/ketg/Desktop/amr_ws/install/my_robot_slam/share/my_robot_slam/hook/cmake_prefix_path.ps1'
[0.479s] INFO:colcon.colcon_core.shell:Creating environment descriptor '/home/ketg/Desktop/amr_ws/install/my_robot_slam/share/my_robot_slam/hook/cmake_prefix_path.dsv'
[0.480s] INFO:colcon.colcon_core.shell:Creating environment hook '/home/ketg/Desktop/amr_ws/install/my_robot_slam/share/my_robot_slam/hook/cmake_prefix_path.sh'
[0.480s] Level 1:colcon.colcon_core.environment:checking '/home/ketg/Desktop/amr_ws/install/my_robot_slam/bin'
[0.480s] Level 1:colcon.colcon_core.environment:checking '/home/ketg/Desktop/amr_ws/install/my_robot_slam/lib/pkgconfig/my_robot_slam.pc'
[0.480s] Level 1:colcon.colcon_core.environment:checking '/home/ketg/Desktop/amr_ws/install/my_robot_slam/lib/python3.10/site-packages'
[0.481s] Level 1:colcon.colcon_core.environment:checking '/home/ketg/Desktop/amr_ws/install/my_robot_slam/bin'
[0.481s] INFO:colcon.colcon_core.shell:Creating package script '/home/ketg/Desktop/amr_ws/install/my_robot_slam/share/my_robot_slam/package.ps1'
[0.481s] INFO:colcon.colcon_core.shell:Creating package descriptor '/home/ketg/Desktop/amr_ws/install/my_robot_slam/share/my_robot_slam/package.dsv'
[0.482s] INFO:colcon.colcon_core.shell:Creating package script '/home/ketg/Desktop/amr_ws/install/my_robot_slam/share/my_robot_slam/package.sh'
[0.482s] INFO:colcon.colcon_core.shell:Creating package script '/home/ketg/Desktop/amr_ws/install/my_robot_slam/share/my_robot_slam/package.bash'
[0.482s] INFO:colcon.colcon_core.shell:Creating package script '/home/ketg/Desktop/amr_ws/install/my_robot_slam/share/my_robot_slam/package.zsh'
[0.482s] Level 1:colcon.colcon_core.environment:create_file_with_runtime_dependencies(/home/ketg/Desktop/amr_ws/install/my_robot_slam/share/colcon-core/packages/my_robot_slam)
[0.483s] Level 1:colcon.colcon_core.environment:create_environment_scripts_only(my_robot_navigation)
[0.484s] Level 1:colcon.colcon_core.environment:checking '/home/ketg/Desktop/amr_ws/install/my_robot_navigation' for CMake module files
[0.484s] DEBUG:colcon.colcon_core.event_handler.log_command:Invoked command in '/home/ketg/Desktop/amr_ws/build/my_robot_navigation' returned '0': CMAKE_PREFIX_PATH=${CMAKE_PREFIX_PATH}:/opt/ros/humble /usr/bin/cmake --install /home/ketg/Desktop/amr_ws/build/my_robot_navigation
[0.484s] Level 1:colcon.colcon_core.environment:checking '/home/ketg/Desktop/amr_ws/install/my_robot_navigation' for CMake config files
[0.485s] Level 1:colcon.colcon_core.shell:create_environment_hook('my_robot_navigation', 'cmake_prefix_path')
[0.485s] INFO:colcon.colcon_core.shell:Creating environment hook '/home/ketg/Desktop/amr_ws/install/my_robot_navigation/share/my_robot_navigation/hook/cmake_prefix_path.ps1'
[0.485s] INFO:colcon.colcon_core.shell:Creating environment descriptor '/home/ketg/Desktop/amr_ws/install/my_robot_navigation/share/my_robot_navigation/hook/cmake_prefix_path.dsv'
[0.485s] INFO:colcon.colcon_core.shell:Creating environment hook '/home/ketg/Desktop/amr_ws/install/my_robot_navigation/share/my_robot_navigation/hook/cmake_prefix_path.sh'
[0.486s] Level 1:colcon.colcon_core.environment:checking '/home/ketg/Desktop/amr_ws/install/my_robot_navigation/bin'
[0.486s] Level 1:colcon.colcon_core.environment:checking '/home/ketg/Desktop/amr_ws/install/my_robot_navigation/lib/pkgconfig/my_robot_navigation.pc'
[0.486s] Level 1:colcon.colcon_core.environment:checking '/home/ketg/Desktop/amr_ws/install/my_robot_navigation/lib/python3.10/site-packages'
[0.486s] Level 1:colcon.colcon_core.environment:checking '/home/ketg/Desktop/amr_ws/install/my_robot_navigation/bin'
[0.487s] INFO:colcon.colcon_core.shell:Creating package script '/home/ketg/Desktop/amr_ws/install/my_robot_navigation/share/my_robot_navigation/package.ps1'
[0.487s] INFO:colcon.colcon_core.shell:Creating package descriptor '/home/ketg/Desktop/amr_ws/install/my_robot_navigation/share/my_robot_navigation/package.dsv'
[0.488s] INFO:colcon.colcon_core.shell:Creating package script '/home/ketg/Desktop/amr_ws/install/my_robot_navigation/share/my_robot_navigation/package.sh'
[0.488s] INFO:colcon.colcon_core.shell:Creating package script '/home/ketg/Desktop/amr_ws/install/my_robot_navigation/share/my_robot_navigation/package.bash'
[0.489s] INFO:colcon.colcon_core.shell:Creating package script '/home/ketg/Desktop/amr_ws/install/my_robot_navigation/share/my_robot_navigation/package.zsh'
[0.489s] Level 1:colcon.colcon_core.environment:create_file_with_runtime_dependencies(/home/ketg/Desktop/amr_ws/install/my_robot_navigation/share/colcon-core/packages/my_robot_navigation)
[0.490s] Level 1:colcon.colcon_core.environment:create_environment_scripts_only(my_robot_navigation)
[0.490s] Level 1:colcon.colcon_core.environment:checking '/home/ketg/Desktop/amr_ws/install/my_robot_navigation' for CMake module files
[0.490s] Level 1:colcon.colcon_core.environment:checking '/home/ketg/Desktop/amr_ws/install/my_robot_navigation' for CMake config files
[0.490s] Level 1:colcon.colcon_core.shell:create_environment_hook('my_robot_navigation', 'cmake_prefix_path')
[0.490s] INFO:colcon.colcon_core.shell:Creating environment hook '/home/ketg/Desktop/amr_ws/install/my_robot_navigation/share/my_robot_navigation/hook/cmake_prefix_path.ps1'
[0.491s] INFO:colcon.colcon_core.shell:Creating environment descriptor '/home/ketg/Desktop/amr_ws/install/my_robot_navigation/share/my_robot_navigation/hook/cmake_prefix_path.dsv'
[0.491s] INFO:colcon.colcon_core.shell:Creating environment hook '/home/ketg/Desktop/amr_ws/install/my_robot_navigation/share/my_robot_navigation/hook/cmake_prefix_path.sh'
[0.492s] Level 1:colcon.colcon_core.environment:checking '/home/ketg/Desktop/amr_ws/install/my_robot_navigation/bin'
[0.492s] Level 1:colcon.colcon_core.environment:checking '/home/ketg/Desktop/amr_ws/install/my_robot_navigation/lib/pkgconfig/my_robot_navigation.pc'
[0.492s] Level 1:colcon.colcon_core.environment:checking '/home/ketg/Desktop/amr_ws/install/my_robot_navigation/lib/python3.10/site-packages'
[0.492s] Level 1:colcon.colcon_core.environment:checking '/home/ketg/Desktop/amr_ws/install/my_robot_navigation/bin'
[0.492s] INFO:colcon.colcon_core.shell:Creating package script '/home/ketg/Desktop/amr_ws/install/my_robot_navigation/share/my_robot_navigation/package.ps1'
[0.493s] INFO:colcon.colcon_core.shell:Creating package descriptor '/home/ketg/Desktop/amr_ws/install/my_robot_navigation/share/my_robot_navigation/package.dsv'
[0.493s] INFO:colcon.colcon_core.shell:Creating package script '/home/ketg/Desktop/amr_ws/install/my_robot_navigation/share/my_robot_navigation/package.sh'
[0.493s] INFO:colcon.colcon_core.shell:Creating package script '/home/ketg/Desktop/amr_ws/install/my_robot_navigation/share/my_robot_navigation/package.bash'
[0.493s] INFO:colcon.colcon_core.shell:Creating package script '/home/ketg/Desktop/amr_ws/install/my_robot_navigation/share/my_robot_navigation/package.zsh'
[0.494s] Level 1:colcon.colcon_core.environment:create_file_with_runtime_dependencies(/home/ketg/Desktop/amr_ws/install/my_robot_navigation/share/colcon-core/packages/my_robot_navigation)
[0.495s] DEBUG:colcon.colcon_core.event_handler.log_command:Invoked command in '/home/ketg/Desktop/amr_ws/build/serial' returned '0': CMAKE_PREFIX_PATH=${CMAKE_PREFIX_PATH}:/opt/ros/humble /usr/bin/cmake --build /home/ketg/Desktop/amr_ws/build/serial -- -j8 -l8
[0.496s] DEBUG:colcon.colcon_core.event_handler.log_command:Invoking command in '/home/ketg/Desktop/amr_ws/build/serial': CMAKE_PREFIX_PATH=${CMAKE_PREFIX_PATH}:/opt/ros/humble /usr/bin/cmake --install /home/ketg/Desktop/amr_ws/build/serial
[0.503s] Level 1:colcon.colcon_core.environment:create_environment_scripts_only(serial)
[0.503s] Level 1:colcon.colcon_core.environment:checking '/home/ketg/Desktop/amr_ws/install/serial' for CMake module files
[0.504s] DEBUG:colcon.colcon_core.event_handler.log_command:Invoked command in '/home/ketg/Desktop/amr_ws/build/serial' returned '0': CMAKE_PREFIX_PATH=${CMAKE_PREFIX_PATH}:/opt/ros/humble /usr/bin/cmake --install /home/ketg/Desktop/amr_ws/build/serial
[0.504s] Level 1:colcon.colcon_core.environment:checking '/home/ketg/Desktop/amr_ws/install/serial' for CMake config files
[0.504s] Level 1:colcon.colcon_core.shell:create_environment_hook('serial', 'cmake_prefix_path')
[0.505s] INFO:colcon.colcon_core.shell:Creating environment hook '/home/ketg/Desktop/amr_ws/install/serial/share/serial/hook/cmake_prefix_path.ps1'
[0.505s] INFO:colcon.colcon_core.shell:Creating environment descriptor '/home/ketg/Desktop/amr_ws/install/serial/share/serial/hook/cmake_prefix_path.dsv'
[0.505s] INFO:colcon.colcon_core.shell:Creating environment hook '/home/ketg/Desktop/amr_ws/install/serial/share/serial/hook/cmake_prefix_path.sh'
[0.506s] Level 1:colcon.colcon_core.environment:checking '/home/ketg/Desktop/amr_ws/install/serial/lib'
[0.506s] Level 1:colcon.colcon_core.shell:create_environment_hook('serial', 'ld_library_path_lib')
[0.506s] INFO:colcon.colcon_core.shell:Creating environment hook '/home/ketg/Desktop/amr_ws/install/serial/share/serial/hook/ld_library_path_lib.ps1'
[0.506s] INFO:colcon.colcon_core.shell:Creating environment descriptor '/home/ketg/Desktop/amr_ws/install/serial/share/serial/hook/ld_library_path_lib.dsv'
[0.506s] INFO:colcon.colcon_core.shell:Creating environment hook '/home/ketg/Desktop/amr_ws/install/serial/share/serial/hook/ld_library_path_lib.sh'
[0.507s] Level 1:colcon.colcon_core.environment:checking '/home/ketg/Desktop/amr_ws/install/serial/bin'
[0.507s] Level 1:colcon.colcon_core.environment:checking '/home/ketg/Desktop/amr_ws/install/serial/lib/pkgconfig/serial.pc'
[0.507s] Level 1:colcon.colcon_core.environment:checking '/home/ketg/Desktop/amr_ws/install/serial/lib/python3.10/site-packages'
[0.507s] Level 1:colcon.colcon_core.environment:checking '/home/ketg/Desktop/amr_ws/install/serial/bin'
[0.507s] INFO:colcon.colcon_core.shell:Creating package script '/home/ketg/Desktop/amr_ws/install/serial/share/serial/package.ps1'
[0.508s] INFO:colcon.colcon_core.shell:Creating package descriptor '/home/ketg/Desktop/amr_ws/install/serial/share/serial/package.dsv'
[0.508s] INFO:colcon.colcon_core.shell:Creating package script '/home/ketg/Desktop/amr_ws/install/serial/share/serial/package.sh'
[0.508s] INFO:colcon.colcon_core.shell:Creating package script '/home/ketg/Desktop/amr_ws/install/serial/share/serial/package.bash'
[0.509s] INFO:colcon.colcon_core.shell:Creating package script '/home/ketg/Desktop/amr_ws/install/serial/share/serial/package.zsh'
[0.509s] Level 1:colcon.colcon_core.environment:create_file_with_runtime_dependencies(/home/ketg/Desktop/amr_ws/install/serial/share/colcon-core/packages/serial)
[0.509s] Level 1:colcon.colcon_core.environment:create_environment_scripts_only(serial)
[0.509s] Level 1:colcon.colcon_core.environment:checking '/home/ketg/Desktop/amr_ws/install/serial' for CMake module files
[0.510s] Level 1:colcon.colcon_core.environment:checking '/home/ketg/Desktop/amr_ws/install/serial' for CMake config files
[0.510s] Level 1:colcon.colcon_core.shell:create_environment_hook('serial', 'cmake_prefix_path')
[0.510s] INFO:colcon.colcon_core.shell:Creating environment hook '/home/ketg/Desktop/amr_ws/install/serial/share/serial/hook/cmake_prefix_path.ps1'
[0.510s] INFO:colcon.colcon_core.shell:Creating environment descriptor '/home/ketg/Desktop/amr_ws/install/serial/share/serial/hook/cmake_prefix_path.dsv'
[0.511s] INFO:colcon.colcon_core.shell:Creating environment hook '/home/ketg/Desktop/amr_ws/install/serial/share/serial/hook/cmake_prefix_path.sh'
[0.511s] Level 1:colcon.colcon_core.environment:checking '/home/ketg/Desktop/amr_ws/install/serial/lib'
[0.511s] Level 1:colcon.colcon_core.shell:create_environment_hook('serial', 'ld_library_path_lib')
[0.511s] INFO:colcon.colcon_core.shell:Creating environment hook '/home/ketg/Desktop/amr_ws/install/serial/share/serial/hook/ld_library_path_lib.ps1'
[0.512s] INFO:colcon.colcon_core.shell:Creating environment descriptor '/home/ketg/Desktop/amr_ws/install/serial/share/serial/hook/ld_library_path_lib.dsv'
[0.512s] INFO:colcon.colcon_core.shell:Creating environment hook '/home/ketg/Desktop/amr_ws/install/serial/share/serial/hook/ld_library_path_lib.sh'
[0.512s] Level 1:colcon.colcon_core.environment:checking '/home/ketg/Desktop/amr_ws/install/serial/bin'
[0.512s] Level 1:colcon.colcon_core.environment:checking '/home/ketg/Desktop/amr_ws/install/serial/lib/pkgconfig/serial.pc'
[0.512s] Level 1:colcon.colcon_core.environment:checking '/home/ketg/Desktop/amr_ws/install/serial/lib/python3.10/site-packages'
[0.513s] Level 1:colcon.colcon_core.environment:checking '/home/ketg/Desktop/amr_ws/install/serial/bin'
[0.513s] INFO:colcon.colcon_core.shell:Creating package script '/home/ketg/Desktop/amr_ws/install/serial/share/serial/package.ps1'
[0.513s] INFO:colcon.colcon_core.shell:Creating package descriptor '/home/ketg/Desktop/amr_ws/install/serial/share/serial/package.dsv'
[0.514s] INFO:colcon.colcon_core.shell:Creating package script '/home/ketg/Desktop/amr_ws/install/serial/share/serial/package.sh'
[0.514s] INFO:colcon.colcon_core.shell:Creating package script '/home/ketg/Desktop/amr_ws/install/serial/share/serial/package.bash'
[0.514s] INFO:colcon.colcon_core.shell:Creating package script '/home/ketg/Desktop/amr_ws/install/serial/share/serial/package.zsh'
[0.514s] Level 1:colcon.colcon_core.environment:create_file_with_runtime_dependencies(/home/ketg/Desktop/amr_ws/install/serial/share/colcon-core/packages/serial)
[0.515s] INFO:colcon.colcon_ros.task.ament_cmake.build:Building ROS package in '/home/ketg/Desktop/amr_ws/src/roboteq_ros2_driver' with build type 'ament_cmake'
[0.515s] INFO:colcon.colcon_cmake.task.cmake.build:Building CMake package in '/home/ketg/Desktop/amr_ws/src/roboteq_ros2_driver'
[0.515s] INFO:colcon.colcon_core.shell:Skip shell extension 'powershell' for command environment: Not usable outside of PowerShell
[0.515s] DEBUG:colcon.colcon_core.shell:Skip shell extension 'dsv' for command environment
[0.524s] DEBUG:colcon.colcon_core.event_handler.log_command:Invoking command in '/home/ketg/Desktop/amr_ws/build/roboteq_ros2_driver': CMAKE_PREFIX_PATH=${CMAKE_PREFIX_PATH}:/opt/ros/humble /usr/bin/cmake --build /home/ketg/Desktop/amr_ws/build/roboteq_ros2_driver -- -j8 -l8
[0.576s] DEBUG:colcon.colcon_core.event_handler.log_command:Invoked command in '/home/ketg/Desktop/amr_ws/build/roboteq_ros2_driver' returned '0': CMAKE_PREFIX_PATH=${CMAKE_PREFIX_PATH}:/opt/ros/humble /usr/bin/cmake --build /home/ketg/Desktop/amr_ws/build/roboteq_ros2_driver -- -j8 -l8
[0.577s] DEBUG:colcon.colcon_core.event_handler.log_command:Invoking command in '/home/ketg/Desktop/amr_ws/build/roboteq_ros2_driver': CMAKE_PREFIX_PATH=${CMAKE_PREFIX_PATH}:/opt/ros/humble /usr/bin/cmake --install /home/ketg/Desktop/amr_ws/build/roboteq_ros2_driver
[0.585s] Level 1:colcon.colcon_core.environment:create_environment_scripts_only(roboteq_ros2_driver)
[0.586s] Level 1:colcon.colcon_core.environment:checking '/home/ketg/Desktop/amr_ws/install/roboteq_ros2_driver' for CMake module files
[0.587s] DEBUG:colcon.colcon_core.event_handler.log_command:Invoked command in '/home/ketg/Desktop/amr_ws/build/roboteq_ros2_driver' returned '0': CMAKE_PREFIX_PATH=${CMAKE_PREFIX_PATH}:/opt/ros/humble /usr/bin/cmake --install /home/ketg/Desktop/amr_ws/build/roboteq_ros2_driver
[0.587s] Level 1:colcon.colcon_core.environment:checking '/home/ketg/Desktop/amr_ws/install/roboteq_ros2_driver' for CMake config files
[0.587s] Level 1:colcon.colcon_core.shell:create_environment_hook('roboteq_ros2_driver', 'cmake_prefix_path')
[0.587s] INFO:colcon.colcon_core.shell:Creating environment hook '/home/ketg/Desktop/amr_ws/install/roboteq_ros2_driver/share/roboteq_ros2_driver/hook/cmake_prefix_path.ps1'
[0.588s] INFO:colcon.colcon_core.shell:Creating environment descriptor '/home/ketg/Desktop/amr_ws/install/roboteq_ros2_driver/share/roboteq_ros2_driver/hook/cmake_prefix_path.dsv'
[0.588s] INFO:colcon.colcon_core.shell:Creating environment hook '/home/ketg/Desktop/amr_ws/install/roboteq_ros2_driver/share/roboteq_ros2_driver/hook/cmake_prefix_path.sh'
[0.589s] Level 1:colcon.colcon_core.environment:checking '/home/ketg/Desktop/amr_ws/install/roboteq_ros2_driver/lib'
[0.589s] Level 1:colcon.colcon_core.environment:checking '/home/ketg/Desktop/amr_ws/install/roboteq_ros2_driver/bin'
[0.589s] Level 1:colcon.colcon_core.environment:checking '/home/ketg/Desktop/amr_ws/install/roboteq_ros2_driver/lib/pkgconfig/roboteq_ros2_driver.pc'
[0.589s] Level 1:colcon.colcon_core.environment:checking '/home/ketg/Desktop/amr_ws/install/roboteq_ros2_driver/lib/python3.10/site-packages'
[0.589s] Level 1:colcon.colcon_core.environment:checking '/home/ketg/Desktop/amr_ws/install/roboteq_ros2_driver/bin'
[0.589s] INFO:colcon.colcon_core.shell:Creating package script '/home/ketg/Desktop/amr_ws/install/roboteq_ros2_driver/share/roboteq_ros2_driver/package.ps1'
[0.590s] INFO:colcon.colcon_core.shell:Creating package descriptor '/home/ketg/Desktop/amr_ws/install/roboteq_ros2_driver/share/roboteq_ros2_driver/package.dsv'
[0.590s] INFO:colcon.colcon_core.shell:Creating package script '/home/ketg/Desktop/amr_ws/install/roboteq_ros2_driver/share/roboteq_ros2_driver/package.sh'
[0.590s] INFO:colcon.colcon_core.shell:Creating package script '/home/ketg/Desktop/amr_ws/install/roboteq_ros2_driver/share/roboteq_ros2_driver/package.bash'
[0.591s] INFO:colcon.colcon_core.shell:Creating package script '/home/ketg/Desktop/amr_ws/install/roboteq_ros2_driver/share/roboteq_ros2_driver/package.zsh'
[0.591s] Level 1:colcon.colcon_core.environment:create_file_with_runtime_dependencies(/home/ketg/Desktop/amr_ws/install/roboteq_ros2_driver/share/colcon-core/packages/roboteq_ros2_driver)
[0.591s] Level 1:colcon.colcon_core.environment:create_environment_scripts_only(roboteq_ros2_driver)
[0.592s] Level 1:colcon.colcon_core.environment:checking '/home/ketg/Desktop/amr_ws/install/roboteq_ros2_driver' for CMake module files
[0.592s] Level 1:colcon.colcon_core.environment:checking '/home/ketg/Desktop/amr_ws/install/roboteq_ros2_driver' for CMake config files
[0.592s] Level 1:colcon.colcon_core.shell:create_environment_hook('roboteq_ros2_driver', 'cmake_prefix_path')
[0.593s] INFO:colcon.colcon_core.shell:Creating environment hook '/home/ketg/Desktop/amr_ws/install/roboteq_ros2_driver/share/roboteq_ros2_driver/hook/cmake_prefix_path.ps1'
[0.593s] INFO:colcon.colcon_core.shell:Creating environment descriptor '/home/ketg/Desktop/amr_ws/install/roboteq_ros2_driver/share/roboteq_ros2_driver/hook/cmake_prefix_path.dsv'
[0.593s] INFO:colcon.colcon_core.shell:Creating environment hook '/home/ketg/Desktop/amr_ws/install/roboteq_ros2_driver/share/roboteq_ros2_driver/hook/cmake_prefix_path.sh'
[0.594s] Level 1:colcon.colcon_core.environment:checking '/home/ketg/Desktop/amr_ws/install/roboteq_ros2_driver/lib'
[0.594s] Level 1:colcon.colcon_core.environment:checking '/home/ketg/Desktop/amr_ws/install/roboteq_ros2_driver/bin'
[0.594s] Level 1:colcon.colcon_core.environment:checking '/home/ketg/Desktop/amr_ws/install/roboteq_ros2_driver/lib/pkgconfig/roboteq_ros2_driver.pc'
[0.594s] Level 1:colcon.colcon_core.environment:checking '/home/ketg/Desktop/amr_ws/install/roboteq_ros2_driver/lib/python3.10/site-packages'
[0.594s] Level 1:colcon.colcon_core.environment:checking '/home/ketg/Desktop/amr_ws/install/roboteq_ros2_driver/bin'
[0.594s] INFO:colcon.colcon_core.shell:Creating package script '/home/ketg/Desktop/amr_ws/install/roboteq_ros2_driver/share/roboteq_ros2_driver/package.ps1'
[0.595s] INFO:colcon.colcon_core.shell:Creating package descriptor '/home/ketg/Desktop/amr_ws/install/roboteq_ros2_driver/share/roboteq_ros2_driver/package.dsv'
[0.595s] INFO:colcon.colcon_core.shell:Creating package script '/home/ketg/Desktop/amr_ws/install/roboteq_ros2_driver/share/roboteq_ros2_driver/package.sh'
[0.596s] INFO:colcon.colcon_core.shell:Creating package script '/home/ketg/Desktop/amr_ws/install/roboteq_ros2_driver/share/roboteq_ros2_driver/package.bash'
[0.596s] INFO:colcon.colcon_core.shell:Creating package script '/home/ketg/Desktop/amr_ws/install/roboteq_ros2_driver/share/roboteq_ros2_driver/package.zsh'
[0.596s] Level 1:colcon.colcon_core.environment:create_file_with_runtime_dependencies(/home/ketg/Desktop/amr_ws/install/roboteq_ros2_driver/share/colcon-core/packages/roboteq_ros2_driver)
[0.597s] DEBUG:colcon.colcon_parallel_executor.executor.parallel:closing loop
[0.597s] DEBUG:colcon.colcon_parallel_executor.executor.parallel:loop closed
[0.597s] DEBUG:colcon.colcon_parallel_executor.executor.parallel:run_until_complete finished with '0'
[0.597s] DEBUG:colcon.colcon_core.event_reactor:joining thread
[0.605s] INFO:colcon.colcon_core.plugin_system:Skipping extension 'colcon_notification.desktop_notification.terminal_notifier': Not used on non-Darwin systems
[0.605s] INFO:colcon.colcon_core.plugin_system:Skipping extension 'colcon_notification.desktop_notification.win32': Not used on non-Windows systems
[0.605s] INFO:colcon.colcon_notification.desktop_notification:Sending desktop notification using 'notify2'
[0.614s] DEBUG:colcon.colcon_core.event_reactor:joined thread
[0.615s] INFO:colcon.colcon_core.shell:Creating prefix script '/home/ketg/Desktop/amr_ws/install/local_setup.ps1'
[0.616s] INFO:colcon.colcon_core.shell:Creating prefix util module '/home/ketg/Desktop/amr_ws/install/_local_setup_util_ps1.py'
[0.617s] INFO:colcon.colcon_core.shell:Creating prefix chain script '/home/ketg/Desktop/amr_ws/install/setup.ps1'
[0.619s] INFO:colcon.colcon_core.shell:Creating prefix script '/home/ketg/Desktop/amr_ws/install/local_setup.sh'
[0.619s] INFO:colcon.colcon_core.shell:Creating prefix util module '/home/ketg/Desktop/amr_ws/install/_local_setup_util_sh.py'
[0.620s] INFO:colcon.colcon_core.shell:Creating prefix chain script '/home/ketg/Desktop/amr_ws/install/setup.sh'
[0.621s] INFO:colcon.colcon_core.shell:Creating prefix script '/home/ketg/Desktop/amr_ws/install/local_setup.bash'
[0.622s] INFO:colcon.colcon_core.shell:Creating prefix chain script '/home/ketg/Desktop/amr_ws/install/setup.bash'
[0.623s] INFO:colcon.colcon_core.shell:Creating prefix script '/home/ketg/Desktop/amr_ws/install/local_setup.zsh'
[0.623s] INFO:colcon.colcon_core.shell:Creating prefix chain script '/home/ketg/Desktop/amr_ws/install/setup.zsh'
