[0.018s] Invoking command in '/home/ketg/Desktop/amr_ws/build/my_robot_description': CMAKE_PREFIX_PATH=/opt/ros/humble /usr/bin/cmake /home/ketg/Desktop/amr_ws/src/my_robot_description -DCMAKE_INSTALL_PREFIX=/home/ketg/Desktop/amr_ws/install/my_robot_description
[0.082s] -- The C compiler identification is GNU 11.4.0
[0.140s] -- The CXX compiler identification is GNU 11.4.0
[0.149s] -- Detecting C compiler ABI info
[0.217s] -- Detecting C compiler ABI info - done
[0.228s] -- Check for working C compiler: /usr/bin/cc - skipped
[0.229s] -- Detecting C compile features
[0.230s] -- Detecting C compile features - done
[0.232s] -- Detecting CXX compiler ABI info
[0.304s] -- Detecting CXX compiler ABI info - done
[0.317s] -- Check for working CXX compiler: /usr/bin/c++ - skipped
[0.317s] -- Detecting CXX compile features
[0.318s] -- Detecting CXX compile features - done
[0.321s] -- Found ament_cmake: 1.3.11 (/opt/ros/humble/share/ament_cmake/cmake)
[0.476s] -- Found Python3: /usr/bin/python3 (found version "3.10.12") found components: Interpreter 
[0.571s] -- Found ament_lint_auto: 0.12.11 (/opt/ros/humble/share/ament_lint_auto/cmake)
[0.669s] -- Added test 'copyright' to check source files copyright and LICENSE
[0.673s] -- Added test 'flake8' to check Python code syntax and style conventions
[0.673s] -- Added test 'lint_cmake' to check CMake code style
[0.674s] -- Added test 'pep257' to check Python code against some of the docstring style conventions in PEP 257
[0.676s] -- Added test 'xmllint' to check XML markup files
[0.677s] -- Configuring done
[0.681s] -- Generating done
[0.684s] -- Build files have been written to: /home/ketg/Desktop/amr_ws/build/my_robot_description
[0.689s] Invoked command in '/home/ketg/Desktop/amr_ws/build/my_robot_description' returned '0': CMAKE_PREFIX_PATH=/opt/ros/humble /usr/bin/cmake /home/ketg/Desktop/amr_ws/src/my_robot_description -DCMAKE_INSTALL_PREFIX=/home/ketg/Desktop/amr_ws/install/my_robot_description
[0.691s] Invoking command in '/home/ketg/Desktop/amr_ws/build/my_robot_description': CMAKE_PREFIX_PATH=/opt/ros/humble /usr/bin/cmake --build /home/ketg/Desktop/amr_ws/build/my_robot_description -- -j8 -l8
[0.732s] Invoked command in '/home/ketg/Desktop/amr_ws/build/my_robot_description' returned '0': CMAKE_PREFIX_PATH=/opt/ros/humble /usr/bin/cmake --build /home/ketg/Desktop/amr_ws/build/my_robot_description -- -j8 -l8
[0.744s] Invoking command in '/home/ketg/Desktop/amr_ws/build/my_robot_description': CMAKE_PREFIX_PATH=/opt/ros/humble /usr/bin/cmake --install /home/ketg/Desktop/amr_ws/build/my_robot_description
[0.753s] -- Install configuration: ""
[0.753s] -- Installing: /home/ketg/Desktop/amr_ws/install/my_robot_description/share/my_robot_description/launch
[0.753s] -- Installing: /home/ketg/Desktop/amr_ws/install/my_robot_description/share/my_robot_description/launch/gazebo.launch.py
[0.753s] -- Installing: /home/ketg/Desktop/amr_ws/install/my_robot_description/share/my_robot_description/urdf
[0.753s] -- Installing: /home/ketg/Desktop/amr_ws/install/my_robot_description/share/my_robot_description/urdf/amr_robot.urdf.xacro
[0.753s] -- Installing: /home/ketg/Desktop/amr_ws/install/my_robot_description/share/my_robot_description/config
[0.753s] -- Installing: /home/ketg/Desktop/amr_ws/install/my_robot_description/share/my_robot_description/config/ros2_control.yaml
[0.753s] -- Installing: /home/ketg/Desktop/amr_ws/install/my_robot_description/share/ament_index/resource_index/package_run_dependencies/my_robot_description
[0.753s] -- Installing: /home/ketg/Desktop/amr_ws/install/my_robot_description/share/ament_index/resource_index/parent_prefix_path/my_robot_description
[0.754s] -- Installing: /home/ketg/Desktop/amr_ws/install/my_robot_description/share/my_robot_description/environment/ament_prefix_path.sh
[0.754s] -- Installing: /home/ketg/Desktop/amr_ws/install/my_robot_description/share/my_robot_description/environment/ament_prefix_path.dsv
[0.754s] -- Installing: /home/ketg/Desktop/amr_ws/install/my_robot_description/share/my_robot_description/environment/path.sh
[0.754s] -- Installing: /home/ketg/Desktop/amr_ws/install/my_robot_description/share/my_robot_description/environment/path.dsv
[0.754s] -- Installing: /home/ketg/Desktop/amr_ws/install/my_robot_description/share/my_robot_description/local_setup.bash
[0.754s] -- Installing: /home/ketg/Desktop/amr_ws/install/my_robot_description/share/my_robot_description/local_setup.sh
[0.754s] -- Installing: /home/ketg/Desktop/amr_ws/install/my_robot_description/share/my_robot_description/local_setup.zsh
[0.754s] -- Installing: /home/ketg/Desktop/amr_ws/install/my_robot_description/share/my_robot_description/local_setup.dsv
[0.754s] -- Installing: /home/ketg/Desktop/amr_ws/install/my_robot_description/share/my_robot_description/package.dsv
[0.754s] -- Installing: /home/ketg/Desktop/amr_ws/install/my_robot_description/share/ament_index/resource_index/packages/my_robot_description
[0.754s] -- Installing: /home/ketg/Desktop/amr_ws/install/my_robot_description/share/my_robot_description/cmake/my_robot_descriptionConfig.cmake
[0.755s] -- Installing: /home/ketg/Desktop/amr_ws/install/my_robot_description/share/my_robot_description/cmake/my_robot_descriptionConfig-version.cmake
[0.755s] -- Installing: /home/ketg/Desktop/amr_ws/install/my_robot_description/share/my_robot_description/package.xml
[0.757s] Invoked command in '/home/ketg/Desktop/amr_ws/build/my_robot_description' returned '0': CMAKE_PREFIX_PATH=/opt/ros/humble /usr/bin/cmake --install /home/ketg/Desktop/amr_ws/build/my_robot_description
