[0.019s] Invoking command in '/home/ketg/Desktop/amr_ws/build/my_robot_bringup': CMAKE_PREFIX_PATH=${CMAKE_PREFIX_PATH}:/opt/ros/humble /usr/bin/cmake /home/ketg/Desktop/amr_ws/src/my_robot_bringup -DCMAKE_INSTALL_PREFIX=/home/ketg/Desktop/amr_ws/install/my_robot_bringup
[0.069s] -- The C compiler identification is GNU 11.4.0
[0.124s] -- The CXX compiler identification is GNU 11.4.0
[0.130s] -- Detecting C compiler ABI info
[0.190s] -- Detecting C compiler ABI info - done
[0.197s] -- Check for working C compiler: /usr/bin/cc - skipped
[0.197s] -- Detecting C compile features
[0.198s] -- Detecting C compile features - done
[0.200s] -- Detecting CXX compiler ABI info
[0.267s] -- Detecting CXX compiler ABI info - done
[0.276s] -- Check for working CXX compiler: /usr/bin/c++ - skipped
[0.276s] -- Detecting CXX compile features
[0.277s] -- Detecting CXX compile features - done
[0.280s] -- Found ament_cmake: 1.3.11 (/opt/ros/humble/share/ament_cmake/cmake)
[0.431s] -- Found Python3: /usr/bin/python3 (found version "3.10.12") found components: Interpreter 
[0.529s] -- Found ament_lint_auto: 0.12.11 (/opt/ros/humble/share/ament_lint_auto/cmake)
[0.619s] -- Added test 'copyright' to check source files copyright and LICENSE
[0.620s] -- Added test 'lint_cmake' to check CMake code style
[0.621s] -- Added test 'xmllint' to check XML markup files
[0.622s] -- Configuring done
[0.624s] -- Generating done
[0.625s] -- Build files have been written to: /home/ketg/Desktop/amr_ws/build/my_robot_bringup
[0.630s] Invoked command in '/home/ketg/Desktop/amr_ws/build/my_robot_bringup' returned '0': CMAKE_PREFIX_PATH=${CMAKE_PREFIX_PATH}:/opt/ros/humble /usr/bin/cmake /home/ketg/Desktop/amr_ws/src/my_robot_bringup -DCMAKE_INSTALL_PREFIX=/home/ketg/Desktop/amr_ws/install/my_robot_bringup
[0.632s] Invoking command in '/home/ketg/Desktop/amr_ws/build/my_robot_bringup': CMAKE_PREFIX_PATH=${CMAKE_PREFIX_PATH}:/opt/ros/humble /usr/bin/cmake --build /home/ketg/Desktop/amr_ws/build/my_robot_bringup -- -j8 -l8
[0.662s] Invoked command in '/home/ketg/Desktop/amr_ws/build/my_robot_bringup' returned '0': CMAKE_PREFIX_PATH=${CMAKE_PREFIX_PATH}:/opt/ros/humble /usr/bin/cmake --build /home/ketg/Desktop/amr_ws/build/my_robot_bringup -- -j8 -l8
[0.670s] Invoking command in '/home/ketg/Desktop/amr_ws/build/my_robot_bringup': CMAKE_PREFIX_PATH=${CMAKE_PREFIX_PATH}:/opt/ros/humble /usr/bin/cmake --install /home/ketg/Desktop/amr_ws/build/my_robot_bringup
[0.677s] -- Install configuration: ""
[0.677s] -- Installing: /home/ketg/Desktop/amr_ws/install/my_robot_bringup/share/ament_index/resource_index/package_run_dependencies/my_robot_bringup
[0.677s] -- Installing: /home/ketg/Desktop/amr_ws/install/my_robot_bringup/share/ament_index/resource_index/parent_prefix_path/my_robot_bringup
[0.677s] -- Installing: /home/ketg/Desktop/amr_ws/install/my_robot_bringup/share/my_robot_bringup/environment/ament_prefix_path.sh
[0.677s] -- Installing: /home/ketg/Desktop/amr_ws/install/my_robot_bringup/share/my_robot_bringup/environment/ament_prefix_path.dsv
[0.677s] -- Installing: /home/ketg/Desktop/amr_ws/install/my_robot_bringup/share/my_robot_bringup/environment/path.sh
[0.677s] -- Installing: /home/ketg/Desktop/amr_ws/install/my_robot_bringup/share/my_robot_bringup/environment/path.dsv
[0.678s] -- Installing: /home/ketg/Desktop/amr_ws/install/my_robot_bringup/share/my_robot_bringup/local_setup.bash
[0.678s] -- Installing: /home/ketg/Desktop/amr_ws/install/my_robot_bringup/share/my_robot_bringup/local_setup.sh
[0.678s] -- Installing: /home/ketg/Desktop/amr_ws/install/my_robot_bringup/share/my_robot_bringup/local_setup.zsh
[0.678s] -- Installing: /home/ketg/Desktop/amr_ws/install/my_robot_bringup/share/my_robot_bringup/local_setup.dsv
[0.678s] -- Installing: /home/ketg/Desktop/amr_ws/install/my_robot_bringup/share/my_robot_bringup/package.dsv
[0.678s] -- Installing: /home/ketg/Desktop/amr_ws/install/my_robot_bringup/share/ament_index/resource_index/packages/my_robot_bringup
[0.678s] -- Installing: /home/ketg/Desktop/amr_ws/install/my_robot_bringup/share/my_robot_bringup/cmake/my_robot_bringupConfig.cmake
[0.681s] -- Installing: /home/ketg/Desktop/amr_ws/install/my_robot_bringup/share/my_robot_bringup/cmake/my_robot_bringupConfig-version.cmake
[0.681s] -- Installing: /home/ketg/Desktop/amr_ws/install/my_robot_bringup/share/my_robot_bringup/package.xml
[0.685s] Invoked command in '/home/ketg/Desktop/amr_ws/build/my_robot_bringup' returned '0': CMAKE_PREFIX_PATH=${CMAKE_PREFIX_PATH}:/opt/ros/humble /usr/bin/cmake --install /home/ketg/Desktop/amr_ws/build/my_robot_bringup
