-- The C compiler identification is GNU 11.4.0
-- The CXX compiler identification is GNU 11.4.0
-- Detecting C compiler ABI info
-- Detecting C compiler ABI info - done
-- Check for working C compiler: /usr/bin/cc - skipped
-- Detecting C compile features
-- Detecting C compile features - done
-- Detecting CXX compiler ABI info
-- Detecting CXX compiler ABI info - done
-- Check for working CXX compiler: /usr/bin/c++ - skipped
-- Detecting CXX compile features
-- Detecting CXX compile features - done
-- Found ament_cmake: 1.3.11 (/opt/ros/humble/share/ament_cmake/cmake)
-- Found Python3: /usr/bin/python3 (found version "3.10.12") found components: Interpreter 
-- Found serial: 1.2.1 (/home/ketg/Desktop/amr_ws/install/serial/share/serial/cmake)
-- Found hardware_interface: 2.47.0 (/opt/ros/humble/share/hardware_interface/cmake)
-- Found rosidl_generator_c: 3.1.6 (/opt/ros/humble/share/rosidl_generator_c/cmake)
-- Found rosidl_adapter: 3.1.6 (/opt/ros/humble/share/rosidl_adapter/cmake)
-- Found rosidl_generator_cpp: 3.1.6 (/opt/ros/humble/share/rosidl_generator_cpp/cmake)
-- Using all available rosidl_typesupport_c: rosidl_typesupport_fastrtps_c;rosidl_typesupport_introspection_c
-- Using all available rosidl_typesupport_cpp: rosidl_typesupport_fastrtps_cpp;rosidl_typesupport_introspection_cpp
-- Found rmw_implementation_cmake: 6.1.2 (/opt/ros/humble/share/rmw_implementation_cmake/cmake)
-- Found rmw_fastrtps_cpp: 6.2.7 (/opt/ros/humble/share/rmw_fastrtps_cpp/cmake)
-- Found TinyXML2 via Config file: TinyXML2_DIR-NOTFOUND
-- Found OpenSSL: /usr/lib/x86_64-linux-gnu/libcrypto.so (found version "3.0.2")  
-- Found TinyXML2 via Config file: TinyXML2_DIR-NOTFOUND
-- Found FastRTPS: /opt/ros/humble/include  
-- Found TinyXML2 via Config file: TinyXML2_DIR-NOTFOUND
-- Found TinyXML2 via Config file: TinyXML2_DIR-NOTFOUND
-- Using RMW implementation 'rmw_fastrtps_cpp' as default
-- Looking for pthread.h
-- Looking for pthread.h - found
-- Performing Test CMAKE_HAVE_LIBC_PTHREAD
-- Performing Test CMAKE_HAVE_LIBC_PTHREAD - Success
-- Found Threads: TRUE  
-- Found controller_manager: 2.48.0 (/opt/ros/humble/share/controller_manager/cmake)
-- Configuring done
-- Generating done
-- Build files have been written to: /home/ketg/Desktop/amr_ws/build/diffdrive_roboteq
[ 66%] [32mBuilding CXX object CMakeFiles/diffdrive_roboteq.dir/src/query_config.cpp.o[0m
[ 66%] [32mBuilding CXX object CMakeFiles/diffdrive_roboteq.dir/src/diffdrive_roboteq.cpp.o[0m
[100%] [32m[1mLinking CXX shared library libdiffdrive_roboteq.so[0m
[100%] Built target diffdrive_roboteq
-- Install configuration: ""
-- Installing: /home/ketg/Desktop/amr_ws/install/diffdrive_roboteq/share/diffdrive_roboteq/src
-- Installing: /home/ketg/Desktop/amr_ws/install/diffdrive_roboteq/share/diffdrive_roboteq/src/diffdrive_roboteq.cpp
-- Installing: /home/ketg/Desktop/amr_ws/install/diffdrive_roboteq/share/diffdrive_roboteq/src/query_config.cpp
-- Installing: /home/ketg/Desktop/amr_ws/install/diffdrive_roboteq/share/diffdrive_roboteq/config
-- Installing: /home/ketg/Desktop/amr_ws/install/diffdrive_roboteq/share/diffdrive_roboteq/config/query.yaml
-- Installing: /home/ketg/Desktop/amr_ws/install/diffdrive_roboteq/include/diffdrive_roboteq
-- Installing: /home/ketg/Desktop/amr_ws/install/diffdrive_roboteq/include/diffdrive_roboteq/diffdrive_roboteq
-- Installing: /home/ketg/Desktop/amr_ws/install/diffdrive_roboteq/include/diffdrive_roboteq/diffdrive_roboteq/visibility_control.h
-- Installing: /home/ketg/Desktop/amr_ws/install/diffdrive_roboteq/include/diffdrive_roboteq/diffdrive_roboteq/query_config.hpp
-- Installing: /home/ketg/Desktop/amr_ws/install/diffdrive_roboteq/include/diffdrive_roboteq/diffdrive_roboteq/diffdrive_roboteq.hpp
-- Installing: /home/ketg/Desktop/amr_ws/install/diffdrive_roboteq/lib/libdiffdrive_roboteq.so
-- Set runtime path of "/home/ketg/Desktop/amr_ws/install/diffdrive_roboteq/lib/libdiffdrive_roboteq.so" to ""
-- Installing: /home/ketg/Desktop/amr_ws/install/diffdrive_roboteq/share/diffdrive_roboteq/diffdrive_roboteq.xml
-- Installing: /home/ketg/Desktop/amr_ws/install/diffdrive_roboteq/share/diffdrive_roboteq/environment/library_path.sh
-- Installing: /home/ketg/Desktop/amr_ws/install/diffdrive_roboteq/share/diffdrive_roboteq/environment/library_path.dsv
-- Installing: /home/ketg/Desktop/amr_ws/install/diffdrive_roboteq/share/ament_index/resource_index/package_run_dependencies/diffdrive_roboteq
-- Installing: /home/ketg/Desktop/amr_ws/install/diffdrive_roboteq/share/ament_index/resource_index/parent_prefix_path/diffdrive_roboteq
-- Installing: /home/ketg/Desktop/amr_ws/install/diffdrive_roboteq/share/diffdrive_roboteq/environment/ament_prefix_path.sh
-- Installing: /home/ketg/Desktop/amr_ws/install/diffdrive_roboteq/share/diffdrive_roboteq/environment/ament_prefix_path.dsv
-- Installing: /home/ketg/Desktop/amr_ws/install/diffdrive_roboteq/share/diffdrive_roboteq/environment/path.sh
-- Installing: /home/ketg/Desktop/amr_ws/install/diffdrive_roboteq/share/diffdrive_roboteq/environment/path.dsv
-- Installing: /home/ketg/Desktop/amr_ws/install/diffdrive_roboteq/share/diffdrive_roboteq/local_setup.bash
-- Installing: /home/ketg/Desktop/amr_ws/install/diffdrive_roboteq/share/diffdrive_roboteq/local_setup.sh
-- Installing: /home/ketg/Desktop/amr_ws/install/diffdrive_roboteq/share/diffdrive_roboteq/local_setup.zsh
-- Installing: /home/ketg/Desktop/amr_ws/install/diffdrive_roboteq/share/diffdrive_roboteq/local_setup.dsv
-- Installing: /home/ketg/Desktop/amr_ws/install/diffdrive_roboteq/share/diffdrive_roboteq/package.dsv
-- Installing: /home/ketg/Desktop/amr_ws/install/diffdrive_roboteq/share/ament_index/resource_index/packages/diffdrive_roboteq
-- Installing: /home/ketg/Desktop/amr_ws/install/diffdrive_roboteq/share/ament_index/resource_index/hardware_interface__pluginlib__plugin/diffdrive_roboteq
-- Installing: /home/ketg/Desktop/amr_ws/install/diffdrive_roboteq/share/diffdrive_roboteq/cmake/ament_cmake_export_libraries-extras.cmake
-- Installing: /home/ketg/Desktop/amr_ws/install/diffdrive_roboteq/share/diffdrive_roboteq/cmake/ament_cmake_export_dependencies-extras.cmake
-- Installing: /home/ketg/Desktop/amr_ws/install/diffdrive_roboteq/share/diffdrive_roboteq/cmake/diffdrive_roboteqConfig.cmake
-- Installing: /home/ketg/Desktop/amr_ws/install/diffdrive_roboteq/share/diffdrive_roboteq/cmake/diffdrive_roboteqConfig-version.cmake
-- Installing: /home/ketg/Desktop/amr_ws/install/diffdrive_roboteq/share/diffdrive_roboteq/package.xml
