[0.127s] DEBUG:colcon:Command line arguments: ['/usr/bin/colcon', 'build']
[0.127s] DEBUG:colcon:Parsed command line arguments: Namespace(log_base=None, log_level=None, verb_name='build', build_base='build', install_base='install', merge_install=False, symlink_install=False, test_result_base=None, continue_on_error=False, executor='parallel', parallel_workers=8, event_handlers=None, ignore_user_meta=False, metas=['./colcon.meta'], base_paths=['.'], packages_ignore=None, packages_ignore_regex=None, paths=None, packages_up_to=None, packages_up_to_regex=None, packages_above=None, packages_above_and_dependencies=None, packages_above_depth=None, packages_select_by_dep=None, packages_skip_by_dep=None, packages_skip_up_to=None, packages_select_build_failed=False, packages_skip_build_finished=False, packages_select_test_failures=False, packages_skip_test_passed=False, packages_select=None, packages_skip=None, packages_select_regex=None, packages_skip_regex=None, packages_start=None, packages_end=None, allow_overriding=[], cmake_args=None, cmake_target=None, cmake_target_skip_unavailable=False, cmake_clean_cache=False, cmake_clean_first=False, cmake_force_configure=False, ament_cmake_args=None, catkin_cmake_args=None, catkin_skip_building_tests=False, mixin_files=None, mixin=None, verb_parser=<colcon_mixin.mixin.mixin_argument.MixinArgumentDecorator object at 0x7f777111f970>, verb_extension=<colcon_core.verb.build.BuildVerb object at 0x7f777111c880>, main=<bound method BuildVerb.main of <colcon_core.verb.build.BuildVerb object at 0x7f777111c880>>, mixin_verb=('build',))
[0.260s] Level 1:colcon.colcon_core.package_discovery:discover_packages(colcon_meta) check parameters
[0.260s] Level 1:colcon.colcon_core.package_discovery:discover_packages(recursive) check parameters
[0.260s] Level 1:colcon.colcon_core.package_discovery:discover_packages(ignore) check parameters
[0.260s] Level 1:colcon.colcon_core.package_discovery:discover_packages(path) check parameters
[0.260s] Level 1:colcon.colcon_core.package_discovery:discover_packages(colcon_meta) discover
[0.260s] Level 1:colcon.colcon_core.package_discovery:discover_packages(recursive) discover
[0.260s] INFO:colcon.colcon_core.package_discovery:Crawling recursively for packages in '/home/ketg/Desktop/amr_ws'
[0.261s] Level 1:colcon.colcon_core.package_identification:_identify(.) by extensions ['ignore', 'ignore_ament_install']
[0.261s] Level 1:colcon.colcon_core.package_identification:_identify(.) by extension 'ignore'
[0.261s] Level 1:colcon.colcon_core.package_identification:_identify(.) by extension 'ignore_ament_install'
[0.261s] Level 1:colcon.colcon_core.package_identification:_identify(.) by extensions ['colcon_pkg']
[0.261s] Level 1:colcon.colcon_core.package_identification:_identify(.) by extension 'colcon_pkg'
[0.261s] Level 1:colcon.colcon_core.package_identification:_identify(.) by extensions ['colcon_meta']
[0.261s] Level 1:colcon.colcon_core.package_identification:_identify(.) by extension 'colcon_meta'
[0.261s] Level 1:colcon.colcon_core.package_identification:_identify(.) by extensions ['ros']
[0.261s] Level 1:colcon.colcon_core.package_identification:_identify(.) by extension 'ros'
[0.273s] Level 1:colcon.colcon_core.package_identification:_identify(.) by extensions ['cmake', 'python']
[0.274s] Level 1:colcon.colcon_core.package_identification:_identify(.) by extension 'cmake'
[0.274s] Level 1:colcon.colcon_core.package_identification:_identify(.) by extension 'python'
[0.274s] Level 1:colcon.colcon_core.package_identification:_identify(.) by extensions ['python_setup_py']
[0.274s] Level 1:colcon.colcon_core.package_identification:_identify(.) by extension 'python_setup_py'
[0.274s] Level 1:colcon.colcon_core.package_identification:_identify(build) by extensions ['ignore', 'ignore_ament_install']
[0.274s] Level 1:colcon.colcon_core.package_identification:_identify(build) by extension 'ignore'
[0.274s] Level 1:colcon.colcon_core.package_identification:_identify(build) ignored
[0.274s] Level 1:colcon.colcon_core.package_identification:_identify(install) by extensions ['ignore', 'ignore_ament_install']
[0.274s] Level 1:colcon.colcon_core.package_identification:_identify(install) by extension 'ignore'
[0.274s] Level 1:colcon.colcon_core.package_identification:_identify(install) ignored
[0.275s] Level 1:colcon.colcon_core.package_identification:_identify(log) by extensions ['ignore', 'ignore_ament_install']
[0.275s] Level 1:colcon.colcon_core.package_identification:_identify(log) by extension 'ignore'
[0.275s] Level 1:colcon.colcon_core.package_identification:_identify(log) ignored
[0.275s] Level 1:colcon.colcon_core.package_identification:_identify(src) by extensions ['ignore', 'ignore_ament_install']
[0.275s] Level 1:colcon.colcon_core.package_identification:_identify(src) by extension 'ignore'
[0.275s] Level 1:colcon.colcon_core.package_identification:_identify(src) by extension 'ignore_ament_install'
[0.275s] Level 1:colcon.colcon_core.package_identification:_identify(src) by extensions ['colcon_pkg']
[0.275s] Level 1:colcon.colcon_core.package_identification:_identify(src) by extension 'colcon_pkg'
[0.275s] Level 1:colcon.colcon_core.package_identification:_identify(src) by extensions ['colcon_meta']
[0.275s] Level 1:colcon.colcon_core.package_identification:_identify(src) by extension 'colcon_meta'
[0.275s] Level 1:colcon.colcon_core.package_identification:_identify(src) by extensions ['ros']
[0.275s] Level 1:colcon.colcon_core.package_identification:_identify(src) by extension 'ros'
[0.275s] Level 1:colcon.colcon_core.package_identification:_identify(src) by extensions ['cmake', 'python']
[0.275s] Level 1:colcon.colcon_core.package_identification:_identify(src) by extension 'cmake'
[0.276s] Level 1:colcon.colcon_core.package_identification:_identify(src) by extension 'python'
[0.276s] Level 1:colcon.colcon_core.package_identification:_identify(src) by extensions ['python_setup_py']
[0.276s] Level 1:colcon.colcon_core.package_identification:_identify(src) by extension 'python_setup_py'
[0.276s] Level 1:colcon.colcon_core.package_identification:_identify(src/my_robot_bringup) by extensions ['ignore', 'ignore_ament_install']
[0.276s] Level 1:colcon.colcon_core.package_identification:_identify(src/my_robot_bringup) by extension 'ignore'
[0.276s] Level 1:colcon.colcon_core.package_identification:_identify(src/my_robot_bringup) by extension 'ignore_ament_install'
[0.276s] Level 1:colcon.colcon_core.package_identification:_identify(src/my_robot_bringup) by extensions ['colcon_pkg']
[0.276s] Level 1:colcon.colcon_core.package_identification:_identify(src/my_robot_bringup) by extension 'colcon_pkg'
[0.276s] Level 1:colcon.colcon_core.package_identification:_identify(src/my_robot_bringup) by extensions ['colcon_meta']
[0.276s] Level 1:colcon.colcon_core.package_identification:_identify(src/my_robot_bringup) by extension 'colcon_meta'
[0.276s] Level 1:colcon.colcon_core.package_identification:_identify(src/my_robot_bringup) by extensions ['ros']
[0.276s] Level 1:colcon.colcon_core.package_identification:_identify(src/my_robot_bringup) by extension 'ros'
[0.279s] DEBUG:colcon.colcon_core.package_identification:Package 'src/my_robot_bringup' with type 'ros.ament_cmake' and name 'my_robot_bringup'
[0.279s] Level 1:colcon.colcon_core.package_identification:_identify(src/my_robot_description) by extensions ['ignore', 'ignore_ament_install']
[0.279s] Level 1:colcon.colcon_core.package_identification:_identify(src/my_robot_description) by extension 'ignore'
[0.279s] Level 1:colcon.colcon_core.package_identification:_identify(src/my_robot_description) by extension 'ignore_ament_install'
[0.279s] Level 1:colcon.colcon_core.package_identification:_identify(src/my_robot_description) by extensions ['colcon_pkg']
[0.279s] Level 1:colcon.colcon_core.package_identification:_identify(src/my_robot_description) by extension 'colcon_pkg'
[0.279s] Level 1:colcon.colcon_core.package_identification:_identify(src/my_robot_description) by extensions ['colcon_meta']
[0.279s] Level 1:colcon.colcon_core.package_identification:_identify(src/my_robot_description) by extension 'colcon_meta'
[0.279s] Level 1:colcon.colcon_core.package_identification:_identify(src/my_robot_description) by extensions ['ros']
[0.279s] Level 1:colcon.colcon_core.package_identification:_identify(src/my_robot_description) by extension 'ros'
[0.280s] DEBUG:colcon.colcon_core.package_identification:Package 'src/my_robot_description' with type 'ros.ament_cmake' and name 'my_robot_description'
[0.280s] Level 1:colcon.colcon_core.package_identification:_identify(src/my_robot_navigation) by extensions ['ignore', 'ignore_ament_install']
[0.280s] Level 1:colcon.colcon_core.package_identification:_identify(src/my_robot_navigation) by extension 'ignore'
[0.280s] Level 1:colcon.colcon_core.package_identification:_identify(src/my_robot_navigation) by extension 'ignore_ament_install'
[0.280s] Level 1:colcon.colcon_core.package_identification:_identify(src/my_robot_navigation) by extensions ['colcon_pkg']
[0.280s] Level 1:colcon.colcon_core.package_identification:_identify(src/my_robot_navigation) by extension 'colcon_pkg'
[0.280s] Level 1:colcon.colcon_core.package_identification:_identify(src/my_robot_navigation) by extensions ['colcon_meta']
[0.280s] Level 1:colcon.colcon_core.package_identification:_identify(src/my_robot_navigation) by extension 'colcon_meta'
[0.281s] Level 1:colcon.colcon_core.package_identification:_identify(src/my_robot_navigation) by extensions ['ros']
[0.281s] Level 1:colcon.colcon_core.package_identification:_identify(src/my_robot_navigation) by extension 'ros'
[0.281s] DEBUG:colcon.colcon_core.package_identification:Package 'src/my_robot_navigation' with type 'ros.ament_cmake' and name 'my_robot_navigation'
[0.281s] Level 1:colcon.colcon_core.package_identification:_identify(src/my_robot_slam) by extensions ['ignore', 'ignore_ament_install']
[0.281s] Level 1:colcon.colcon_core.package_identification:_identify(src/my_robot_slam) by extension 'ignore'
[0.281s] Level 1:colcon.colcon_core.package_identification:_identify(src/my_robot_slam) by extension 'ignore_ament_install'
[0.281s] Level 1:colcon.colcon_core.package_identification:_identify(src/my_robot_slam) by extensions ['colcon_pkg']
[0.281s] Level 1:colcon.colcon_core.package_identification:_identify(src/my_robot_slam) by extension 'colcon_pkg'
[0.281s] Level 1:colcon.colcon_core.package_identification:_identify(src/my_robot_slam) by extensions ['colcon_meta']
[0.281s] Level 1:colcon.colcon_core.package_identification:_identify(src/my_robot_slam) by extension 'colcon_meta'
[0.282s] Level 1:colcon.colcon_core.package_identification:_identify(src/my_robot_slam) by extensions ['ros']
[0.282s] Level 1:colcon.colcon_core.package_identification:_identify(src/my_robot_slam) by extension 'ros'
[0.282s] DEBUG:colcon.colcon_core.package_identification:Package 'src/my_robot_slam' with type 'ros.ament_cmake' and name 'my_robot_slam'
[0.282s] Level 1:colcon.colcon_core.package_discovery:discover_packages(recursive) using defaults
[0.282s] Level 1:colcon.colcon_core.package_discovery:discover_packages(ignore) discover
[0.282s] Level 1:colcon.colcon_core.package_discovery:discover_packages(ignore) using defaults
[0.282s] Level 1:colcon.colcon_core.package_discovery:discover_packages(path) discover
[0.282s] Level 1:colcon.colcon_core.package_discovery:discover_packages(path) using defaults
[0.309s] Level 1:colcon.colcon_core.package_discovery:discover_packages(prefix_path) check parameters
[0.309s] Level 1:colcon.colcon_core.package_discovery:discover_packages(prefix_path) discover
[0.311s] DEBUG:colcon.colcon_installed_package_information.package_discovery:Found 4 installed packages in /home/ketg/Desktop/amr_ws/install
[0.313s] DEBUG:colcon.colcon_installed_package_information.package_discovery:Found 321 installed packages in /opt/ros/humble
[0.314s] Level 1:colcon.colcon_core.package_discovery:discover_packages(prefix_path) using defaults
[0.345s] Level 5:colcon.colcon_core.verb:set package 'my_robot_bringup' build argument 'cmake_args' from command line to 'None'
[0.345s] Level 5:colcon.colcon_core.verb:set package 'my_robot_bringup' build argument 'cmake_target' from command line to 'None'
[0.345s] Level 5:colcon.colcon_core.verb:set package 'my_robot_bringup' build argument 'cmake_target_skip_unavailable' from command line to 'False'
[0.345s] Level 5:colcon.colcon_core.verb:set package 'my_robot_bringup' build argument 'cmake_clean_cache' from command line to 'False'
[0.345s] Level 5:colcon.colcon_core.verb:set package 'my_robot_bringup' build argument 'cmake_clean_first' from command line to 'False'
[0.345s] Level 5:colcon.colcon_core.verb:set package 'my_robot_bringup' build argument 'cmake_force_configure' from command line to 'False'
[0.345s] Level 5:colcon.colcon_core.verb:set package 'my_robot_bringup' build argument 'ament_cmake_args' from command line to 'None'
[0.345s] Level 5:colcon.colcon_core.verb:set package 'my_robot_bringup' build argument 'catkin_cmake_args' from command line to 'None'
[0.345s] Level 5:colcon.colcon_core.verb:set package 'my_robot_bringup' build argument 'catkin_skip_building_tests' from command line to 'False'
[0.345s] DEBUG:colcon.colcon_core.verb:Building package 'my_robot_bringup' with the following arguments: {'ament_cmake_args': None, 'build_base': '/home/ketg/Desktop/amr_ws/build/my_robot_bringup', 'catkin_cmake_args': None, 'catkin_skip_building_tests': False, 'cmake_args': None, 'cmake_clean_cache': False, 'cmake_clean_first': False, 'cmake_force_configure': False, 'cmake_target': None, 'cmake_target_skip_unavailable': False, 'install_base': '/home/ketg/Desktop/amr_ws/install/my_robot_bringup', 'merge_install': False, 'path': '/home/ketg/Desktop/amr_ws/src/my_robot_bringup', 'symlink_install': False, 'test_result_base': None}
[0.345s] Level 5:colcon.colcon_core.verb:set package 'my_robot_description' build argument 'cmake_args' from command line to 'None'
[0.345s] Level 5:colcon.colcon_core.verb:set package 'my_robot_description' build argument 'cmake_target' from command line to 'None'
[0.345s] Level 5:colcon.colcon_core.verb:set package 'my_robot_description' build argument 'cmake_target_skip_unavailable' from command line to 'False'
[0.345s] Level 5:colcon.colcon_core.verb:set package 'my_robot_description' build argument 'cmake_clean_cache' from command line to 'False'
[0.345s] Level 5:colcon.colcon_core.verb:set package 'my_robot_description' build argument 'cmake_clean_first' from command line to 'False'
[0.345s] Level 5:colcon.colcon_core.verb:set package 'my_robot_description' build argument 'cmake_force_configure' from command line to 'False'
[0.345s] Level 5:colcon.colcon_core.verb:set package 'my_robot_description' build argument 'ament_cmake_args' from command line to 'None'
[0.345s] Level 5:colcon.colcon_core.verb:set package 'my_robot_description' build argument 'catkin_cmake_args' from command line to 'None'
[0.345s] Level 5:colcon.colcon_core.verb:set package 'my_robot_description' build argument 'catkin_skip_building_tests' from command line to 'False'
[0.345s] DEBUG:colcon.colcon_core.verb:Building package 'my_robot_description' with the following arguments: {'ament_cmake_args': None, 'build_base': '/home/ketg/Desktop/amr_ws/build/my_robot_description', 'catkin_cmake_args': None, 'catkin_skip_building_tests': False, 'cmake_args': None, 'cmake_clean_cache': False, 'cmake_clean_first': False, 'cmake_force_configure': False, 'cmake_target': None, 'cmake_target_skip_unavailable': False, 'install_base': '/home/ketg/Desktop/amr_ws/install/my_robot_description', 'merge_install': False, 'path': '/home/ketg/Desktop/amr_ws/src/my_robot_description', 'symlink_install': False, 'test_result_base': None}
[0.346s] Level 5:colcon.colcon_core.verb:set package 'my_robot_navigation' build argument 'cmake_args' from command line to 'None'
[0.346s] Level 5:colcon.colcon_core.verb:set package 'my_robot_navigation' build argument 'cmake_target' from command line to 'None'
[0.346s] Level 5:colcon.colcon_core.verb:set package 'my_robot_navigation' build argument 'cmake_target_skip_unavailable' from command line to 'False'
[0.346s] Level 5:colcon.colcon_core.verb:set package 'my_robot_navigation' build argument 'cmake_clean_cache' from command line to 'False'
[0.346s] Level 5:colcon.colcon_core.verb:set package 'my_robot_navigation' build argument 'cmake_clean_first' from command line to 'False'
[0.346s] Level 5:colcon.colcon_core.verb:set package 'my_robot_navigation' build argument 'cmake_force_configure' from command line to 'False'
[0.346s] Level 5:colcon.colcon_core.verb:set package 'my_robot_navigation' build argument 'ament_cmake_args' from command line to 'None'
[0.346s] Level 5:colcon.colcon_core.verb:set package 'my_robot_navigation' build argument 'catkin_cmake_args' from command line to 'None'
[0.346s] Level 5:colcon.colcon_core.verb:set package 'my_robot_navigation' build argument 'catkin_skip_building_tests' from command line to 'False'
[0.346s] DEBUG:colcon.colcon_core.verb:Building package 'my_robot_navigation' with the following arguments: {'ament_cmake_args': None, 'build_base': '/home/ketg/Desktop/amr_ws/build/my_robot_navigation', 'catkin_cmake_args': None, 'catkin_skip_building_tests': False, 'cmake_args': None, 'cmake_clean_cache': False, 'cmake_clean_first': False, 'cmake_force_configure': False, 'cmake_target': None, 'cmake_target_skip_unavailable': False, 'install_base': '/home/ketg/Desktop/amr_ws/install/my_robot_navigation', 'merge_install': False, 'path': '/home/ketg/Desktop/amr_ws/src/my_robot_navigation', 'symlink_install': False, 'test_result_base': None}
[0.347s] Level 5:colcon.colcon_core.verb:set package 'my_robot_slam' build argument 'cmake_args' from command line to 'None'
[0.347s] Level 5:colcon.colcon_core.verb:set package 'my_robot_slam' build argument 'cmake_target' from command line to 'None'
[0.347s] Level 5:colcon.colcon_core.verb:set package 'my_robot_slam' build argument 'cmake_target_skip_unavailable' from command line to 'False'
[0.347s] Level 5:colcon.colcon_core.verb:set package 'my_robot_slam' build argument 'cmake_clean_cache' from command line to 'False'
[0.347s] Level 5:colcon.colcon_core.verb:set package 'my_robot_slam' build argument 'cmake_clean_first' from command line to 'False'
[0.347s] Level 5:colcon.colcon_core.verb:set package 'my_robot_slam' build argument 'cmake_force_configure' from command line to 'False'
[0.347s] Level 5:colcon.colcon_core.verb:set package 'my_robot_slam' build argument 'ament_cmake_args' from command line to 'None'
[0.347s] Level 5:colcon.colcon_core.verb:set package 'my_robot_slam' build argument 'catkin_cmake_args' from command line to 'None'
[0.347s] Level 5:colcon.colcon_core.verb:set package 'my_robot_slam' build argument 'catkin_skip_building_tests' from command line to 'False'
[0.347s] DEBUG:colcon.colcon_core.verb:Building package 'my_robot_slam' with the following arguments: {'ament_cmake_args': None, 'build_base': '/home/ketg/Desktop/amr_ws/build/my_robot_slam', 'catkin_cmake_args': None, 'catkin_skip_building_tests': False, 'cmake_args': None, 'cmake_clean_cache': False, 'cmake_clean_first': False, 'cmake_force_configure': False, 'cmake_target': None, 'cmake_target_skip_unavailable': False, 'install_base': '/home/ketg/Desktop/amr_ws/install/my_robot_slam', 'merge_install': False, 'path': '/home/ketg/Desktop/amr_ws/src/my_robot_slam', 'symlink_install': False, 'test_result_base': None}
[0.347s] INFO:colcon.colcon_core.executor:Executing jobs using 'parallel' executor
[0.348s] DEBUG:colcon.colcon_parallel_executor.executor.parallel:run_until_complete
[0.349s] INFO:colcon.colcon_ros.task.ament_cmake.build:Building ROS package in '/home/ketg/Desktop/amr_ws/src/my_robot_bringup' with build type 'ament_cmake'
[0.349s] INFO:colcon.colcon_cmake.task.cmake.build:Building CMake package in '/home/ketg/Desktop/amr_ws/src/my_robot_bringup'
[0.353s] INFO:colcon.colcon_core.plugin_system:Skipping extension 'colcon_core.shell.bat': Not used on non-Windows systems
[0.354s] INFO:colcon.colcon_core.shell:Skip shell extension 'powershell' for command environment: Not usable outside of PowerShell
[0.354s] DEBUG:colcon.colcon_core.shell:Skip shell extension 'dsv' for command environment
[0.356s] INFO:colcon.colcon_ros.task.ament_cmake.build:Building ROS package in '/home/ketg/Desktop/amr_ws/src/my_robot_description' with build type 'ament_cmake'
[0.357s] INFO:colcon.colcon_cmake.task.cmake.build:Building CMake package in '/home/ketg/Desktop/amr_ws/src/my_robot_description'
[0.357s] INFO:colcon.colcon_core.shell:Skip shell extension 'powershell' for command environment: Not usable outside of PowerShell
[0.357s] DEBUG:colcon.colcon_core.shell:Skip shell extension 'dsv' for command environment
[0.360s] INFO:colcon.colcon_ros.task.ament_cmake.build:Building ROS package in '/home/ketg/Desktop/amr_ws/src/my_robot_navigation' with build type 'ament_cmake'
[0.360s] INFO:colcon.colcon_cmake.task.cmake.build:Building CMake package in '/home/ketg/Desktop/amr_ws/src/my_robot_navigation'
[0.360s] INFO:colcon.colcon_core.shell:Skip shell extension 'powershell' for command environment: Not usable outside of PowerShell
[0.360s] DEBUG:colcon.colcon_core.shell:Skip shell extension 'dsv' for command environment
[0.363s] INFO:colcon.colcon_ros.task.ament_cmake.build:Building ROS package in '/home/ketg/Desktop/amr_ws/src/my_robot_slam' with build type 'ament_cmake'
[0.364s] INFO:colcon.colcon_cmake.task.cmake.build:Building CMake package in '/home/ketg/Desktop/amr_ws/src/my_robot_slam'
[0.364s] INFO:colcon.colcon_core.shell:Skip shell extension 'powershell' for command environment: Not usable outside of PowerShell
[0.364s] DEBUG:colcon.colcon_core.shell:Skip shell extension 'dsv' for command environment
[0.372s] DEBUG:colcon.colcon_core.event_handler.log_command:Invoking command in '/home/ketg/Desktop/amr_ws/build/my_robot_bringup': CMAKE_PREFIX_PATH=${CMAKE_PREFIX_PATH}:/opt/ros/humble /usr/bin/cmake --build /home/ketg/Desktop/amr_ws/build/my_robot_bringup -- -j8 -l8
[0.375s] DEBUG:colcon.colcon_core.event_handler.log_command:Invoking command in '/home/ketg/Desktop/amr_ws/build/my_robot_description': CMAKE_PREFIX_PATH=${CMAKE_PREFIX_PATH}:/opt/ros/humble /usr/bin/cmake --build /home/ketg/Desktop/amr_ws/build/my_robot_description -- -j8 -l8
[0.379s] DEBUG:colcon.colcon_core.event_handler.log_command:Invoking command in '/home/ketg/Desktop/amr_ws/build/my_robot_navigation': CMAKE_PREFIX_PATH=${CMAKE_PREFIX_PATH}:/opt/ros/humble /usr/bin/cmake --build /home/ketg/Desktop/amr_ws/build/my_robot_navigation -- -j8 -l8
[0.383s] DEBUG:colcon.colcon_core.event_handler.log_command:Invoking command in '/home/ketg/Desktop/amr_ws/build/my_robot_slam': CMAKE_PREFIX_PATH=${CMAKE_PREFIX_PATH}:/opt/ros/humble /usr/bin/cmake --build /home/ketg/Desktop/amr_ws/build/my_robot_slam -- -j8 -l8
[0.402s] DEBUG:colcon.colcon_core.event_handler.log_command:Invoked command in '/home/ketg/Desktop/amr_ws/build/my_robot_bringup' returned '0': CMAKE_PREFIX_PATH=${CMAKE_PREFIX_PATH}:/opt/ros/humble /usr/bin/cmake --build /home/ketg/Desktop/amr_ws/build/my_robot_bringup -- -j8 -l8
[0.409s] DEBUG:colcon.colcon_core.event_handler.log_command:Invoking command in '/home/ketg/Desktop/amr_ws/build/my_robot_bringup': CMAKE_PREFIX_PATH=${CMAKE_PREFIX_PATH}:/opt/ros/humble /usr/bin/cmake --install /home/ketg/Desktop/amr_ws/build/my_robot_bringup
[0.411s] DEBUG:colcon.colcon_core.event_handler.log_command:Invoked command in '/home/ketg/Desktop/amr_ws/build/my_robot_description' returned '0': CMAKE_PREFIX_PATH=${CMAKE_PREFIX_PATH}:/opt/ros/humble /usr/bin/cmake --build /home/ketg/Desktop/amr_ws/build/my_robot_description -- -j8 -l8
[0.412s] DEBUG:colcon.colcon_core.event_handler.log_command:Invoking command in '/home/ketg/Desktop/amr_ws/build/my_robot_description': CMAKE_PREFIX_PATH=${CMAKE_PREFIX_PATH}:/opt/ros/humble /usr/bin/cmake --install /home/ketg/Desktop/amr_ws/build/my_robot_description
[0.413s] DEBUG:colcon.colcon_core.event_handler.log_command:Invoked command in '/home/ketg/Desktop/amr_ws/build/my_robot_navigation' returned '0': CMAKE_PREFIX_PATH=${CMAKE_PREFIX_PATH}:/opt/ros/humble /usr/bin/cmake --build /home/ketg/Desktop/amr_ws/build/my_robot_navigation -- -j8 -l8
[0.413s] DEBUG:colcon.colcon_core.event_handler.log_command:Invoking command in '/home/ketg/Desktop/amr_ws/build/my_robot_navigation': CMAKE_PREFIX_PATH=${CMAKE_PREFIX_PATH}:/opt/ros/humble /usr/bin/cmake --install /home/ketg/Desktop/amr_ws/build/my_robot_navigation
[0.415s] DEBUG:colcon.colcon_core.event_handler.log_command:Invoked command in '/home/ketg/Desktop/amr_ws/build/my_robot_slam' returned '0': CMAKE_PREFIX_PATH=${CMAKE_PREFIX_PATH}:/opt/ros/humble /usr/bin/cmake --build /home/ketg/Desktop/amr_ws/build/my_robot_slam -- -j8 -l8
[0.420s] Level 1:colcon.colcon_core.environment:create_environment_scripts_only(my_robot_bringup)
[0.422s] DEBUG:colcon.colcon_core.event_handler.log_command:Invoking command in '/home/ketg/Desktop/amr_ws/build/my_robot_slam': CMAKE_PREFIX_PATH=${CMAKE_PREFIX_PATH}:/opt/ros/humble /usr/bin/cmake --install /home/ketg/Desktop/amr_ws/build/my_robot_slam
[0.424s] DEBUG:colcon.colcon_core.event_handler.log_command:Invoked command in '/home/ketg/Desktop/amr_ws/build/my_robot_bringup' returned '0': CMAKE_PREFIX_PATH=${CMAKE_PREFIX_PATH}:/opt/ros/humble /usr/bin/cmake --install /home/ketg/Desktop/amr_ws/build/my_robot_bringup
[0.429s] Level 1:colcon.colcon_core.environment:checking '/home/ketg/Desktop/amr_ws/install/my_robot_bringup' for CMake module files
[0.429s] Level 1:colcon.colcon_core.environment:checking '/home/ketg/Desktop/amr_ws/install/my_robot_bringup' for CMake config files
[0.430s] Level 1:colcon.colcon_core.shell:create_environment_hook('my_robot_bringup', 'cmake_prefix_path')
[0.430s] INFO:colcon.colcon_core.shell:Creating environment hook '/home/ketg/Desktop/amr_ws/install/my_robot_bringup/share/my_robot_bringup/hook/cmake_prefix_path.ps1'
[0.430s] INFO:colcon.colcon_core.shell:Creating environment descriptor '/home/ketg/Desktop/amr_ws/install/my_robot_bringup/share/my_robot_bringup/hook/cmake_prefix_path.dsv'
[0.431s] INFO:colcon.colcon_core.shell:Creating environment hook '/home/ketg/Desktop/amr_ws/install/my_robot_bringup/share/my_robot_bringup/hook/cmake_prefix_path.sh'
[0.431s] Level 1:colcon.colcon_core.environment:checking '/home/ketg/Desktop/amr_ws/install/my_robot_bringup/bin'
[0.432s] Level 1:colcon.colcon_core.environment:checking '/home/ketg/Desktop/amr_ws/install/my_robot_bringup/lib/pkgconfig/my_robot_bringup.pc'
[0.432s] Level 1:colcon.colcon_core.environment:checking '/home/ketg/Desktop/amr_ws/install/my_robot_bringup/lib/python3.10/site-packages'
[0.432s] Level 1:colcon.colcon_core.environment:checking '/home/ketg/Desktop/amr_ws/install/my_robot_bringup/bin'
[0.432s] INFO:colcon.colcon_core.shell:Creating package script '/home/ketg/Desktop/amr_ws/install/my_robot_bringup/share/my_robot_bringup/package.ps1'
[0.433s] INFO:colcon.colcon_core.shell:Creating package descriptor '/home/ketg/Desktop/amr_ws/install/my_robot_bringup/share/my_robot_bringup/package.dsv'
[0.433s] INFO:colcon.colcon_core.shell:Creating package script '/home/ketg/Desktop/amr_ws/install/my_robot_bringup/share/my_robot_bringup/package.sh'
[0.434s] INFO:colcon.colcon_core.shell:Creating package script '/home/ketg/Desktop/amr_ws/install/my_robot_bringup/share/my_robot_bringup/package.bash'
[0.434s] INFO:colcon.colcon_core.shell:Creating package script '/home/ketg/Desktop/amr_ws/install/my_robot_bringup/share/my_robot_bringup/package.zsh'
[0.435s] Level 1:colcon.colcon_core.environment:create_file_with_runtime_dependencies(/home/ketg/Desktop/amr_ws/install/my_robot_bringup/share/colcon-core/packages/my_robot_bringup)
[0.435s] Level 1:colcon.colcon_core.environment:create_environment_scripts_only(my_robot_bringup)
[0.436s] Level 1:colcon.colcon_core.environment:checking '/home/ketg/Desktop/amr_ws/install/my_robot_bringup' for CMake module files
[0.436s] Level 1:colcon.colcon_core.environment:checking '/home/ketg/Desktop/amr_ws/install/my_robot_bringup' for CMake config files
[0.436s] Level 1:colcon.colcon_core.shell:create_environment_hook('my_robot_bringup', 'cmake_prefix_path')
[0.436s] INFO:colcon.colcon_core.shell:Creating environment hook '/home/ketg/Desktop/amr_ws/install/my_robot_bringup/share/my_robot_bringup/hook/cmake_prefix_path.ps1'
[0.437s] INFO:colcon.colcon_core.shell:Creating environment descriptor '/home/ketg/Desktop/amr_ws/install/my_robot_bringup/share/my_robot_bringup/hook/cmake_prefix_path.dsv'
[0.437s] INFO:colcon.colcon_core.shell:Creating environment hook '/home/ketg/Desktop/amr_ws/install/my_robot_bringup/share/my_robot_bringup/hook/cmake_prefix_path.sh'
[0.437s] Level 1:colcon.colcon_core.environment:checking '/home/ketg/Desktop/amr_ws/install/my_robot_bringup/bin'
[0.437s] Level 1:colcon.colcon_core.environment:checking '/home/ketg/Desktop/amr_ws/install/my_robot_bringup/lib/pkgconfig/my_robot_bringup.pc'
[0.438s] Level 1:colcon.colcon_core.environment:checking '/home/ketg/Desktop/amr_ws/install/my_robot_bringup/lib/python3.10/site-packages'
[0.438s] Level 1:colcon.colcon_core.environment:checking '/home/ketg/Desktop/amr_ws/install/my_robot_bringup/bin'
[0.438s] INFO:colcon.colcon_core.shell:Creating package script '/home/ketg/Desktop/amr_ws/install/my_robot_bringup/share/my_robot_bringup/package.ps1'
[0.438s] INFO:colcon.colcon_core.shell:Creating package descriptor '/home/ketg/Desktop/amr_ws/install/my_robot_bringup/share/my_robot_bringup/package.dsv'
[0.439s] INFO:colcon.colcon_core.shell:Creating package script '/home/ketg/Desktop/amr_ws/install/my_robot_bringup/share/my_robot_bringup/package.sh'
[0.439s] INFO:colcon.colcon_core.shell:Creating package script '/home/ketg/Desktop/amr_ws/install/my_robot_bringup/share/my_robot_bringup/package.bash'
[0.439s] INFO:colcon.colcon_core.shell:Creating package script '/home/ketg/Desktop/amr_ws/install/my_robot_bringup/share/my_robot_bringup/package.zsh'
[0.440s] Level 1:colcon.colcon_core.environment:create_file_with_runtime_dependencies(/home/ketg/Desktop/amr_ws/install/my_robot_bringup/share/colcon-core/packages/my_robot_bringup)
[0.440s] Level 1:colcon.colcon_core.environment:create_environment_scripts_only(my_robot_description)
[0.441s] Level 1:colcon.colcon_core.environment:checking '/home/ketg/Desktop/amr_ws/install/my_robot_description' for CMake module files
[0.441s] DEBUG:colcon.colcon_core.event_handler.log_command:Invoked command in '/home/ketg/Desktop/amr_ws/build/my_robot_description' returned '0': CMAKE_PREFIX_PATH=${CMAKE_PREFIX_PATH}:/opt/ros/humble /usr/bin/cmake --install /home/ketg/Desktop/amr_ws/build/my_robot_description
[0.441s] Level 1:colcon.colcon_core.environment:checking '/home/ketg/Desktop/amr_ws/install/my_robot_description' for CMake config files
[0.442s] Level 1:colcon.colcon_core.shell:create_environment_hook('my_robot_description', 'cmake_prefix_path')
[0.442s] INFO:colcon.colcon_core.shell:Creating environment hook '/home/ketg/Desktop/amr_ws/install/my_robot_description/share/my_robot_description/hook/cmake_prefix_path.ps1'
[0.442s] INFO:colcon.colcon_core.shell:Creating environment descriptor '/home/ketg/Desktop/amr_ws/install/my_robot_description/share/my_robot_description/hook/cmake_prefix_path.dsv'
[0.443s] INFO:colcon.colcon_core.shell:Creating environment hook '/home/ketg/Desktop/amr_ws/install/my_robot_description/share/my_robot_description/hook/cmake_prefix_path.sh'
[0.443s] Level 1:colcon.colcon_core.environment:checking '/home/ketg/Desktop/amr_ws/install/my_robot_description/bin'
[0.443s] Level 1:colcon.colcon_core.environment:checking '/home/ketg/Desktop/amr_ws/install/my_robot_description/lib/pkgconfig/my_robot_description.pc'
[0.443s] Level 1:colcon.colcon_core.environment:checking '/home/ketg/Desktop/amr_ws/install/my_robot_description/lib/python3.10/site-packages'
[0.443s] Level 1:colcon.colcon_core.environment:checking '/home/ketg/Desktop/amr_ws/install/my_robot_description/bin'
[0.444s] INFO:colcon.colcon_core.shell:Creating package script '/home/ketg/Desktop/amr_ws/install/my_robot_description/share/my_robot_description/package.ps1'
[0.444s] INFO:colcon.colcon_core.shell:Creating package descriptor '/home/ketg/Desktop/amr_ws/install/my_robot_description/share/my_robot_description/package.dsv'
[0.445s] INFO:colcon.colcon_core.shell:Creating package script '/home/ketg/Desktop/amr_ws/install/my_robot_description/share/my_robot_description/package.sh'
[0.445s] INFO:colcon.colcon_core.shell:Creating package script '/home/ketg/Desktop/amr_ws/install/my_robot_description/share/my_robot_description/package.bash'
[0.445s] INFO:colcon.colcon_core.shell:Creating package script '/home/ketg/Desktop/amr_ws/install/my_robot_description/share/my_robot_description/package.zsh'
[0.445s] Level 1:colcon.colcon_core.environment:create_file_with_runtime_dependencies(/home/ketg/Desktop/amr_ws/install/my_robot_description/share/colcon-core/packages/my_robot_description)
[0.446s] Level 1:colcon.colcon_core.environment:create_environment_scripts_only(my_robot_description)
[0.446s] Level 1:colcon.colcon_core.environment:checking '/home/ketg/Desktop/amr_ws/install/my_robot_description' for CMake module files
[0.446s] Level 1:colcon.colcon_core.environment:checking '/home/ketg/Desktop/amr_ws/install/my_robot_description' for CMake config files
[0.447s] Level 1:colcon.colcon_core.shell:create_environment_hook('my_robot_description', 'cmake_prefix_path')
[0.447s] INFO:colcon.colcon_core.shell:Creating environment hook '/home/ketg/Desktop/amr_ws/install/my_robot_description/share/my_robot_description/hook/cmake_prefix_path.ps1'
[0.447s] INFO:colcon.colcon_core.shell:Creating environment descriptor '/home/ketg/Desktop/amr_ws/install/my_robot_description/share/my_robot_description/hook/cmake_prefix_path.dsv'
[0.448s] INFO:colcon.colcon_core.shell:Creating environment hook '/home/ketg/Desktop/amr_ws/install/my_robot_description/share/my_robot_description/hook/cmake_prefix_path.sh'
[0.448s] Level 1:colcon.colcon_core.environment:checking '/home/ketg/Desktop/amr_ws/install/my_robot_description/bin'
[0.448s] Level 1:colcon.colcon_core.environment:checking '/home/ketg/Desktop/amr_ws/install/my_robot_description/lib/pkgconfig/my_robot_description.pc'
[0.448s] Level 1:colcon.colcon_core.environment:checking '/home/ketg/Desktop/amr_ws/install/my_robot_description/lib/python3.10/site-packages'
[0.449s] Level 1:colcon.colcon_core.environment:checking '/home/ketg/Desktop/amr_ws/install/my_robot_description/bin'
[0.449s] INFO:colcon.colcon_core.shell:Creating package script '/home/ketg/Desktop/amr_ws/install/my_robot_description/share/my_robot_description/package.ps1'
[0.449s] INFO:colcon.colcon_core.shell:Creating package descriptor '/home/ketg/Desktop/amr_ws/install/my_robot_description/share/my_robot_description/package.dsv'
[0.450s] INFO:colcon.colcon_core.shell:Creating package script '/home/ketg/Desktop/amr_ws/install/my_robot_description/share/my_robot_description/package.sh'
[0.450s] INFO:colcon.colcon_core.shell:Creating package script '/home/ketg/Desktop/amr_ws/install/my_robot_description/share/my_robot_description/package.bash'
[0.450s] INFO:colcon.colcon_core.shell:Creating package script '/home/ketg/Desktop/amr_ws/install/my_robot_description/share/my_robot_description/package.zsh'
[0.451s] Level 1:colcon.colcon_core.environment:create_file_with_runtime_dependencies(/home/ketg/Desktop/amr_ws/install/my_robot_description/share/colcon-core/packages/my_robot_description)
[0.451s] Level 1:colcon.colcon_core.environment:create_environment_scripts_only(my_robot_navigation)
[0.451s] Level 1:colcon.colcon_core.environment:checking '/home/ketg/Desktop/amr_ws/install/my_robot_navigation' for CMake module files
[0.452s] DEBUG:colcon.colcon_core.event_handler.log_command:Invoked command in '/home/ketg/Desktop/amr_ws/build/my_robot_navigation' returned '0': CMAKE_PREFIX_PATH=${CMAKE_PREFIX_PATH}:/opt/ros/humble /usr/bin/cmake --install /home/ketg/Desktop/amr_ws/build/my_robot_navigation
[0.452s] Level 1:colcon.colcon_core.environment:checking '/home/ketg/Desktop/amr_ws/install/my_robot_navigation' for CMake config files
[0.453s] Level 1:colcon.colcon_core.shell:create_environment_hook('my_robot_navigation', 'cmake_prefix_path')
[0.453s] INFO:colcon.colcon_core.shell:Creating environment hook '/home/ketg/Desktop/amr_ws/install/my_robot_navigation/share/my_robot_navigation/hook/cmake_prefix_path.ps1'
[0.453s] INFO:colcon.colcon_core.shell:Creating environment descriptor '/home/ketg/Desktop/amr_ws/install/my_robot_navigation/share/my_robot_navigation/hook/cmake_prefix_path.dsv'
[0.454s] INFO:colcon.colcon_core.shell:Creating environment hook '/home/ketg/Desktop/amr_ws/install/my_robot_navigation/share/my_robot_navigation/hook/cmake_prefix_path.sh'
[0.454s] Level 1:colcon.colcon_core.environment:checking '/home/ketg/Desktop/amr_ws/install/my_robot_navigation/bin'
[0.454s] Level 1:colcon.colcon_core.environment:checking '/home/ketg/Desktop/amr_ws/install/my_robot_navigation/lib/pkgconfig/my_robot_navigation.pc'
[0.455s] Level 1:colcon.colcon_core.environment:checking '/home/ketg/Desktop/amr_ws/install/my_robot_navigation/lib/python3.10/site-packages'
[0.455s] Level 1:colcon.colcon_core.environment:checking '/home/ketg/Desktop/amr_ws/install/my_robot_navigation/bin'
[0.455s] INFO:colcon.colcon_core.shell:Creating package script '/home/ketg/Desktop/amr_ws/install/my_robot_navigation/share/my_robot_navigation/package.ps1'
[0.456s] INFO:colcon.colcon_core.shell:Creating package descriptor '/home/ketg/Desktop/amr_ws/install/my_robot_navigation/share/my_robot_navigation/package.dsv'
[0.456s] INFO:colcon.colcon_core.shell:Creating package script '/home/ketg/Desktop/amr_ws/install/my_robot_navigation/share/my_robot_navigation/package.sh'
[0.456s] INFO:colcon.colcon_core.shell:Creating package script '/home/ketg/Desktop/amr_ws/install/my_robot_navigation/share/my_robot_navigation/package.bash'
[0.456s] INFO:colcon.colcon_core.shell:Creating package script '/home/ketg/Desktop/amr_ws/install/my_robot_navigation/share/my_robot_navigation/package.zsh'
[0.457s] Level 1:colcon.colcon_core.environment:create_file_with_runtime_dependencies(/home/ketg/Desktop/amr_ws/install/my_robot_navigation/share/colcon-core/packages/my_robot_navigation)
[0.457s] Level 1:colcon.colcon_core.environment:create_environment_scripts_only(my_robot_navigation)
[0.457s] Level 1:colcon.colcon_core.environment:checking '/home/ketg/Desktop/amr_ws/install/my_robot_navigation' for CMake module files
[0.458s] Level 1:colcon.colcon_core.environment:checking '/home/ketg/Desktop/amr_ws/install/my_robot_navigation' for CMake config files
[0.458s] Level 1:colcon.colcon_core.shell:create_environment_hook('my_robot_navigation', 'cmake_prefix_path')
[0.458s] INFO:colcon.colcon_core.shell:Creating environment hook '/home/ketg/Desktop/amr_ws/install/my_robot_navigation/share/my_robot_navigation/hook/cmake_prefix_path.ps1'
[0.459s] INFO:colcon.colcon_core.shell:Creating environment descriptor '/home/ketg/Desktop/amr_ws/install/my_robot_navigation/share/my_robot_navigation/hook/cmake_prefix_path.dsv'
[0.459s] INFO:colcon.colcon_core.shell:Creating environment hook '/home/ketg/Desktop/amr_ws/install/my_robot_navigation/share/my_robot_navigation/hook/cmake_prefix_path.sh'
[0.459s] Level 1:colcon.colcon_core.environment:checking '/home/ketg/Desktop/amr_ws/install/my_robot_navigation/bin'
[0.459s] Level 1:colcon.colcon_core.environment:checking '/home/ketg/Desktop/amr_ws/install/my_robot_navigation/lib/pkgconfig/my_robot_navigation.pc'
[0.460s] Level 1:colcon.colcon_core.environment:checking '/home/ketg/Desktop/amr_ws/install/my_robot_navigation/lib/python3.10/site-packages'
[0.460s] Level 1:colcon.colcon_core.environment:checking '/home/ketg/Desktop/amr_ws/install/my_robot_navigation/bin'
[0.460s] INFO:colcon.colcon_core.shell:Creating package script '/home/ketg/Desktop/amr_ws/install/my_robot_navigation/share/my_robot_navigation/package.ps1'
[0.460s] INFO:colcon.colcon_core.shell:Creating package descriptor '/home/ketg/Desktop/amr_ws/install/my_robot_navigation/share/my_robot_navigation/package.dsv'
[0.461s] INFO:colcon.colcon_core.shell:Creating package script '/home/ketg/Desktop/amr_ws/install/my_robot_navigation/share/my_robot_navigation/package.sh'
[0.461s] INFO:colcon.colcon_core.shell:Creating package script '/home/ketg/Desktop/amr_ws/install/my_robot_navigation/share/my_robot_navigation/package.bash'
[0.461s] INFO:colcon.colcon_core.shell:Creating package script '/home/ketg/Desktop/amr_ws/install/my_robot_navigation/share/my_robot_navigation/package.zsh'
[0.462s] Level 1:colcon.colcon_core.environment:create_file_with_runtime_dependencies(/home/ketg/Desktop/amr_ws/install/my_robot_navigation/share/colcon-core/packages/my_robot_navigation)
[0.462s] Level 1:colcon.colcon_core.environment:create_environment_scripts_only(my_robot_slam)
[0.462s] Level 1:colcon.colcon_core.environment:checking '/home/ketg/Desktop/amr_ws/install/my_robot_slam' for CMake module files
[0.463s] Level 1:colcon.colcon_core.environment:checking '/home/ketg/Desktop/amr_ws/install/my_robot_slam' for CMake config files
[0.463s] DEBUG:colcon.colcon_core.event_handler.log_command:Invoked command in '/home/ketg/Desktop/amr_ws/build/my_robot_slam' returned '0': CMAKE_PREFIX_PATH=${CMAKE_PREFIX_PATH}:/opt/ros/humble /usr/bin/cmake --install /home/ketg/Desktop/amr_ws/build/my_robot_slam
[0.463s] Level 1:colcon.colcon_core.shell:create_environment_hook('my_robot_slam', 'cmake_prefix_path')
[0.463s] INFO:colcon.colcon_core.shell:Creating environment hook '/home/ketg/Desktop/amr_ws/install/my_robot_slam/share/my_robot_slam/hook/cmake_prefix_path.ps1'
[0.464s] INFO:colcon.colcon_core.shell:Creating environment descriptor '/home/ketg/Desktop/amr_ws/install/my_robot_slam/share/my_robot_slam/hook/cmake_prefix_path.dsv'
[0.464s] INFO:colcon.colcon_core.shell:Creating environment hook '/home/ketg/Desktop/amr_ws/install/my_robot_slam/share/my_robot_slam/hook/cmake_prefix_path.sh'
[0.464s] Level 1:colcon.colcon_core.environment:checking '/home/ketg/Desktop/amr_ws/install/my_robot_slam/bin'
[0.465s] Level 1:colcon.colcon_core.environment:checking '/home/ketg/Desktop/amr_ws/install/my_robot_slam/lib/pkgconfig/my_robot_slam.pc'
[0.465s] Level 1:colcon.colcon_core.environment:checking '/home/ketg/Desktop/amr_ws/install/my_robot_slam/lib/python3.10/site-packages'
[0.465s] Level 1:colcon.colcon_core.environment:checking '/home/ketg/Desktop/amr_ws/install/my_robot_slam/bin'
[0.465s] INFO:colcon.colcon_core.shell:Creating package script '/home/ketg/Desktop/amr_ws/install/my_robot_slam/share/my_robot_slam/package.ps1'
[0.465s] INFO:colcon.colcon_core.shell:Creating package descriptor '/home/ketg/Desktop/amr_ws/install/my_robot_slam/share/my_robot_slam/package.dsv'
[0.466s] INFO:colcon.colcon_core.shell:Creating package script '/home/ketg/Desktop/amr_ws/install/my_robot_slam/share/my_robot_slam/package.sh'
[0.466s] INFO:colcon.colcon_core.shell:Creating package script '/home/ketg/Desktop/amr_ws/install/my_robot_slam/share/my_robot_slam/package.bash'
[0.466s] INFO:colcon.colcon_core.shell:Creating package script '/home/ketg/Desktop/amr_ws/install/my_robot_slam/share/my_robot_slam/package.zsh'
[0.467s] Level 1:colcon.colcon_core.environment:create_file_with_runtime_dependencies(/home/ketg/Desktop/amr_ws/install/my_robot_slam/share/colcon-core/packages/my_robot_slam)
[0.467s] Level 1:colcon.colcon_core.environment:create_environment_scripts_only(my_robot_slam)
[0.467s] Level 1:colcon.colcon_core.environment:checking '/home/ketg/Desktop/amr_ws/install/my_robot_slam' for CMake module files
[0.468s] Level 1:colcon.colcon_core.environment:checking '/home/ketg/Desktop/amr_ws/install/my_robot_slam' for CMake config files
[0.468s] Level 1:colcon.colcon_core.shell:create_environment_hook('my_robot_slam', 'cmake_prefix_path')
[0.468s] INFO:colcon.colcon_core.shell:Creating environment hook '/home/ketg/Desktop/amr_ws/install/my_robot_slam/share/my_robot_slam/hook/cmake_prefix_path.ps1'
[0.468s] INFO:colcon.colcon_core.shell:Creating environment descriptor '/home/ketg/Desktop/amr_ws/install/my_robot_slam/share/my_robot_slam/hook/cmake_prefix_path.dsv'
[0.469s] INFO:colcon.colcon_core.shell:Creating environment hook '/home/ketg/Desktop/amr_ws/install/my_robot_slam/share/my_robot_slam/hook/cmake_prefix_path.sh'
[0.469s] Level 1:colcon.colcon_core.environment:checking '/home/ketg/Desktop/amr_ws/install/my_robot_slam/bin'
[0.469s] Level 1:colcon.colcon_core.environment:checking '/home/ketg/Desktop/amr_ws/install/my_robot_slam/lib/pkgconfig/my_robot_slam.pc'
[0.470s] Level 1:colcon.colcon_core.environment:checking '/home/ketg/Desktop/amr_ws/install/my_robot_slam/lib/python3.10/site-packages'
[0.470s] Level 1:colcon.colcon_core.environment:checking '/home/ketg/Desktop/amr_ws/install/my_robot_slam/bin'
[0.470s] INFO:colcon.colcon_core.shell:Creating package script '/home/ketg/Desktop/amr_ws/install/my_robot_slam/share/my_robot_slam/package.ps1'
[0.471s] INFO:colcon.colcon_core.shell:Creating package descriptor '/home/ketg/Desktop/amr_ws/install/my_robot_slam/share/my_robot_slam/package.dsv'
[0.471s] INFO:colcon.colcon_core.shell:Creating package script '/home/ketg/Desktop/amr_ws/install/my_robot_slam/share/my_robot_slam/package.sh'
[0.471s] INFO:colcon.colcon_core.shell:Creating package script '/home/ketg/Desktop/amr_ws/install/my_robot_slam/share/my_robot_slam/package.bash'
[0.472s] INFO:colcon.colcon_core.shell:Creating package script '/home/ketg/Desktop/amr_ws/install/my_robot_slam/share/my_robot_slam/package.zsh'
[0.472s] Level 1:colcon.colcon_core.environment:create_file_with_runtime_dependencies(/home/ketg/Desktop/amr_ws/install/my_robot_slam/share/colcon-core/packages/my_robot_slam)
[0.472s] DEBUG:colcon.colcon_parallel_executor.executor.parallel:closing loop
[0.473s] DEBUG:colcon.colcon_parallel_executor.executor.parallel:loop closed
[0.473s] DEBUG:colcon.colcon_parallel_executor.executor.parallel:run_until_complete finished with '0'
[0.473s] DEBUG:colcon.colcon_core.event_reactor:joining thread
[0.479s] INFO:colcon.colcon_core.plugin_system:Skipping extension 'colcon_notification.desktop_notification.terminal_notifier': Not used on non-Darwin systems
[0.480s] INFO:colcon.colcon_core.plugin_system:Skipping extension 'colcon_notification.desktop_notification.win32': Not used on non-Windows systems
[0.480s] INFO:colcon.colcon_notification.desktop_notification:Sending desktop notification using 'notify2'
[0.490s] DEBUG:colcon.colcon_core.event_reactor:joined thread
[0.491s] INFO:colcon.colcon_core.shell:Creating prefix script '/home/ketg/Desktop/amr_ws/install/local_setup.ps1'
[0.492s] INFO:colcon.colcon_core.shell:Creating prefix util module '/home/ketg/Desktop/amr_ws/install/_local_setup_util_ps1.py'
[0.493s] INFO:colcon.colcon_core.shell:Creating prefix chain script '/home/ketg/Desktop/amr_ws/install/setup.ps1'
[0.495s] INFO:colcon.colcon_core.shell:Creating prefix script '/home/ketg/Desktop/amr_ws/install/local_setup.sh'
[0.496s] INFO:colcon.colcon_core.shell:Creating prefix util module '/home/ketg/Desktop/amr_ws/install/_local_setup_util_sh.py'
[0.497s] INFO:colcon.colcon_core.shell:Creating prefix chain script '/home/ketg/Desktop/amr_ws/install/setup.sh'
[0.500s] INFO:colcon.colcon_core.shell:Creating prefix script '/home/ketg/Desktop/amr_ws/install/local_setup.bash'
[0.500s] INFO:colcon.colcon_core.shell:Creating prefix chain script '/home/ketg/Desktop/amr_ws/install/setup.bash'
[0.502s] INFO:colcon.colcon_core.shell:Creating prefix script '/home/ketg/Desktop/amr_ws/install/local_setup.zsh'
[0.502s] INFO:colcon.colcon_core.shell:Creating prefix chain script '/home/ketg/Desktop/amr_ws/install/setup.zsh'
