-- The C compiler identification is GNU 11.4.0
-- The CXX compiler identification is GNU 11.4.0
-- Detecting C compiler ABI info
-- Detecting C compiler ABI info - done
-- Check for working C compiler: /usr/bin/cc - skipped
-- Detecting C compile features
-- Detecting C compile features - done
-- Detecting CXX compiler ABI info
-- Detecting CXX compiler ABI info - done
-- Check for working CXX compiler: /usr/bin/c++ - skipped
-- Detecting CXX compile features
-- Detecting CXX compile features - done
-- Found ament_cmake: 1.3.11 (/opt/ros/humble/share/ament_cmake/cmake)
-- Found Python3: /usr/bin/python3 (found version "3.10.12") found components: Interpreter 
-- Found ament_lint_auto: 0.12.11 (/opt/ros/humble/share/ament_lint_auto/cmake)
-- Configuring done
-- Generating done
-- Build files have been written to: /home/ketg/Desktop/amr_ws/build/serial
[ 50%] [32mBuilding CXX object CMakeFiles/serial.dir/src/impl/unix.cc.o[0m
[ 50%] [32mBuilding CXX object CMakeFiles/serial.dir/src/impl/list_ports/list_ports_linux.cc.o[0m
[ 50%] [32mBuilding CXX object CMakeFiles/serial.dir/src/serial.cc.o[0m
[ 66%] [32m[1mLinking CXX shared library libserial.so[0m
[ 66%] Built target serial
[ 83%] [32mBuilding CXX object CMakeFiles/serial_example.dir/examples/serial_example.cc.o[0m
[100%] [32m[1mLinking CXX executable serial_example[0m
[100%] Built target serial_example
-- Install configuration: ""
-- Installing: /home/ketg/Desktop/amr_ws/install/serial/lib/libserial.so
-- Installing: /home/ketg/Desktop/amr_ws/install/serial/include
-- Installing: /home/ketg/Desktop/amr_ws/install/serial/include/serial
-- Installing: /home/ketg/Desktop/amr_ws/install/serial/include/serial/serial.h
-- Installing: /home/ketg/Desktop/amr_ws/install/serial/include/serial/v8stdint.h
-- Installing: /home/ketg/Desktop/amr_ws/install/serial/include/serial/impl
-- Installing: /home/ketg/Desktop/amr_ws/install/serial/include/serial/impl/win.h
-- Installing: /home/ketg/Desktop/amr_ws/install/serial/include/serial/impl/unix.h
-- Installing: /home/ketg/Desktop/amr_ws/install/serial/lib/serial/serial_example
-- Set runtime path of "/home/ketg/Desktop/amr_ws/install/serial/lib/serial/serial_example" to ""
-- Installing: /home/ketg/Desktop/amr_ws/install/serial/share/ament_index/resource_index/package_run_dependencies/serial
-- Installing: /home/ketg/Desktop/amr_ws/install/serial/share/ament_index/resource_index/parent_prefix_path/serial
-- Installing: /home/ketg/Desktop/amr_ws/install/serial/share/serial/environment/ament_prefix_path.sh
-- Installing: /home/ketg/Desktop/amr_ws/install/serial/share/serial/environment/ament_prefix_path.dsv
-- Installing: /home/ketg/Desktop/amr_ws/install/serial/share/serial/environment/path.sh
-- Installing: /home/ketg/Desktop/amr_ws/install/serial/share/serial/environment/path.dsv
-- Installing: /home/ketg/Desktop/amr_ws/install/serial/share/serial/local_setup.bash
-- Installing: /home/ketg/Desktop/amr_ws/install/serial/share/serial/local_setup.sh
-- Installing: /home/ketg/Desktop/amr_ws/install/serial/share/serial/local_setup.zsh
-- Installing: /home/ketg/Desktop/amr_ws/install/serial/share/serial/local_setup.dsv
-- Installing: /home/ketg/Desktop/amr_ws/install/serial/share/serial/package.dsv
-- Installing: /home/ketg/Desktop/amr_ws/install/serial/share/ament_index/resource_index/packages/serial
-- Installing: /home/ketg/Desktop/amr_ws/install/serial/share/serial/cmake/serialExport.cmake
-- Installing: /home/ketg/Desktop/amr_ws/install/serial/share/serial/cmake/serialExport-noconfig.cmake
-- Installing: /home/ketg/Desktop/amr_ws/install/serial/share/serial/cmake/ament_cmake_export_targets-extras.cmake
-- Installing: /home/ketg/Desktop/amr_ws/install/serial/share/serial/cmake/serialConfig.cmake
-- Installing: /home/ketg/Desktop/amr_ws/install/serial/share/serial/cmake/serialConfig-version.cmake
-- Installing: /home/ketg/Desktop/amr_ws/install/serial/share/serial/package.xml
