[0.017s] Invoking command in '/home/ketg/Desktop/amr_ws/build/my_robot_bringup': CMAKE_PREFIX_PATH=/opt/ros/humble /usr/bin/cmake /home/ketg/Desktop/amr_ws/src/my_robot_bringup -DCMAKE_INSTALL_PREFIX=/home/ketg/Desktop/amr_ws/install/my_robot_bringup
[0.072s] -- The C compiler identification is GNU 11.4.0
[0.148s] -- The CXX compiler identification is GNU 11.4.0
[0.155s] -- Detecting C compiler ABI info
[0.220s] -- Detecting C compiler ABI info - done
[0.230s] -- Check for working C compiler: /usr/bin/cc - skipped
[0.231s] -- Detecting C compile features
[0.231s] -- Detecting C compile features - done
[0.240s] -- Detecting CXX compiler ABI info
[0.331s] -- Detecting CXX compiler ABI info - done
[0.342s] -- Check for working CXX compiler: /usr/bin/c++ - skipped
[0.342s] -- Detecting CXX compile features
[0.343s] -- Detecting CXX compile features - done
[0.346s] -- Found ament_cmake: 1.3.11 (/opt/ros/humble/share/ament_cmake/cmake)
[0.563s] -- Found Python3: /usr/bin/python3 (found version "3.10.12") found components: Interpreter 
[0.664s] -- Found ament_lint_auto: 0.12.11 (/opt/ros/humble/share/ament_lint_auto/cmake)
[0.783s] -- Added test 'copyright' to check source files copyright and LICENSE
[0.785s] -- Added test 'lint_cmake' to check CMake code style
[0.786s] -- Added test 'xmllint' to check XML markup files
[0.788s] -- Configuring done
[0.792s] -- Generating done
[0.794s] -- Build files have been written to: /home/ketg/Desktop/amr_ws/build/my_robot_bringup
[0.818s] Invoked command in '/home/ketg/Desktop/amr_ws/build/my_robot_bringup' returned '0': CMAKE_PREFIX_PATH=/opt/ros/humble /usr/bin/cmake /home/ketg/Desktop/amr_ws/src/my_robot_bringup -DCMAKE_INSTALL_PREFIX=/home/ketg/Desktop/amr_ws/install/my_robot_bringup
[0.820s] Invoking command in '/home/ketg/Desktop/amr_ws/build/my_robot_bringup': CMAKE_PREFIX_PATH=/opt/ros/humble /usr/bin/cmake --build /home/ketg/Desktop/amr_ws/build/my_robot_bringup -- -j8 -l8
[0.872s] Invoked command in '/home/ketg/Desktop/amr_ws/build/my_robot_bringup' returned '0': CMAKE_PREFIX_PATH=/opt/ros/humble /usr/bin/cmake --build /home/ketg/Desktop/amr_ws/build/my_robot_bringup -- -j8 -l8
[0.873s] Invoking command in '/home/ketg/Desktop/amr_ws/build/my_robot_bringup': CMAKE_PREFIX_PATH=/opt/ros/humble /usr/bin/cmake --install /home/ketg/Desktop/amr_ws/build/my_robot_bringup
[0.879s] -- Install configuration: ""
[0.879s] -- Installing: /home/ketg/Desktop/amr_ws/install/my_robot_bringup/share/ament_index/resource_index/package_run_dependencies/my_robot_bringup
[0.879s] -- Installing: /home/ketg/Desktop/amr_ws/install/my_robot_bringup/share/ament_index/resource_index/parent_prefix_path/my_robot_bringup
[0.880s] -- Installing: /home/ketg/Desktop/amr_ws/install/my_robot_bringup/share/my_robot_bringup/environment/ament_prefix_path.sh
[0.880s] -- Installing: /home/ketg/Desktop/amr_ws/install/my_robot_bringup/share/my_robot_bringup/environment/ament_prefix_path.dsv
[0.880s] -- Installing: /home/ketg/Desktop/amr_ws/install/my_robot_bringup/share/my_robot_bringup/environment/path.sh
[0.880s] -- Installing: /home/ketg/Desktop/amr_ws/install/my_robot_bringup/share/my_robot_bringup/environment/path.dsv
[0.880s] -- Installing: /home/ketg/Desktop/amr_ws/install/my_robot_bringup/share/my_robot_bringup/local_setup.bash
[0.880s] -- Installing: /home/ketg/Desktop/amr_ws/install/my_robot_bringup/share/my_robot_bringup/local_setup.sh
[0.880s] -- Installing: /home/ketg/Desktop/amr_ws/install/my_robot_bringup/share/my_robot_bringup/local_setup.zsh
[0.880s] -- Installing: /home/ketg/Desktop/amr_ws/install/my_robot_bringup/share/my_robot_bringup/local_setup.dsv
[0.881s] -- Installing: /home/ketg/Desktop/amr_ws/install/my_robot_bringup/share/my_robot_bringup/package.dsv
[0.881s] -- Installing: /home/ketg/Desktop/amr_ws/install/my_robot_bringup/share/ament_index/resource_index/packages/my_robot_bringup
[0.881s] -- Installing: /home/ketg/Desktop/amr_ws/install/my_robot_bringup/share/my_robot_bringup/cmake/my_robot_bringupConfig.cmake
[0.881s] -- Installing: /home/ketg/Desktop/amr_ws/install/my_robot_bringup/share/my_robot_bringup/cmake/my_robot_bringupConfig-version.cmake
[0.881s] -- Installing: /home/ketg/Desktop/amr_ws/install/my_robot_bringup/share/my_robot_bringup/package.xml
[0.883s] Invoked command in '/home/ketg/Desktop/amr_ws/build/my_robot_bringup' returned '0': CMAKE_PREFIX_PATH=/opt/ros/humble /usr/bin/cmake --install /home/ketg/Desktop/amr_ws/build/my_robot_bringup
