[0.022s] Invoking command in '/home/ketg/Desktop/amr_ws/build/my_robot_description': CMAKE_PREFIX_PATH=${CMAKE_PREFIX_PATH}:/opt/ros/foxy /usr/bin/cmake /home/ketg/Desktop/amr_ws/src/my_robot_description -DCMAKE_INSTALL_PREFIX=/home/ketg/Desktop/amr_ws/install/my_robot_description
[0.153s] -- The C compiler identification is GNU 9.4.0
[0.263s] -- The CXX compiler identification is GNU 9.4.0
[0.270s] -- Check for working C compiler: /usr/bin/cc
[0.336s] -- Check for working C compiler: /usr/bin/cc -- works
[0.337s] -- Detecting C compiler ABI info
[0.403s] -- Detecting C compiler ABI info - done
[0.413s] -- Detecting C compile features
[0.414s] -- Detecting C compile features - done
[0.416s] -- Check for working CXX compiler: /usr/bin/c++
[0.487s] -- Check for working CXX compiler: /usr/bin/c++ -- works
[0.489s] -- Detecting CXX compiler ABI info
[0.566s] -- Detecting CXX compiler ABI info - done
[0.578s] -- Detecting CXX compile features
[0.578s] -- Detecting CXX compile features - done
[0.583s] -- Found ament_cmake: 0.9.12 (/opt/ros/foxy/share/ament_cmake/cmake)
[0.610s] -- Found PythonInterp: /usr/bin/python3 (found suitable version "3.8.10", minimum required is "3") 
[0.610s] -- Using PYTHON_EXECUTABLE: /usr/bin/python3
[0.824s] -- Found ament_lint_auto: 0.9.8 (/opt/ros/foxy/share/ament_lint_auto/cmake)
[0.911s] -- Added test 'copyright' to check source files copyright and LICENSE
[0.913s] -- Added test 'flake8' to check Python code syntax and style conventions
[0.914s] -- Added test 'lint_cmake' to check CMake code style
[0.915s] -- Added test 'pep257' to check Python code against some of the style conventions in PEP 257
[0.917s] -- Added test 'xmllint' to check XML markup files
[0.922s] -- Configuring done
[0.923s] -- Generating done
[0.926s] -- Build files have been written to: /home/ketg/Desktop/amr_ws/build/my_robot_description
[0.933s] Invoked command in '/home/ketg/Desktop/amr_ws/build/my_robot_description' returned '0': CMAKE_PREFIX_PATH=${CMAKE_PREFIX_PATH}:/opt/ros/foxy /usr/bin/cmake /home/ketg/Desktop/amr_ws/src/my_robot_description -DCMAKE_INSTALL_PREFIX=/home/ketg/Desktop/amr_ws/install/my_robot_description
[0.935s] Invoking command in '/home/ketg/Desktop/amr_ws/build/my_robot_description': CMAKE_PREFIX_PATH=${CMAKE_PREFIX_PATH}:/opt/ros/foxy /usr/bin/cmake --build /home/ketg/Desktop/amr_ws/build/my_robot_description -- -j8 -l8
[0.985s] Invoked command in '/home/ketg/Desktop/amr_ws/build/my_robot_description' returned '0': CMAKE_PREFIX_PATH=${CMAKE_PREFIX_PATH}:/opt/ros/foxy /usr/bin/cmake --build /home/ketg/Desktop/amr_ws/build/my_robot_description -- -j8 -l8
[0.986s] Invoking command in '/home/ketg/Desktop/amr_ws/build/my_robot_description': CMAKE_PREFIX_PATH=${CMAKE_PREFIX_PATH}:/opt/ros/foxy /usr/bin/cmake --install /home/ketg/Desktop/amr_ws/build/my_robot_description
[0.990s] -- Install configuration: ""
[0.990s] -- Installing: /home/ketg/Desktop/amr_ws/install/my_robot_description/share/my_robot_description/launch
[0.990s] -- Installing: /home/ketg/Desktop/amr_ws/install/my_robot_description/share/my_robot_description/launch/gazebo.launch.py
[0.990s] -- Installing: /home/ketg/Desktop/amr_ws/install/my_robot_description/share/my_robot_description/urdf
[0.990s] -- Installing: /home/ketg/Desktop/amr_ws/install/my_robot_description/share/my_robot_description/urdf/amr_robot.urdf.xacro
[0.990s] -- Installing: /home/ketg/Desktop/amr_ws/install/my_robot_description/share/my_robot_description/config
[0.991s] -- Installing: /home/ketg/Desktop/amr_ws/install/my_robot_description/share/my_robot_description/config/ros2_control.yaml
[0.991s] -- Installing: /home/ketg/Desktop/amr_ws/install/my_robot_description/share/ament_index/resource_index/package_run_dependencies/my_robot_description
[0.991s] -- Installing: /home/ketg/Desktop/amr_ws/install/my_robot_description/share/ament_index/resource_index/parent_prefix_path/my_robot_description
[0.991s] -- Installing: /home/ketg/Desktop/amr_ws/install/my_robot_description/share/my_robot_description/environment/ament_prefix_path.sh
[0.991s] -- Installing: /home/ketg/Desktop/amr_ws/install/my_robot_description/share/my_robot_description/environment/ament_prefix_path.dsv
[0.991s] -- Installing: /home/ketg/Desktop/amr_ws/install/my_robot_description/share/my_robot_description/environment/path.sh
[0.991s] -- Installing: /home/ketg/Desktop/amr_ws/install/my_robot_description/share/my_robot_description/environment/path.dsv
[0.991s] -- Installing: /home/ketg/Desktop/amr_ws/install/my_robot_description/share/my_robot_description/local_setup.bash
[0.991s] -- Installing: /home/ketg/Desktop/amr_ws/install/my_robot_description/share/my_robot_description/local_setup.sh
[0.991s] -- Installing: /home/ketg/Desktop/amr_ws/install/my_robot_description/share/my_robot_description/local_setup.zsh
[0.991s] -- Installing: /home/ketg/Desktop/amr_ws/install/my_robot_description/share/my_robot_description/local_setup.dsv
[0.991s] -- Installing: /home/ketg/Desktop/amr_ws/install/my_robot_description/share/my_robot_description/package.dsv
[0.992s] -- Installing: /home/ketg/Desktop/amr_ws/install/my_robot_description/share/ament_index/resource_index/packages/my_robot_description
[0.992s] -- Installing: /home/ketg/Desktop/amr_ws/install/my_robot_description/share/my_robot_description/cmake/my_robot_descriptionConfig.cmake
[0.992s] -- Installing: /home/ketg/Desktop/amr_ws/install/my_robot_description/share/my_robot_description/cmake/my_robot_descriptionConfig-version.cmake
[0.992s] -- Installing: /home/ketg/Desktop/amr_ws/install/my_robot_description/share/my_robot_description/package.xml
[1.026s] Invoked command in '/home/ketg/Desktop/amr_ws/build/my_robot_description' returned '0': CMAKE_PREFIX_PATH=${CMAKE_PREFIX_PATH}:/opt/ros/foxy /usr/bin/cmake --install /home/ketg/Desktop/amr_ws/build/my_robot_description
