[35m[1mConsolidate compiler generated dependencies of target roboteq_ros2_driver[0m
[100%] Built target roboteq_ros2_driver
-- Install configuration: ""
-- Up-to-date: /home/ketg/Desktop/amr_ws/install/roboteq_ros2_driver/share/roboteq_ros2_driver//launch
-- Up-to-date: /home/ketg/Desktop/amr_ws/install/roboteq_ros2_driver/share/roboteq_ros2_driver//launch/roboteq_ros2_driver.launch.py
-- Up-to-date: /home/ketg/Desktop/amr_ws/install/roboteq_ros2_driver/share/roboteq_ros2_driver//config
-- Installing: /home/ketg/Desktop/amr_ws/install/roboteq_ros2_driver/share/roboteq_ros2_driver//config/roboteq.yaml
-- Up-to-date: /home/ketg/Desktop/amr_ws/install/roboteq_ros2_driver/lib/roboteq_ros2_driver/roboteq_ros2_driver
-- Up-to-date: /home/ketg/Desktop/amr_ws/install/roboteq_ros2_driver/share/ament_index/resource_index/package_run_dependencies/roboteq_ros2_driver
-- Up-to-date: /home/ketg/Desktop/amr_ws/install/roboteq_ros2_driver/share/ament_index/resource_index/parent_prefix_path/roboteq_ros2_driver
-- Up-to-date: /home/ketg/Desktop/amr_ws/install/roboteq_ros2_driver/share/roboteq_ros2_driver/environment/ament_prefix_path.sh
-- Up-to-date: /home/ketg/Desktop/amr_ws/install/roboteq_ros2_driver/share/roboteq_ros2_driver/environment/ament_prefix_path.dsv
-- Up-to-date: /home/ketg/Desktop/amr_ws/install/roboteq_ros2_driver/share/roboteq_ros2_driver/environment/path.sh
-- Up-to-date: /home/ketg/Desktop/amr_ws/install/roboteq_ros2_driver/share/roboteq_ros2_driver/environment/path.dsv
-- Up-to-date: /home/ketg/Desktop/amr_ws/install/roboteq_ros2_driver/share/roboteq_ros2_driver/local_setup.bash
-- Up-to-date: /home/ketg/Desktop/amr_ws/install/roboteq_ros2_driver/share/roboteq_ros2_driver/local_setup.sh
-- Up-to-date: /home/ketg/Desktop/amr_ws/install/roboteq_ros2_driver/share/roboteq_ros2_driver/local_setup.zsh
-- Up-to-date: /home/ketg/Desktop/amr_ws/install/roboteq_ros2_driver/share/roboteq_ros2_driver/local_setup.dsv
-- Installing: /home/ketg/Desktop/amr_ws/install/roboteq_ros2_driver/share/roboteq_ros2_driver/package.dsv
-- Up-to-date: /home/ketg/Desktop/amr_ws/install/roboteq_ros2_driver/share/ament_index/resource_index/packages/roboteq_ros2_driver
-- Up-to-date: /home/ketg/Desktop/amr_ws/install/roboteq_ros2_driver/share/roboteq_ros2_driver/cmake/roboteq_ros2_driverConfig.cmake
-- Up-to-date: /home/ketg/Desktop/amr_ws/install/roboteq_ros2_driver/share/roboteq_ros2_driver/cmake/roboteq_ros2_driverConfig-version.cmake
-- Up-to-date: /home/ketg/Desktop/amr_ws/install/roboteq_ros2_driver/share/roboteq_ros2_driver/package.xml
