[0.008s] Invoking command in '/home/ketg/Desktop/amr_ws/build/roboteq_ros2_driver': CMAKE_PREFIX_PATH=${CMAKE_PREFIX_PATH}:/opt/ros/humble /usr/bin/cmake --build /home/ketg/Desktop/amr_ws/build/roboteq_ros2_driver -- -j8 -l8
[0.037s] [35m[1mConsolidate compiler generated dependencies of target roboteq_ros2_driver[0m
[0.051s] [100%] Built target roboteq_ros2_driver
[0.060s] Invoked command in '/home/ketg/Desktop/amr_ws/build/roboteq_ros2_driver' returned '0': CMAKE_PREFIX_PATH=${CMAKE_PREFIX_PATH}:/opt/ros/humble /usr/bin/cmake --build /home/ketg/Desktop/amr_ws/build/roboteq_ros2_driver -- -j8 -l8
[0.061s] Invoking command in '/home/ketg/Desktop/amr_ws/build/roboteq_ros2_driver': CMAKE_PREFIX_PATH=${CMAKE_PREFIX_PATH}:/opt/ros/humble /usr/bin/cmake --install /home/ketg/Desktop/amr_ws/build/roboteq_ros2_driver
[0.068s] -- Install configuration: ""
[0.068s] -- Up-to-date: /home/ketg/Desktop/amr_ws/install/roboteq_ros2_driver/share/roboteq_ros2_driver//launch
[0.068s] -- Up-to-date: /home/ketg/Desktop/amr_ws/install/roboteq_ros2_driver/share/roboteq_ros2_driver//launch/roboteq_ros2_driver.launch.py
[0.068s] -- Up-to-date: /home/ketg/Desktop/amr_ws/install/roboteq_ros2_driver/share/roboteq_ros2_driver//config
[0.068s] -- Installing: /home/ketg/Desktop/amr_ws/install/roboteq_ros2_driver/share/roboteq_ros2_driver//config/roboteq.yaml
[0.068s] -- Up-to-date: /home/ketg/Desktop/amr_ws/install/roboteq_ros2_driver/lib/roboteq_ros2_driver/roboteq_ros2_driver
[0.068s] -- Up-to-date: /home/ketg/Desktop/amr_ws/install/roboteq_ros2_driver/share/ament_index/resource_index/package_run_dependencies/roboteq_ros2_driver
[0.068s] -- Up-to-date: /home/ketg/Desktop/amr_ws/install/roboteq_ros2_driver/share/ament_index/resource_index/parent_prefix_path/roboteq_ros2_driver
[0.069s] -- Up-to-date: /home/ketg/Desktop/amr_ws/install/roboteq_ros2_driver/share/roboteq_ros2_driver/environment/ament_prefix_path.sh
[0.069s] -- Up-to-date: /home/ketg/Desktop/amr_ws/install/roboteq_ros2_driver/share/roboteq_ros2_driver/environment/ament_prefix_path.dsv
[0.069s] -- Up-to-date: /home/ketg/Desktop/amr_ws/install/roboteq_ros2_driver/share/roboteq_ros2_driver/environment/path.sh
[0.069s] -- Up-to-date: /home/ketg/Desktop/amr_ws/install/roboteq_ros2_driver/share/roboteq_ros2_driver/environment/path.dsv
[0.069s] -- Up-to-date: /home/ketg/Desktop/amr_ws/install/roboteq_ros2_driver/share/roboteq_ros2_driver/local_setup.bash
[0.069s] -- Up-to-date: /home/ketg/Desktop/amr_ws/install/roboteq_ros2_driver/share/roboteq_ros2_driver/local_setup.sh
[0.069s] -- Up-to-date: /home/ketg/Desktop/amr_ws/install/roboteq_ros2_driver/share/roboteq_ros2_driver/local_setup.zsh
[0.069s] -- Up-to-date: /home/ketg/Desktop/amr_ws/install/roboteq_ros2_driver/share/roboteq_ros2_driver/local_setup.dsv
[0.069s] -- Installing: /home/ketg/Desktop/amr_ws/install/roboteq_ros2_driver/share/roboteq_ros2_driver/package.dsv
[0.069s] -- Up-to-date: /home/ketg/Desktop/amr_ws/install/roboteq_ros2_driver/share/ament_index/resource_index/packages/roboteq_ros2_driver
[0.069s] -- Up-to-date: /home/ketg/Desktop/amr_ws/install/roboteq_ros2_driver/share/roboteq_ros2_driver/cmake/roboteq_ros2_driverConfig.cmake
[0.069s] -- Up-to-date: /home/ketg/Desktop/amr_ws/install/roboteq_ros2_driver/share/roboteq_ros2_driver/cmake/roboteq_ros2_driverConfig-version.cmake
[0.069s] -- Up-to-date: /home/ketg/Desktop/amr_ws/install/roboteq_ros2_driver/share/roboteq_ros2_driver/package.xml
[0.071s] Invoked command in '/home/ketg/Desktop/amr_ws/build/roboteq_ros2_driver' returned '0': CMAKE_PREFIX_PATH=${CMAKE_PREFIX_PATH}:/opt/ros/humble /usr/bin/cmake --install /home/ketg/Desktop/amr_ws/build/roboteq_ros2_driver
