[0.023s] Invoking command in '/home/ketg/Desktop/amr_ws/build/my_robot_navigation': CMAKE_PREFIX_PATH=${CMAKE_PREFIX_PATH}:/opt/ros/foxy /usr/bin/cmake /home/ketg/Desktop/amr_ws/src/my_robot_navigation -DCMAKE_INSTALL_PREFIX=/home/ketg/Desktop/amr_ws/install/my_robot_navigation
[0.148s] -- The C compiler identification is GNU 9.4.0
[0.261s] -- The CXX compiler identification is GNU 9.4.0
[0.268s] -- Check for working C compiler: /usr/bin/cc
[0.335s] -- Check for working C compiler: /usr/bin/cc -- works
[0.336s] -- Detecting C compiler ABI info
[0.403s] -- Detecting C compiler ABI info - done
[0.421s] -- Detecting C compile features
[0.422s] -- Detecting C compile features - done
[0.426s] -- Check for working CXX compiler: /usr/bin/c++
[0.500s] -- Check for working CXX compiler: /usr/bin/c++ -- works
[0.501s] -- Detecting CXX compiler ABI info
[0.575s] -- Detecting CXX compiler ABI info - done
[0.589s] -- Detecting CXX compile features
[0.590s] -- Detecting CXX compile features - done
[0.592s] -- Found ament_cmake: 0.9.12 (/opt/ros/foxy/share/ament_cmake/cmake)
[0.615s] -- Found PythonInterp: /usr/bin/python3 (found suitable version "3.8.10", minimum required is "3") 
[0.615s] -- Using PYTHON_EXECUTABLE: /usr/bin/python3
[0.820s] -- Found ament_lint_auto: 0.9.8 (/opt/ros/foxy/share/ament_lint_auto/cmake)
[0.902s] -- Added test 'copyright' to check source files copyright and LICENSE
[0.904s] -- Added test 'lint_cmake' to check CMake code style
[0.905s] -- Added test 'xmllint' to check XML markup files
[0.907s] -- Configuring done
[0.909s] -- Generating done
[0.910s] -- Build files have been written to: /home/ketg/Desktop/amr_ws/build/my_robot_navigation
[0.920s] Invoked command in '/home/ketg/Desktop/amr_ws/build/my_robot_navigation' returned '0': CMAKE_PREFIX_PATH=${CMAKE_PREFIX_PATH}:/opt/ros/foxy /usr/bin/cmake /home/ketg/Desktop/amr_ws/src/my_robot_navigation -DCMAKE_INSTALL_PREFIX=/home/ketg/Desktop/amr_ws/install/my_robot_navigation
[0.922s] Invoking command in '/home/ketg/Desktop/amr_ws/build/my_robot_navigation': CMAKE_PREFIX_PATH=${CMAKE_PREFIX_PATH}:/opt/ros/foxy /usr/bin/cmake --build /home/ketg/Desktop/amr_ws/build/my_robot_navigation -- -j8 -l8
[0.967s] Invoked command in '/home/ketg/Desktop/amr_ws/build/my_robot_navigation' returned '0': CMAKE_PREFIX_PATH=${CMAKE_PREFIX_PATH}:/opt/ros/foxy /usr/bin/cmake --build /home/ketg/Desktop/amr_ws/build/my_robot_navigation -- -j8 -l8
[0.968s] Invoking command in '/home/ketg/Desktop/amr_ws/build/my_robot_navigation': CMAKE_PREFIX_PATH=${CMAKE_PREFIX_PATH}:/opt/ros/foxy /usr/bin/cmake --install /home/ketg/Desktop/amr_ws/build/my_robot_navigation
[0.982s] -- Install configuration: ""
[0.982s] -- Installing: /home/ketg/Desktop/amr_ws/install/my_robot_navigation/share/ament_index/resource_index/package_run_dependencies/my_robot_navigation
[0.982s] -- Installing: /home/ketg/Desktop/amr_ws/install/my_robot_navigation/share/ament_index/resource_index/parent_prefix_path/my_robot_navigation
[0.982s] -- Installing: /home/ketg/Desktop/amr_ws/install/my_robot_navigation/share/my_robot_navigation/environment/ament_prefix_path.sh
[0.982s] -- Installing: /home/ketg/Desktop/amr_ws/install/my_robot_navigation/share/my_robot_navigation/environment/ament_prefix_path.dsv
[0.982s] -- Installing: /home/ketg/Desktop/amr_ws/install/my_robot_navigation/share/my_robot_navigation/environment/path.sh
[0.982s] -- Installing: /home/ketg/Desktop/amr_ws/install/my_robot_navigation/share/my_robot_navigation/environment/path.dsv
[0.982s] -- Installing: /home/ketg/Desktop/amr_ws/install/my_robot_navigation/share/my_robot_navigation/local_setup.bash
[0.982s] -- Installing: /home/ketg/Desktop/amr_ws/install/my_robot_navigation/share/my_robot_navigation/local_setup.sh
[0.982s] -- Installing: /home/ketg/Desktop/amr_ws/install/my_robot_navigation/share/my_robot_navigation/local_setup.zsh
[0.982s] -- Installing: /home/ketg/Desktop/amr_ws/install/my_robot_navigation/share/my_robot_navigation/local_setup.dsv
[0.982s] -- Installing: /home/ketg/Desktop/amr_ws/install/my_robot_navigation/share/my_robot_navigation/package.dsv
[0.983s] -- Installing: /home/ketg/Desktop/amr_ws/install/my_robot_navigation/share/ament_index/resource_index/packages/my_robot_navigation
[0.983s] -- Installing: /home/ketg/Desktop/amr_ws/install/my_robot_navigation/share/my_robot_navigation/cmake/my_robot_navigationConfig.cmake
[0.983s] -- Installing: /home/ketg/Desktop/amr_ws/install/my_robot_navigation/share/my_robot_navigation/cmake/my_robot_navigationConfig-version.cmake
[0.983s] -- Installing: /home/ketg/Desktop/amr_ws/install/my_robot_navigation/share/my_robot_navigation/package.xml
[1.001s] Invoked command in '/home/ketg/Desktop/amr_ws/build/my_robot_navigation' returned '0': CMAKE_PREFIX_PATH=${CMAKE_PREFIX_PATH}:/opt/ros/foxy /usr/bin/cmake --install /home/ketg/Desktop/amr_ws/build/my_robot_navigation
