[0.020s] Invoking command in '/home/ketg/Desktop/amr_ws/build/my_robot_slam': CMAKE_PREFIX_PATH=/opt/ros/humble /usr/bin/cmake /home/ketg/Desktop/amr_ws/src/my_robot_slam -DCMAKE_INSTALL_PREFIX=/home/ketg/Desktop/amr_ws/install/my_robot_slam
[0.077s] -- The C compiler identification is GNU 11.4.0
[0.135s] -- The CXX compiler identification is GNU 11.4.0
[0.144s] -- Detecting C compiler ABI info
[0.209s] -- Detecting C compiler ABI info - done
[0.222s] -- Check for working C compiler: /usr/bin/cc - skipped
[0.222s] -- Detecting C compile features
[0.223s] -- Detecting C compile features - done
[0.231s] -- Detecting CXX compiler ABI info
[0.299s] -- Detecting CXX compiler ABI info - done
[0.310s] -- Check for working CXX compiler: /usr/bin/c++ - skipped
[0.310s] -- Detecting CXX compile features
[0.311s] -- Detecting CXX compile features - done
[0.315s] -- Found ament_cmake: 1.3.11 (/opt/ros/humble/share/ament_cmake/cmake)
[0.483s] -- Found Python3: /usr/bin/python3 (found version "3.10.12") found components: Interpreter 
[0.582s] -- Found ament_lint_auto: 0.12.11 (/opt/ros/humble/share/ament_lint_auto/cmake)
[0.684s] -- Added test 'copyright' to check source files copyright and LICENSE
[0.685s] -- Added test 'lint_cmake' to check CMake code style
[0.686s] -- Added test 'xmllint' to check XML markup files
[0.687s] -- Configuring done
[0.690s] -- Generating done
[0.692s] -- Build files have been written to: /home/ketg/Desktop/amr_ws/build/my_robot_slam
[0.698s] Invoked command in '/home/ketg/Desktop/amr_ws/build/my_robot_slam' returned '0': CMAKE_PREFIX_PATH=/opt/ros/humble /usr/bin/cmake /home/ketg/Desktop/amr_ws/src/my_robot_slam -DCMAKE_INSTALL_PREFIX=/home/ketg/Desktop/amr_ws/install/my_robot_slam
[0.700s] Invoking command in '/home/ketg/Desktop/amr_ws/build/my_robot_slam': CMAKE_PREFIX_PATH=/opt/ros/humble /usr/bin/cmake --build /home/ketg/Desktop/amr_ws/build/my_robot_slam -- -j8 -l8
[0.737s] Invoked command in '/home/ketg/Desktop/amr_ws/build/my_robot_slam' returned '0': CMAKE_PREFIX_PATH=/opt/ros/humble /usr/bin/cmake --build /home/ketg/Desktop/amr_ws/build/my_robot_slam -- -j8 -l8
[0.746s] Invoking command in '/home/ketg/Desktop/amr_ws/build/my_robot_slam': CMAKE_PREFIX_PATH=/opt/ros/humble /usr/bin/cmake --install /home/ketg/Desktop/amr_ws/build/my_robot_slam
[0.752s] -- Install configuration: ""
[0.752s] -- Installing: /home/ketg/Desktop/amr_ws/install/my_robot_slam/share/ament_index/resource_index/package_run_dependencies/my_robot_slam
[0.753s] -- Installing: /home/ketg/Desktop/amr_ws/install/my_robot_slam/share/ament_index/resource_index/parent_prefix_path/my_robot_slam
[0.753s] -- Installing: /home/ketg/Desktop/amr_ws/install/my_robot_slam/share/my_robot_slam/environment/ament_prefix_path.sh
[0.753s] -- Installing: /home/ketg/Desktop/amr_ws/install/my_robot_slam/share/my_robot_slam/environment/ament_prefix_path.dsv
[0.753s] -- Installing: /home/ketg/Desktop/amr_ws/install/my_robot_slam/share/my_robot_slam/environment/path.sh
[0.753s] -- Installing: /home/ketg/Desktop/amr_ws/install/my_robot_slam/share/my_robot_slam/environment/path.dsv
[0.753s] -- Installing: /home/ketg/Desktop/amr_ws/install/my_robot_slam/share/my_robot_slam/local_setup.bash
[0.753s] -- Installing: /home/ketg/Desktop/amr_ws/install/my_robot_slam/share/my_robot_slam/local_setup.sh
[0.753s] -- Installing: /home/ketg/Desktop/amr_ws/install/my_robot_slam/share/my_robot_slam/local_setup.zsh
[0.753s] -- Installing: /home/ketg/Desktop/amr_ws/install/my_robot_slam/share/my_robot_slam/local_setup.dsv
[0.754s] -- Installing: /home/ketg/Desktop/amr_ws/install/my_robot_slam/share/my_robot_slam/package.dsv
[0.754s] -- Installing: /home/ketg/Desktop/amr_ws/install/my_robot_slam/share/ament_index/resource_index/packages/my_robot_slam
[0.754s] -- Installing: /home/ketg/Desktop/amr_ws/install/my_robot_slam/share/my_robot_slam/cmake/my_robot_slamConfig.cmake
[0.754s] -- Installing: /home/ketg/Desktop/amr_ws/install/my_robot_slam/share/my_robot_slam/cmake/my_robot_slamConfig-version.cmake
[0.754s] -- Installing: /home/ketg/Desktop/amr_ws/install/my_robot_slam/share/my_robot_slam/package.xml
[0.757s] Invoked command in '/home/ketg/Desktop/amr_ws/build/my_robot_slam' returned '0': CMAKE_PREFIX_PATH=/opt/ros/humble /usr/bin/cmake --install /home/ketg/Desktop/amr_ws/build/my_robot_slam
