[0.025s] Invoking command in '/home/ketg/Desktop/amr_ws/build/my_robot_bringup': CMAKE_PREFIX_PATH=${CMAKE_PREFIX_PATH}:/opt/ros/foxy /usr/bin/cmake /home/ketg/Desktop/amr_ws/src/my_robot_bringup -DCMAKE_INSTALL_PREFIX=/home/ketg/Desktop/amr_ws/install/my_robot_bringup
[0.160s] -- The C compiler identification is GNU 9.4.0
[0.270s] -- The CXX compiler identification is GNU 9.4.0
[0.276s] -- Check for working C compiler: /usr/bin/cc
[0.341s] -- Check for working C compiler: /usr/bin/cc -- works
[0.345s] -- Detecting C compiler ABI info
[0.411s] -- Detecting C compiler ABI info - done
[0.428s] -- Detecting C compile features
[0.428s] -- Detecting C compile features - done
[0.431s] -- Check for working CXX compiler: /usr/bin/c++
[0.511s] -- Check for working CXX compiler: /usr/bin/c++ -- works
[0.512s] -- Detecting CXX compiler ABI info
[0.591s] -- Detecting CXX compiler ABI info - done
[0.602s] -- Detecting CXX compile features
[0.602s] -- Detecting CXX compile features - done
[0.604s] -- Found ament_cmake: 0.9.12 (/opt/ros/foxy/share/ament_cmake/cmake)
[0.627s] -- Found PythonInterp: /usr/bin/python3 (found suitable version "3.8.10", minimum required is "3") 
[0.628s] -- Using PYTHON_EXECUTABLE: /usr/bin/python3
[0.831s] -- Found ament_lint_auto: 0.9.8 (/opt/ros/foxy/share/ament_lint_auto/cmake)
[0.913s] -- Added test 'copyright' to check source files copyright and LICENSE
[0.915s] -- Added test 'lint_cmake' to check CMake code style
[0.916s] -- Added test 'xmllint' to check XML markup files
[0.918s] -- Configuring done
[0.919s] -- Generating done
[0.920s] -- Build files have been written to: /home/ketg/Desktop/amr_ws/build/my_robot_bringup
[0.924s] Invoked command in '/home/ketg/Desktop/amr_ws/build/my_robot_bringup' returned '0': CMAKE_PREFIX_PATH=${CMAKE_PREFIX_PATH}:/opt/ros/foxy /usr/bin/cmake /home/ketg/Desktop/amr_ws/src/my_robot_bringup -DCMAKE_INSTALL_PREFIX=/home/ketg/Desktop/amr_ws/install/my_robot_bringup
[0.926s] Invoking command in '/home/ketg/Desktop/amr_ws/build/my_robot_bringup': CMAKE_PREFIX_PATH=${CMAKE_PREFIX_PATH}:/opt/ros/foxy /usr/bin/cmake --build /home/ketg/Desktop/amr_ws/build/my_robot_bringup -- -j8 -l8
[0.965s] Invoked command in '/home/ketg/Desktop/amr_ws/build/my_robot_bringup' returned '0': CMAKE_PREFIX_PATH=${CMAKE_PREFIX_PATH}:/opt/ros/foxy /usr/bin/cmake --build /home/ketg/Desktop/amr_ws/build/my_robot_bringup -- -j8 -l8
[0.975s] Invoking command in '/home/ketg/Desktop/amr_ws/build/my_robot_bringup': CMAKE_PREFIX_PATH=${CMAKE_PREFIX_PATH}:/opt/ros/foxy /usr/bin/cmake --install /home/ketg/Desktop/amr_ws/build/my_robot_bringup
[0.984s] -- Install configuration: ""
[0.985s] -- Installing: /home/ketg/Desktop/amr_ws/install/my_robot_bringup/share/ament_index/resource_index/package_run_dependencies/my_robot_bringup
[0.986s] -- Installing: /home/ketg/Desktop/amr_ws/install/my_robot_bringup/share/ament_index/resource_index/parent_prefix_path/my_robot_bringup
[0.986s] -- Installing: /home/ketg/Desktop/amr_ws/install/my_robot_bringup/share/my_robot_bringup/environment/ament_prefix_path.sh
[0.986s] -- Installing: /home/ketg/Desktop/amr_ws/install/my_robot_bringup/share/my_robot_bringup/environment/ament_prefix_path.dsv
[0.987s] -- Installing: /home/ketg/Desktop/amr_ws/install/my_robot_bringup/share/my_robot_bringup/environment/path.sh
[0.988s] -- Installing: /home/ketg/Desktop/amr_ws/install/my_robot_bringup/share/my_robot_bringup/environment/path.dsv
[0.989s] -- Installing: /home/ketg/Desktop/amr_ws/install/my_robot_bringup/share/my_robot_bringup/local_setup.bash
[0.989s] -- Installing: /home/ketg/Desktop/amr_ws/install/my_robot_bringup/share/my_robot_bringup/local_setup.sh
[0.989s] -- Installing: /home/ketg/Desktop/amr_ws/install/my_robot_bringup/share/my_robot_bringup/local_setup.zsh
[0.989s] -- Installing: /home/ketg/Desktop/amr_ws/install/my_robot_bringup/share/my_robot_bringup/local_setup.dsv
[0.990s] -- Installing: /home/ketg/Desktop/amr_ws/install/my_robot_bringup/share/my_robot_bringup/package.dsv
[0.990s] -- Installing: /home/ketg/Desktop/amr_ws/install/my_robot_bringup/share/ament_index/resource_index/packages/my_robot_bringup
[0.991s] -- Installing: /home/ketg/Desktop/amr_ws/install/my_robot_bringup/share/my_robot_bringup/cmake/my_robot_bringupConfig.cmake
[0.991s] -- Installing: /home/ketg/Desktop/amr_ws/install/my_robot_bringup/share/my_robot_bringup/cmake/my_robot_bringupConfig-version.cmake
[0.991s] -- Installing: /home/ketg/Desktop/amr_ws/install/my_robot_bringup/share/my_robot_bringup/package.xml
[0.995s] Invoked command in '/home/ketg/Desktop/amr_ws/build/my_robot_bringup' returned '0': CMAKE_PREFIX_PATH=${CMAKE_PREFIX_PATH}:/opt/ros/foxy /usr/bin/cmake --install /home/ketg/Desktop/amr_ws/build/my_robot_bringup
