[0.025s] Invoking command in '/home/ketg/Desktop/amr_ws/build/my_robot_slam': CMAKE_PREFIX_PATH=/opt/ros/foxy /usr/bin/cmake /home/ketg/Desktop/amr_ws/src/my_robot_slam -DCMAKE_INSTALL_PREFIX=/home/ketg/Desktop/amr_ws/install/my_robot_slam
[0.133s] -- The C compiler identification is GNU 9.4.0
[0.238s] -- The CXX compiler identification is GNU 9.4.0
[0.246s] -- Check for working C compiler: /usr/bin/cc
[0.309s] -- Check for working C compiler: /usr/bin/cc -- works
[0.310s] -- Detecting C compiler ABI info
[0.373s] -- Detecting C compiler ABI info - done
[0.391s] -- Detecting C compile features
[0.391s] -- Detecting C compile features - done
[0.395s] -- Check for working CXX compiler: /usr/bin/c++
[0.468s] -- Check for working CXX compiler: /usr/bin/c++ -- works
[0.470s] -- Detecting CXX compiler ABI info
[0.538s] -- Detecting CXX compiler ABI info - done
[0.549s] -- Detecting CXX compile features
[0.549s] -- Detecting CXX compile features - done
[0.551s] -- Found ament_cmake: 0.9.12 (/opt/ros/foxy/share/ament_cmake/cmake)
[0.573s] -- Found PythonInterp: /usr/bin/python3 (found suitable version "3.8.10", minimum required is "3") 
[0.573s] -- Using PYTHON_EXECUTABLE: /usr/bin/python3
[0.759s] -- Found ament_lint_auto: 0.9.8 (/opt/ros/foxy/share/ament_lint_auto/cmake)
[0.837s] -- Added test 'copyright' to check source files copyright and LICENSE
[0.839s] -- Added test 'lint_cmake' to check CMake code style
[0.840s] -- Added test 'xmllint' to check XML markup files
[0.842s] -- Configuring done
[0.844s] -- Generating done
[0.845s] -- Build files have been written to: /home/ketg/Desktop/amr_ws/build/my_robot_slam
[0.853s] Invoked command in '/home/ketg/Desktop/amr_ws/build/my_robot_slam' returned '0': CMAKE_PREFIX_PATH=/opt/ros/foxy /usr/bin/cmake /home/ketg/Desktop/amr_ws/src/my_robot_slam -DCMAKE_INSTALL_PREFIX=/home/ketg/Desktop/amr_ws/install/my_robot_slam
[0.855s] Invoking command in '/home/ketg/Desktop/amr_ws/build/my_robot_slam': CMAKE_PREFIX_PATH=/opt/ros/foxy /usr/bin/cmake --build /home/ketg/Desktop/amr_ws/build/my_robot_slam -- -j8 -l8
[0.898s] Invoked command in '/home/ketg/Desktop/amr_ws/build/my_robot_slam' returned '0': CMAKE_PREFIX_PATH=/opt/ros/foxy /usr/bin/cmake --build /home/ketg/Desktop/amr_ws/build/my_robot_slam -- -j8 -l8
[0.899s] Invoking command in '/home/ketg/Desktop/amr_ws/build/my_robot_slam': CMAKE_PREFIX_PATH=/opt/ros/foxy /usr/bin/cmake --install /home/ketg/Desktop/amr_ws/build/my_robot_slam
[0.914s] -- Install configuration: ""
[0.914s] -- Installing: /home/ketg/Desktop/amr_ws/install/my_robot_slam/share/ament_index/resource_index/package_run_dependencies/my_robot_slam
[0.914s] -- Installing: /home/ketg/Desktop/amr_ws/install/my_robot_slam/share/ament_index/resource_index/parent_prefix_path/my_robot_slam
[0.914s] -- Installing: /home/ketg/Desktop/amr_ws/install/my_robot_slam/share/my_robot_slam/environment/ament_prefix_path.sh
[0.914s] -- Installing: /home/ketg/Desktop/amr_ws/install/my_robot_slam/share/my_robot_slam/environment/ament_prefix_path.dsv
[0.914s] -- Installing: /home/ketg/Desktop/amr_ws/install/my_robot_slam/share/my_robot_slam/environment/path.sh
[0.914s] -- Installing: /home/ketg/Desktop/amr_ws/install/my_robot_slam/share/my_robot_slam/environment/path.dsv
[0.914s] -- Installing: /home/ketg/Desktop/amr_ws/install/my_robot_slam/share/my_robot_slam/local_setup.bash
[0.914s] -- Installing: /home/ketg/Desktop/amr_ws/install/my_robot_slam/share/my_robot_slam/local_setup.sh
[0.915s] -- Installing: /home/ketg/Desktop/amr_ws/install/my_robot_slam/share/my_robot_slam/local_setup.zsh
[0.915s] -- Installing: /home/ketg/Desktop/amr_ws/install/my_robot_slam/share/my_robot_slam/local_setup.dsv
[0.915s] -- Installing: /home/ketg/Desktop/amr_ws/install/my_robot_slam/share/my_robot_slam/package.dsv
[0.915s] -- Installing: /home/ketg/Desktop/amr_ws/install/my_robot_slam/share/ament_index/resource_index/packages/my_robot_slam
[0.915s] -- Installing: /home/ketg/Desktop/amr_ws/install/my_robot_slam/share/my_robot_slam/cmake/my_robot_slamConfig.cmake
[0.915s] -- Installing: /home/ketg/Desktop/amr_ws/install/my_robot_slam/share/my_robot_slam/cmake/my_robot_slamConfig-version.cmake
[0.915s] -- Installing: /home/ketg/Desktop/amr_ws/install/my_robot_slam/share/my_robot_slam/package.xml
[0.935s] Invoked command in '/home/ketg/Desktop/amr_ws/build/my_robot_slam' returned '0': CMAKE_PREFIX_PATH=/opt/ros/foxy /usr/bin/cmake --install /home/ketg/Desktop/amr_ws/build/my_robot_slam
