[0.148s] DEBUG:colcon:Command line arguments: ['/usr/bin/colcon', 'build']
[0.149s] DEBUG:colcon:Parsed command line arguments: Namespace(allow_overriding=[], ament_cmake_args=None, base_paths=['.'], build_base='build', catkin_cmake_args=None, catkin_skip_building_tests=False, cmake_args=None, cmake_clean_cache=False, cmake_clean_first=False, cmake_force_configure=False, cmake_target=None, cmake_target_skip_unavailable=False, continue_on_error=False, event_handlers=None, executor='parallel', ignore_user_meta=False, install_base='install', log_base=None, log_level=None, main=<bound method BuildVerb.main of <colcon_core.verb.build.BuildVerb object at 0x7fa4f805c6a0>>, merge_install=False, metas=['./colcon.meta'], packages_above=None, packages_above_and_dependencies=None, packages_above_depth=None, packages_end=None, packages_ignore=None, packages_ignore_regex=None, packages_select=None, packages_select_build_failed=False, packages_select_by_dep=None, packages_select_regex=None, packages_select_test_failures=False, packages_skip=None, packages_skip_build_finished=False, packages_skip_by_dep=None, packages_skip_regex=None, packages_skip_test_passed=False, packages_skip_up_to=None, packages_start=None, packages_up_to=None, packages_up_to_regex=None, parallel_workers=8, paths=None, symlink_install=False, test_result_base=None, verb_extension=<colcon_core.verb.build.BuildVerb object at 0x7fa4f805c6a0>, verb_name='build', verb_parser=<colcon_defaults.argument_parser.defaults.DefaultArgumentsDecorator object at 0x7fa4f805cdf0>)
[0.267s] Level 1:colcon.colcon_core.package_discovery:discover_packages(colcon_meta) check parameters
[0.267s] Level 1:colcon.colcon_core.package_discovery:discover_packages(recursive) check parameters
[0.267s] Level 1:colcon.colcon_core.package_discovery:discover_packages(ignore) check parameters
[0.267s] Level 1:colcon.colcon_core.package_discovery:discover_packages(path) check parameters
[0.267s] Level 1:colcon.colcon_core.package_discovery:discover_packages(colcon_meta) discover
[0.267s] Level 1:colcon.colcon_core.package_discovery:discover_packages(recursive) discover
[0.267s] INFO:colcon.colcon_core.package_discovery:Crawling recursively for packages in '/home/ketg/Desktop/amr_ws'
[0.267s] Level 1:colcon.colcon_core.package_identification:_identify(.) by extensions ['ignore', 'ignore_ament_install']
[0.268s] Level 1:colcon.colcon_core.package_identification:_identify(.) by extension 'ignore'
[0.268s] Level 1:colcon.colcon_core.package_identification:_identify(.) by extension 'ignore_ament_install'
[0.268s] Level 1:colcon.colcon_core.package_identification:_identify(.) by extensions ['colcon_pkg']
[0.268s] Level 1:colcon.colcon_core.package_identification:_identify(.) by extension 'colcon_pkg'
[0.268s] Level 1:colcon.colcon_core.package_identification:_identify(.) by extensions ['colcon_meta']
[0.268s] Level 1:colcon.colcon_core.package_identification:_identify(.) by extension 'colcon_meta'
[0.268s] Level 1:colcon.colcon_core.package_identification:_identify(.) by extensions ['ros']
[0.268s] Level 1:colcon.colcon_core.package_identification:_identify(.) by extension 'ros'
[0.277s] Level 1:colcon.colcon_core.package_identification:_identify(.) by extensions ['cmake', 'python']
[0.277s] Level 1:colcon.colcon_core.package_identification:_identify(.) by extension 'cmake'
[0.277s] Level 1:colcon.colcon_core.package_identification:_identify(.) by extension 'python'
[0.277s] Level 1:colcon.colcon_core.package_identification:_identify(.) by extensions ['python_setup_py']
[0.277s] Level 1:colcon.colcon_core.package_identification:_identify(.) by extension 'python_setup_py'
[0.277s] Level 1:colcon.colcon_core.package_identification:_identify(build) by extensions ['ignore', 'ignore_ament_install']
[0.278s] Level 1:colcon.colcon_core.package_identification:_identify(build) by extension 'ignore'
[0.278s] Level 1:colcon.colcon_core.package_identification:_identify(build) ignored
[0.278s] Level 1:colcon.colcon_core.package_identification:_identify(install) by extensions ['ignore', 'ignore_ament_install']
[0.278s] Level 1:colcon.colcon_core.package_identification:_identify(install) by extension 'ignore'
[0.278s] Level 1:colcon.colcon_core.package_identification:_identify(install) ignored
[0.278s] Level 1:colcon.colcon_core.package_identification:_identify(log) by extensions ['ignore', 'ignore_ament_install']
[0.278s] Level 1:colcon.colcon_core.package_identification:_identify(log) by extension 'ignore'
[0.278s] Level 1:colcon.colcon_core.package_identification:_identify(log) ignored
[0.278s] Level 1:colcon.colcon_core.package_identification:_identify(src) by extensions ['ignore', 'ignore_ament_install']
[0.278s] Level 1:colcon.colcon_core.package_identification:_identify(src) by extension 'ignore'
[0.279s] Level 1:colcon.colcon_core.package_identification:_identify(src) by extension 'ignore_ament_install'
[0.279s] Level 1:colcon.colcon_core.package_identification:_identify(src) by extensions ['colcon_pkg']
[0.279s] Level 1:colcon.colcon_core.package_identification:_identify(src) by extension 'colcon_pkg'
[0.279s] Level 1:colcon.colcon_core.package_identification:_identify(src) by extensions ['colcon_meta']
[0.279s] Level 1:colcon.colcon_core.package_identification:_identify(src) by extension 'colcon_meta'
[0.279s] Level 1:colcon.colcon_core.package_identification:_identify(src) by extensions ['ros']
[0.279s] Level 1:colcon.colcon_core.package_identification:_identify(src) by extension 'ros'
[0.279s] Level 1:colcon.colcon_core.package_identification:_identify(src) by extensions ['cmake', 'python']
[0.279s] Level 1:colcon.colcon_core.package_identification:_identify(src) by extension 'cmake'
[0.279s] Level 1:colcon.colcon_core.package_identification:_identify(src) by extension 'python'
[0.279s] Level 1:colcon.colcon_core.package_identification:_identify(src) by extensions ['python_setup_py']
[0.279s] Level 1:colcon.colcon_core.package_identification:_identify(src) by extension 'python_setup_py'
[0.279s] Level 1:colcon.colcon_core.package_identification:_identify(src/my_robot_bringup) by extensions ['ignore', 'ignore_ament_install']
[0.279s] Level 1:colcon.colcon_core.package_identification:_identify(src/my_robot_bringup) by extension 'ignore'
[0.279s] Level 1:colcon.colcon_core.package_identification:_identify(src/my_robot_bringup) by extension 'ignore_ament_install'
[0.280s] Level 1:colcon.colcon_core.package_identification:_identify(src/my_robot_bringup) by extensions ['colcon_pkg']
[0.280s] Level 1:colcon.colcon_core.package_identification:_identify(src/my_robot_bringup) by extension 'colcon_pkg'
[0.280s] Level 1:colcon.colcon_core.package_identification:_identify(src/my_robot_bringup) by extensions ['colcon_meta']
[0.280s] Level 1:colcon.colcon_core.package_identification:_identify(src/my_robot_bringup) by extension 'colcon_meta'
[0.280s] Level 1:colcon.colcon_core.package_identification:_identify(src/my_robot_bringup) by extensions ['ros']
[0.280s] Level 1:colcon.colcon_core.package_identification:_identify(src/my_robot_bringup) by extension 'ros'
[0.282s] DEBUG:colcon.colcon_core.package_identification:Package 'src/my_robot_bringup' with type 'ros.ament_cmake' and name 'my_robot_bringup'
[0.282s] Level 1:colcon.colcon_core.package_identification:_identify(src/my_robot_description) by extensions ['ignore', 'ignore_ament_install']
[0.282s] Level 1:colcon.colcon_core.package_identification:_identify(src/my_robot_description) by extension 'ignore'
[0.282s] Level 1:colcon.colcon_core.package_identification:_identify(src/my_robot_description) by extension 'ignore_ament_install'
[0.282s] Level 1:colcon.colcon_core.package_identification:_identify(src/my_robot_description) by extensions ['colcon_pkg']
[0.282s] Level 1:colcon.colcon_core.package_identification:_identify(src/my_robot_description) by extension 'colcon_pkg'
[0.282s] Level 1:colcon.colcon_core.package_identification:_identify(src/my_robot_description) by extensions ['colcon_meta']
[0.282s] Level 1:colcon.colcon_core.package_identification:_identify(src/my_robot_description) by extension 'colcon_meta'
[0.282s] Level 1:colcon.colcon_core.package_identification:_identify(src/my_robot_description) by extensions ['ros']
[0.282s] Level 1:colcon.colcon_core.package_identification:_identify(src/my_robot_description) by extension 'ros'
[0.283s] DEBUG:colcon.colcon_core.package_identification:Package 'src/my_robot_description' with type 'ros.ament_cmake' and name 'my_robot_description'
[0.283s] Level 1:colcon.colcon_core.package_identification:_identify(src/my_robot_navigation) by extensions ['ignore', 'ignore_ament_install']
[0.283s] Level 1:colcon.colcon_core.package_identification:_identify(src/my_robot_navigation) by extension 'ignore'
[0.283s] Level 1:colcon.colcon_core.package_identification:_identify(src/my_robot_navigation) by extension 'ignore_ament_install'
[0.284s] Level 1:colcon.colcon_core.package_identification:_identify(src/my_robot_navigation) by extensions ['colcon_pkg']
[0.284s] Level 1:colcon.colcon_core.package_identification:_identify(src/my_robot_navigation) by extension 'colcon_pkg'
[0.284s] Level 1:colcon.colcon_core.package_identification:_identify(src/my_robot_navigation) by extensions ['colcon_meta']
[0.284s] Level 1:colcon.colcon_core.package_identification:_identify(src/my_robot_navigation) by extension 'colcon_meta'
[0.284s] Level 1:colcon.colcon_core.package_identification:_identify(src/my_robot_navigation) by extensions ['ros']
[0.284s] Level 1:colcon.colcon_core.package_identification:_identify(src/my_robot_navigation) by extension 'ros'
[0.284s] DEBUG:colcon.colcon_core.package_identification:Package 'src/my_robot_navigation' with type 'ros.ament_cmake' and name 'my_robot_navigation'
[0.284s] Level 1:colcon.colcon_core.package_identification:_identify(src/my_robot_slam) by extensions ['ignore', 'ignore_ament_install']
[0.284s] Level 1:colcon.colcon_core.package_identification:_identify(src/my_robot_slam) by extension 'ignore'
[0.285s] Level 1:colcon.colcon_core.package_identification:_identify(src/my_robot_slam) by extension 'ignore_ament_install'
[0.285s] Level 1:colcon.colcon_core.package_identification:_identify(src/my_robot_slam) by extensions ['colcon_pkg']
[0.285s] Level 1:colcon.colcon_core.package_identification:_identify(src/my_robot_slam) by extension 'colcon_pkg'
[0.285s] Level 1:colcon.colcon_core.package_identification:_identify(src/my_robot_slam) by extensions ['colcon_meta']
[0.285s] Level 1:colcon.colcon_core.package_identification:_identify(src/my_robot_slam) by extension 'colcon_meta'
[0.285s] Level 1:colcon.colcon_core.package_identification:_identify(src/my_robot_slam) by extensions ['ros']
[0.285s] Level 1:colcon.colcon_core.package_identification:_identify(src/my_robot_slam) by extension 'ros'
[0.285s] DEBUG:colcon.colcon_core.package_identification:Package 'src/my_robot_slam' with type 'ros.ament_cmake' and name 'my_robot_slam'
[0.285s] Level 1:colcon.colcon_core.package_discovery:discover_packages(recursive) using defaults
[0.285s] Level 1:colcon.colcon_core.package_discovery:discover_packages(ignore) discover
[0.285s] Level 1:colcon.colcon_core.package_discovery:discover_packages(ignore) using defaults
[0.285s] Level 1:colcon.colcon_core.package_discovery:discover_packages(path) discover
[0.286s] Level 1:colcon.colcon_core.package_discovery:discover_packages(path) using defaults
[0.298s] Level 1:colcon.colcon_core.package_discovery:discover_packages(prefix_path) check parameters
[0.298s] Level 1:colcon.colcon_core.package_discovery:discover_packages(prefix_path) discover
[0.299s] DEBUG:colcon.colcon_installed_package_information.package_discovery:Found 4 installed packages in /home/ketg/Desktop/amr_ws/install
[0.300s] DEBUG:colcon.colcon_installed_package_information.package_discovery:Found 287 installed packages in /opt/ros/foxy
[0.302s] Level 1:colcon.colcon_core.package_discovery:discover_packages(prefix_path) using defaults
[0.356s] Level 5:colcon.colcon_core.verb:set package 'my_robot_bringup' build argument 'cmake_args' from command line to 'None'
[0.356s] Level 5:colcon.colcon_core.verb:set package 'my_robot_bringup' build argument 'cmake_target' from command line to 'None'
[0.356s] Level 5:colcon.colcon_core.verb:set package 'my_robot_bringup' build argument 'cmake_target_skip_unavailable' from command line to 'False'
[0.356s] Level 5:colcon.colcon_core.verb:set package 'my_robot_bringup' build argument 'cmake_clean_cache' from command line to 'False'
[0.356s] Level 5:colcon.colcon_core.verb:set package 'my_robot_bringup' build argument 'cmake_clean_first' from command line to 'False'
[0.356s] Level 5:colcon.colcon_core.verb:set package 'my_robot_bringup' build argument 'cmake_force_configure' from command line to 'False'
[0.356s] Level 5:colcon.colcon_core.verb:set package 'my_robot_bringup' build argument 'ament_cmake_args' from command line to 'None'
[0.356s] Level 5:colcon.colcon_core.verb:set package 'my_robot_bringup' build argument 'catkin_cmake_args' from command line to 'None'
[0.356s] Level 5:colcon.colcon_core.verb:set package 'my_robot_bringup' build argument 'catkin_skip_building_tests' from command line to 'False'
[0.356s] DEBUG:colcon.colcon_core.verb:Building package 'my_robot_bringup' with the following arguments: {'ament_cmake_args': None, 'build_base': '/home/ketg/Desktop/amr_ws/build/my_robot_bringup', 'catkin_cmake_args': None, 'catkin_skip_building_tests': False, 'cmake_args': None, 'cmake_clean_cache': False, 'cmake_clean_first': False, 'cmake_force_configure': False, 'cmake_target': None, 'cmake_target_skip_unavailable': False, 'install_base': '/home/ketg/Desktop/amr_ws/install/my_robot_bringup', 'merge_install': False, 'path': '/home/ketg/Desktop/amr_ws/src/my_robot_bringup', 'symlink_install': False, 'test_result_base': None}
[0.357s] Level 5:colcon.colcon_core.verb:set package 'my_robot_description' build argument 'cmake_args' from command line to 'None'
[0.357s] Level 5:colcon.colcon_core.verb:set package 'my_robot_description' build argument 'cmake_target' from command line to 'None'
[0.357s] Level 5:colcon.colcon_core.verb:set package 'my_robot_description' build argument 'cmake_target_skip_unavailable' from command line to 'False'
[0.357s] Level 5:colcon.colcon_core.verb:set package 'my_robot_description' build argument 'cmake_clean_cache' from command line to 'False'
[0.357s] Level 5:colcon.colcon_core.verb:set package 'my_robot_description' build argument 'cmake_clean_first' from command line to 'False'
[0.357s] Level 5:colcon.colcon_core.verb:set package 'my_robot_description' build argument 'cmake_force_configure' from command line to 'False'
[0.357s] Level 5:colcon.colcon_core.verb:set package 'my_robot_description' build argument 'ament_cmake_args' from command line to 'None'
[0.357s] Level 5:colcon.colcon_core.verb:set package 'my_robot_description' build argument 'catkin_cmake_args' from command line to 'None'
[0.357s] Level 5:colcon.colcon_core.verb:set package 'my_robot_description' build argument 'catkin_skip_building_tests' from command line to 'False'
[0.357s] DEBUG:colcon.colcon_core.verb:Building package 'my_robot_description' with the following arguments: {'ament_cmake_args': None, 'build_base': '/home/ketg/Desktop/amr_ws/build/my_robot_description', 'catkin_cmake_args': None, 'catkin_skip_building_tests': False, 'cmake_args': None, 'cmake_clean_cache': False, 'cmake_clean_first': False, 'cmake_force_configure': False, 'cmake_target': None, 'cmake_target_skip_unavailable': False, 'install_base': '/home/ketg/Desktop/amr_ws/install/my_robot_description', 'merge_install': False, 'path': '/home/ketg/Desktop/amr_ws/src/my_robot_description', 'symlink_install': False, 'test_result_base': None}
[0.357s] Level 5:colcon.colcon_core.verb:set package 'my_robot_navigation' build argument 'cmake_args' from command line to 'None'
[0.357s] Level 5:colcon.colcon_core.verb:set package 'my_robot_navigation' build argument 'cmake_target' from command line to 'None'
[0.357s] Level 5:colcon.colcon_core.verb:set package 'my_robot_navigation' build argument 'cmake_target_skip_unavailable' from command line to 'False'
[0.357s] Level 5:colcon.colcon_core.verb:set package 'my_robot_navigation' build argument 'cmake_clean_cache' from command line to 'False'
[0.357s] Level 5:colcon.colcon_core.verb:set package 'my_robot_navigation' build argument 'cmake_clean_first' from command line to 'False'
[0.357s] Level 5:colcon.colcon_core.verb:set package 'my_robot_navigation' build argument 'cmake_force_configure' from command line to 'False'
[0.357s] Level 5:colcon.colcon_core.verb:set package 'my_robot_navigation' build argument 'ament_cmake_args' from command line to 'None'
[0.357s] Level 5:colcon.colcon_core.verb:set package 'my_robot_navigation' build argument 'catkin_cmake_args' from command line to 'None'
[0.357s] Level 5:colcon.colcon_core.verb:set package 'my_robot_navigation' build argument 'catkin_skip_building_tests' from command line to 'False'
[0.358s] DEBUG:colcon.colcon_core.verb:Building package 'my_robot_navigation' with the following arguments: {'ament_cmake_args': None, 'build_base': '/home/ketg/Desktop/amr_ws/build/my_robot_navigation', 'catkin_cmake_args': None, 'catkin_skip_building_tests': False, 'cmake_args': None, 'cmake_clean_cache': False, 'cmake_clean_first': False, 'cmake_force_configure': False, 'cmake_target': None, 'cmake_target_skip_unavailable': False, 'install_base': '/home/ketg/Desktop/amr_ws/install/my_robot_navigation', 'merge_install': False, 'path': '/home/ketg/Desktop/amr_ws/src/my_robot_navigation', 'symlink_install': False, 'test_result_base': None}
[0.358s] Level 5:colcon.colcon_core.verb:set package 'my_robot_slam' build argument 'cmake_args' from command line to 'None'
[0.358s] Level 5:colcon.colcon_core.verb:set package 'my_robot_slam' build argument 'cmake_target' from command line to 'None'
[0.358s] Level 5:colcon.colcon_core.verb:set package 'my_robot_slam' build argument 'cmake_target_skip_unavailable' from command line to 'False'
[0.358s] Level 5:colcon.colcon_core.verb:set package 'my_robot_slam' build argument 'cmake_clean_cache' from command line to 'False'
[0.358s] Level 5:colcon.colcon_core.verb:set package 'my_robot_slam' build argument 'cmake_clean_first' from command line to 'False'
[0.358s] Level 5:colcon.colcon_core.verb:set package 'my_robot_slam' build argument 'cmake_force_configure' from command line to 'False'
[0.358s] Level 5:colcon.colcon_core.verb:set package 'my_robot_slam' build argument 'ament_cmake_args' from command line to 'None'
[0.358s] Level 5:colcon.colcon_core.verb:set package 'my_robot_slam' build argument 'catkin_cmake_args' from command line to 'None'
[0.358s] Level 5:colcon.colcon_core.verb:set package 'my_robot_slam' build argument 'catkin_skip_building_tests' from command line to 'False'
[0.358s] DEBUG:colcon.colcon_core.verb:Building package 'my_robot_slam' with the following arguments: {'ament_cmake_args': None, 'build_base': '/home/ketg/Desktop/amr_ws/build/my_robot_slam', 'catkin_cmake_args': None, 'catkin_skip_building_tests': False, 'cmake_args': None, 'cmake_clean_cache': False, 'cmake_clean_first': False, 'cmake_force_configure': False, 'cmake_target': None, 'cmake_target_skip_unavailable': False, 'install_base': '/home/ketg/Desktop/amr_ws/install/my_robot_slam', 'merge_install': False, 'path': '/home/ketg/Desktop/amr_ws/src/my_robot_slam', 'symlink_install': False, 'test_result_base': None}
[0.358s] INFO:colcon.colcon_core.executor:Executing jobs using 'parallel' executor
[0.359s] DEBUG:colcon.colcon_parallel_executor.executor.parallel:run_until_complete
[0.359s] INFO:colcon.colcon_ros.task.ament_cmake.build:Building ROS package in '/home/ketg/Desktop/amr_ws/src/my_robot_bringup' with build type 'ament_cmake'
[0.360s] INFO:colcon.colcon_cmake.task.cmake.build:Building CMake package in '/home/ketg/Desktop/amr_ws/src/my_robot_bringup'
[0.362s] INFO:colcon.colcon_core.plugin_system:Skipping extension 'colcon_core.shell.bat': Not used on non-Windows systems
[0.362s] INFO:colcon.colcon_core.shell:Skip shell extension 'powershell' for command environment: Not usable outside of PowerShell
[0.362s] DEBUG:colcon.colcon_core.shell:Skip shell extension 'dsv' for command environment
[0.366s] INFO:colcon.colcon_ros.task.ament_cmake.build:Building ROS package in '/home/ketg/Desktop/amr_ws/src/my_robot_description' with build type 'ament_cmake'
[0.367s] INFO:colcon.colcon_cmake.task.cmake.build:Building CMake package in '/home/ketg/Desktop/amr_ws/src/my_robot_description'
[0.367s] INFO:colcon.colcon_core.shell:Skip shell extension 'powershell' for command environment: Not usable outside of PowerShell
[0.367s] DEBUG:colcon.colcon_core.shell:Skip shell extension 'dsv' for command environment
[0.371s] INFO:colcon.colcon_ros.task.ament_cmake.build:Building ROS package in '/home/ketg/Desktop/amr_ws/src/my_robot_navigation' with build type 'ament_cmake'
[0.372s] INFO:colcon.colcon_cmake.task.cmake.build:Building CMake package in '/home/ketg/Desktop/amr_ws/src/my_robot_navigation'
[0.372s] INFO:colcon.colcon_core.shell:Skip shell extension 'powershell' for command environment: Not usable outside of PowerShell
[0.372s] DEBUG:colcon.colcon_core.shell:Skip shell extension 'dsv' for command environment
[0.377s] INFO:colcon.colcon_ros.task.ament_cmake.build:Building ROS package in '/home/ketg/Desktop/amr_ws/src/my_robot_slam' with build type 'ament_cmake'
[0.377s] INFO:colcon.colcon_cmake.task.cmake.build:Building CMake package in '/home/ketg/Desktop/amr_ws/src/my_robot_slam'
[0.378s] INFO:colcon.colcon_core.shell:Skip shell extension 'powershell' for command environment: Not usable outside of PowerShell
[0.378s] DEBUG:colcon.colcon_core.shell:Skip shell extension 'dsv' for command environment
[0.389s] DEBUG:colcon.colcon_core.event_handler.log_command:Invoking command in '/home/ketg/Desktop/amr_ws/build/my_robot_bringup': CMAKE_PREFIX_PATH=${CMAKE_PREFIX_PATH}:/opt/ros/foxy /usr/bin/cmake --build /home/ketg/Desktop/amr_ws/build/my_robot_bringup -- -j8 -l8
[0.393s] DEBUG:colcon.colcon_core.event_handler.log_command:Invoking command in '/home/ketg/Desktop/amr_ws/build/my_robot_description': CMAKE_PREFIX_PATH=${CMAKE_PREFIX_PATH}:/opt/ros/foxy /usr/bin/cmake --build /home/ketg/Desktop/amr_ws/build/my_robot_description -- -j8 -l8
[0.398s] DEBUG:colcon.colcon_core.event_handler.log_command:Invoking command in '/home/ketg/Desktop/amr_ws/build/my_robot_navigation': CMAKE_PREFIX_PATH=${CMAKE_PREFIX_PATH}:/opt/ros/foxy /usr/bin/cmake --build /home/ketg/Desktop/amr_ws/build/my_robot_navigation -- -j8 -l8
[0.406s] DEBUG:colcon.colcon_core.event_handler.log_command:Invoking command in '/home/ketg/Desktop/amr_ws/build/my_robot_slam': CMAKE_PREFIX_PATH=${CMAKE_PREFIX_PATH}:/opt/ros/foxy /usr/bin/cmake --build /home/ketg/Desktop/amr_ws/build/my_robot_slam -- -j8 -l8
[0.424s] DEBUG:colcon.colcon_core.event_handler.log_command:Invoked command in '/home/ketg/Desktop/amr_ws/build/my_robot_bringup' returned '0': CMAKE_PREFIX_PATH=${CMAKE_PREFIX_PATH}:/opt/ros/foxy /usr/bin/cmake --build /home/ketg/Desktop/amr_ws/build/my_robot_bringup -- -j8 -l8
[0.436s] DEBUG:colcon.colcon_core.event_handler.log_command:Invoking command in '/home/ketg/Desktop/amr_ws/build/my_robot_bringup': CMAKE_PREFIX_PATH=${CMAKE_PREFIX_PATH}:/opt/ros/foxy /usr/bin/cmake --install /home/ketg/Desktop/amr_ws/build/my_robot_bringup
[0.438s] DEBUG:colcon.colcon_core.event_handler.log_command:Invoked command in '/home/ketg/Desktop/amr_ws/build/my_robot_navigation' returned '0': CMAKE_PREFIX_PATH=${CMAKE_PREFIX_PATH}:/opt/ros/foxy /usr/bin/cmake --build /home/ketg/Desktop/amr_ws/build/my_robot_navigation -- -j8 -l8
[0.441s] DEBUG:colcon.colcon_core.event_handler.log_command:Invoking command in '/home/ketg/Desktop/amr_ws/build/my_robot_navigation': CMAKE_PREFIX_PATH=${CMAKE_PREFIX_PATH}:/opt/ros/foxy /usr/bin/cmake --install /home/ketg/Desktop/amr_ws/build/my_robot_navigation
[0.442s] DEBUG:colcon.colcon_core.event_handler.log_command:Invoked command in '/home/ketg/Desktop/amr_ws/build/my_robot_description' returned '0': CMAKE_PREFIX_PATH=${CMAKE_PREFIX_PATH}:/opt/ros/foxy /usr/bin/cmake --build /home/ketg/Desktop/amr_ws/build/my_robot_description -- -j8 -l8
[0.444s] DEBUG:colcon.colcon_core.event_handler.log_command:Invoking command in '/home/ketg/Desktop/amr_ws/build/my_robot_description': CMAKE_PREFIX_PATH=${CMAKE_PREFIX_PATH}:/opt/ros/foxy /usr/bin/cmake --install /home/ketg/Desktop/amr_ws/build/my_robot_description
[0.450s] DEBUG:colcon.colcon_core.event_handler.log_command:Invoked command in '/home/ketg/Desktop/amr_ws/build/my_robot_slam' returned '0': CMAKE_PREFIX_PATH=${CMAKE_PREFIX_PATH}:/opt/ros/foxy /usr/bin/cmake --build /home/ketg/Desktop/amr_ws/build/my_robot_slam -- -j8 -l8
[0.453s] DEBUG:colcon.colcon_core.event_handler.log_command:Invoking command in '/home/ketg/Desktop/amr_ws/build/my_robot_slam': CMAKE_PREFIX_PATH=${CMAKE_PREFIX_PATH}:/opt/ros/foxy /usr/bin/cmake --install /home/ketg/Desktop/amr_ws/build/my_robot_slam
[0.455s] Level 1:colcon.colcon_core.environment:create_environment_scripts_only(my_robot_bringup)
[0.460s] Level 1:colcon.colcon_core.environment:checking '/home/ketg/Desktop/amr_ws/install/my_robot_bringup' for CMake module files
[0.460s] Level 1:colcon.colcon_core.environment:checking '/home/ketg/Desktop/amr_ws/install/my_robot_bringup' for CMake config files
[0.461s] DEBUG:colcon.colcon_core.event_handler.log_command:Invoked command in '/home/ketg/Desktop/amr_ws/build/my_robot_bringup' returned '0': CMAKE_PREFIX_PATH=${CMAKE_PREFIX_PATH}:/opt/ros/foxy /usr/bin/cmake --install /home/ketg/Desktop/amr_ws/build/my_robot_bringup
[0.462s] Level 1:colcon.colcon_core.shell:create_environment_hook('my_robot_bringup', 'cmake_prefix_path')
[0.462s] INFO:colcon.colcon_core.shell:Creating environment hook '/home/ketg/Desktop/amr_ws/install/my_robot_bringup/share/my_robot_bringup/hook/cmake_prefix_path.ps1'
[0.463s] INFO:colcon.colcon_core.shell:Creating environment descriptor '/home/ketg/Desktop/amr_ws/install/my_robot_bringup/share/my_robot_bringup/hook/cmake_prefix_path.dsv'
[0.464s] INFO:colcon.colcon_core.shell:Creating environment hook '/home/ketg/Desktop/amr_ws/install/my_robot_bringup/share/my_robot_bringup/hook/cmake_prefix_path.sh'
[0.465s] Level 1:colcon.colcon_core.environment:checking '/home/ketg/Desktop/amr_ws/install/my_robot_bringup/bin'
[0.465s] Level 1:colcon.colcon_core.environment:checking '/home/ketg/Desktop/amr_ws/install/my_robot_bringup/lib/pkgconfig/my_robot_bringup.pc'
[0.465s] Level 1:colcon.colcon_core.environment:checking '/home/ketg/Desktop/amr_ws/install/my_robot_bringup/lib/python3.8/site-packages'
[0.465s] Level 1:colcon.colcon_core.environment:checking '/home/ketg/Desktop/amr_ws/install/my_robot_bringup/bin'
[0.466s] INFO:colcon.colcon_core.shell:Creating package script '/home/ketg/Desktop/amr_ws/install/my_robot_bringup/share/my_robot_bringup/package.ps1'
[0.466s] INFO:colcon.colcon_core.shell:Creating package descriptor '/home/ketg/Desktop/amr_ws/install/my_robot_bringup/share/my_robot_bringup/package.dsv'
[0.467s] INFO:colcon.colcon_core.shell:Creating package script '/home/ketg/Desktop/amr_ws/install/my_robot_bringup/share/my_robot_bringup/package.sh'
[0.468s] INFO:colcon.colcon_core.shell:Creating package script '/home/ketg/Desktop/amr_ws/install/my_robot_bringup/share/my_robot_bringup/package.bash'
[0.468s] INFO:colcon.colcon_core.shell:Creating package script '/home/ketg/Desktop/amr_ws/install/my_robot_bringup/share/my_robot_bringup/package.zsh'
[0.469s] Level 1:colcon.colcon_core.environment:create_file_with_runtime_dependencies(/home/ketg/Desktop/amr_ws/install/my_robot_bringup/share/colcon-core/packages/my_robot_bringup)
[0.469s] Level 1:colcon.colcon_core.environment:create_environment_scripts_only(my_robot_bringup)
[0.470s] Level 1:colcon.colcon_core.environment:checking '/home/ketg/Desktop/amr_ws/install/my_robot_bringup' for CMake module files
[0.470s] Level 1:colcon.colcon_core.environment:checking '/home/ketg/Desktop/amr_ws/install/my_robot_bringup' for CMake config files
[0.471s] Level 1:colcon.colcon_core.shell:create_environment_hook('my_robot_bringup', 'cmake_prefix_path')
[0.471s] INFO:colcon.colcon_core.shell:Creating environment hook '/home/ketg/Desktop/amr_ws/install/my_robot_bringup/share/my_robot_bringup/hook/cmake_prefix_path.ps1'
[0.472s] INFO:colcon.colcon_core.shell:Creating environment descriptor '/home/ketg/Desktop/amr_ws/install/my_robot_bringup/share/my_robot_bringup/hook/cmake_prefix_path.dsv'
[0.472s] INFO:colcon.colcon_core.shell:Creating environment hook '/home/ketg/Desktop/amr_ws/install/my_robot_bringup/share/my_robot_bringup/hook/cmake_prefix_path.sh'
[0.472s] Level 1:colcon.colcon_core.environment:checking '/home/ketg/Desktop/amr_ws/install/my_robot_bringup/bin'
[0.472s] Level 1:colcon.colcon_core.environment:checking '/home/ketg/Desktop/amr_ws/install/my_robot_bringup/lib/pkgconfig/my_robot_bringup.pc'
[0.473s] Level 1:colcon.colcon_core.environment:checking '/home/ketg/Desktop/amr_ws/install/my_robot_bringup/lib/python3.8/site-packages'
[0.473s] Level 1:colcon.colcon_core.environment:checking '/home/ketg/Desktop/amr_ws/install/my_robot_bringup/bin'
[0.473s] INFO:colcon.colcon_core.shell:Creating package script '/home/ketg/Desktop/amr_ws/install/my_robot_bringup/share/my_robot_bringup/package.ps1'
[0.474s] INFO:colcon.colcon_core.shell:Creating package descriptor '/home/ketg/Desktop/amr_ws/install/my_robot_bringup/share/my_robot_bringup/package.dsv'
[0.474s] INFO:colcon.colcon_core.shell:Creating package script '/home/ketg/Desktop/amr_ws/install/my_robot_bringup/share/my_robot_bringup/package.sh'
[0.475s] INFO:colcon.colcon_core.shell:Creating package script '/home/ketg/Desktop/amr_ws/install/my_robot_bringup/share/my_robot_bringup/package.bash'
[0.475s] INFO:colcon.colcon_core.shell:Creating package script '/home/ketg/Desktop/amr_ws/install/my_robot_bringup/share/my_robot_bringup/package.zsh'
[0.475s] Level 1:colcon.colcon_core.environment:create_file_with_runtime_dependencies(/home/ketg/Desktop/amr_ws/install/my_robot_bringup/share/colcon-core/packages/my_robot_bringup)
[0.476s] Level 1:colcon.colcon_core.environment:create_environment_scripts_only(my_robot_navigation)
[0.477s] Level 1:colcon.colcon_core.environment:checking '/home/ketg/Desktop/amr_ws/install/my_robot_navigation' for CMake module files
[0.477s] DEBUG:colcon.colcon_core.event_handler.log_command:Invoked command in '/home/ketg/Desktop/amr_ws/build/my_robot_navigation' returned '0': CMAKE_PREFIX_PATH=${CMAKE_PREFIX_PATH}:/opt/ros/foxy /usr/bin/cmake --install /home/ketg/Desktop/amr_ws/build/my_robot_navigation
[0.478s] Level 1:colcon.colcon_core.environment:checking '/home/ketg/Desktop/amr_ws/install/my_robot_navigation' for CMake config files
[0.478s] Level 1:colcon.colcon_core.shell:create_environment_hook('my_robot_navigation', 'cmake_prefix_path')
[0.478s] INFO:colcon.colcon_core.shell:Creating environment hook '/home/ketg/Desktop/amr_ws/install/my_robot_navigation/share/my_robot_navigation/hook/cmake_prefix_path.ps1'
[0.478s] INFO:colcon.colcon_core.shell:Creating environment descriptor '/home/ketg/Desktop/amr_ws/install/my_robot_navigation/share/my_robot_navigation/hook/cmake_prefix_path.dsv'
[0.479s] INFO:colcon.colcon_core.shell:Creating environment hook '/home/ketg/Desktop/amr_ws/install/my_robot_navigation/share/my_robot_navigation/hook/cmake_prefix_path.sh'
[0.479s] Level 1:colcon.colcon_core.environment:checking '/home/ketg/Desktop/amr_ws/install/my_robot_navigation/bin'
[0.479s] Level 1:colcon.colcon_core.environment:checking '/home/ketg/Desktop/amr_ws/install/my_robot_navigation/lib/pkgconfig/my_robot_navigation.pc'
[0.479s] Level 1:colcon.colcon_core.environment:checking '/home/ketg/Desktop/amr_ws/install/my_robot_navigation/lib/python3.8/site-packages'
[0.479s] Level 1:colcon.colcon_core.environment:checking '/home/ketg/Desktop/amr_ws/install/my_robot_navigation/bin'
[0.480s] INFO:colcon.colcon_core.shell:Creating package script '/home/ketg/Desktop/amr_ws/install/my_robot_navigation/share/my_robot_navigation/package.ps1'
[0.480s] INFO:colcon.colcon_core.shell:Creating package descriptor '/home/ketg/Desktop/amr_ws/install/my_robot_navigation/share/my_robot_navigation/package.dsv'
[0.480s] INFO:colcon.colcon_core.shell:Creating package script '/home/ketg/Desktop/amr_ws/install/my_robot_navigation/share/my_robot_navigation/package.sh'
[0.481s] INFO:colcon.colcon_core.shell:Creating package script '/home/ketg/Desktop/amr_ws/install/my_robot_navigation/share/my_robot_navigation/package.bash'
[0.481s] INFO:colcon.colcon_core.shell:Creating package script '/home/ketg/Desktop/amr_ws/install/my_robot_navigation/share/my_robot_navigation/package.zsh'
[0.481s] Level 1:colcon.colcon_core.environment:create_file_with_runtime_dependencies(/home/ketg/Desktop/amr_ws/install/my_robot_navigation/share/colcon-core/packages/my_robot_navigation)
[0.482s] Level 1:colcon.colcon_core.environment:create_environment_scripts_only(my_robot_navigation)
[0.482s] Level 1:colcon.colcon_core.environment:checking '/home/ketg/Desktop/amr_ws/install/my_robot_navigation' for CMake module files
[0.482s] Level 1:colcon.colcon_core.environment:checking '/home/ketg/Desktop/amr_ws/install/my_robot_navigation' for CMake config files
[0.482s] Level 1:colcon.colcon_core.shell:create_environment_hook('my_robot_navigation', 'cmake_prefix_path')
[0.483s] INFO:colcon.colcon_core.shell:Creating environment hook '/home/ketg/Desktop/amr_ws/install/my_robot_navigation/share/my_robot_navigation/hook/cmake_prefix_path.ps1'
[0.483s] INFO:colcon.colcon_core.shell:Creating environment descriptor '/home/ketg/Desktop/amr_ws/install/my_robot_navigation/share/my_robot_navigation/hook/cmake_prefix_path.dsv'
[0.483s] INFO:colcon.colcon_core.shell:Creating environment hook '/home/ketg/Desktop/amr_ws/install/my_robot_navigation/share/my_robot_navigation/hook/cmake_prefix_path.sh'
[0.483s] Level 1:colcon.colcon_core.environment:checking '/home/ketg/Desktop/amr_ws/install/my_robot_navigation/bin'
[0.484s] Level 1:colcon.colcon_core.environment:checking '/home/ketg/Desktop/amr_ws/install/my_robot_navigation/lib/pkgconfig/my_robot_navigation.pc'
[0.484s] Level 1:colcon.colcon_core.environment:checking '/home/ketg/Desktop/amr_ws/install/my_robot_navigation/lib/python3.8/site-packages'
[0.484s] Level 1:colcon.colcon_core.environment:checking '/home/ketg/Desktop/amr_ws/install/my_robot_navigation/bin'
[0.484s] INFO:colcon.colcon_core.shell:Creating package script '/home/ketg/Desktop/amr_ws/install/my_robot_navigation/share/my_robot_navigation/package.ps1'
[0.485s] INFO:colcon.colcon_core.shell:Creating package descriptor '/home/ketg/Desktop/amr_ws/install/my_robot_navigation/share/my_robot_navigation/package.dsv'
[0.485s] INFO:colcon.colcon_core.shell:Creating package script '/home/ketg/Desktop/amr_ws/install/my_robot_navigation/share/my_robot_navigation/package.sh'
[0.485s] INFO:colcon.colcon_core.shell:Creating package script '/home/ketg/Desktop/amr_ws/install/my_robot_navigation/share/my_robot_navigation/package.bash'
[0.486s] INFO:colcon.colcon_core.shell:Creating package script '/home/ketg/Desktop/amr_ws/install/my_robot_navigation/share/my_robot_navigation/package.zsh'
[0.486s] Level 1:colcon.colcon_core.environment:create_file_with_runtime_dependencies(/home/ketg/Desktop/amr_ws/install/my_robot_navigation/share/colcon-core/packages/my_robot_navigation)
[0.487s] Level 1:colcon.colcon_core.environment:create_environment_scripts_only(my_robot_description)
[0.487s] Level 1:colcon.colcon_core.environment:checking '/home/ketg/Desktop/amr_ws/install/my_robot_description' for CMake module files
[0.488s] DEBUG:colcon.colcon_core.event_handler.log_command:Invoked command in '/home/ketg/Desktop/amr_ws/build/my_robot_description' returned '0': CMAKE_PREFIX_PATH=${CMAKE_PREFIX_PATH}:/opt/ros/foxy /usr/bin/cmake --install /home/ketg/Desktop/amr_ws/build/my_robot_description
[0.488s] Level 1:colcon.colcon_core.environment:checking '/home/ketg/Desktop/amr_ws/install/my_robot_description' for CMake config files
[0.488s] Level 1:colcon.colcon_core.shell:create_environment_hook('my_robot_description', 'cmake_prefix_path')
[0.489s] INFO:colcon.colcon_core.shell:Creating environment hook '/home/ketg/Desktop/amr_ws/install/my_robot_description/share/my_robot_description/hook/cmake_prefix_path.ps1'
[0.489s] INFO:colcon.colcon_core.shell:Creating environment descriptor '/home/ketg/Desktop/amr_ws/install/my_robot_description/share/my_robot_description/hook/cmake_prefix_path.dsv'
[0.489s] INFO:colcon.colcon_core.shell:Creating environment hook '/home/ketg/Desktop/amr_ws/install/my_robot_description/share/my_robot_description/hook/cmake_prefix_path.sh'
[0.490s] Level 1:colcon.colcon_core.environment:checking '/home/ketg/Desktop/amr_ws/install/my_robot_description/bin'
[0.490s] Level 1:colcon.colcon_core.environment:checking '/home/ketg/Desktop/amr_ws/install/my_robot_description/lib/pkgconfig/my_robot_description.pc'
[0.490s] Level 1:colcon.colcon_core.environment:checking '/home/ketg/Desktop/amr_ws/install/my_robot_description/lib/python3.8/site-packages'
[0.490s] Level 1:colcon.colcon_core.environment:checking '/home/ketg/Desktop/amr_ws/install/my_robot_description/bin'
[0.490s] INFO:colcon.colcon_core.shell:Creating package script '/home/ketg/Desktop/amr_ws/install/my_robot_description/share/my_robot_description/package.ps1'
[0.491s] INFO:colcon.colcon_core.shell:Creating package descriptor '/home/ketg/Desktop/amr_ws/install/my_robot_description/share/my_robot_description/package.dsv'
[0.491s] INFO:colcon.colcon_core.shell:Creating package script '/home/ketg/Desktop/amr_ws/install/my_robot_description/share/my_robot_description/package.sh'
[0.491s] INFO:colcon.colcon_core.shell:Creating package script '/home/ketg/Desktop/amr_ws/install/my_robot_description/share/my_robot_description/package.bash'
[0.492s] INFO:colcon.colcon_core.shell:Creating package script '/home/ketg/Desktop/amr_ws/install/my_robot_description/share/my_robot_description/package.zsh'
[0.492s] Level 1:colcon.colcon_core.environment:create_file_with_runtime_dependencies(/home/ketg/Desktop/amr_ws/install/my_robot_description/share/colcon-core/packages/my_robot_description)
[0.492s] Level 1:colcon.colcon_core.environment:create_environment_scripts_only(my_robot_description)
[0.492s] Level 1:colcon.colcon_core.environment:checking '/home/ketg/Desktop/amr_ws/install/my_robot_description' for CMake module files
[0.493s] Level 1:colcon.colcon_core.environment:checking '/home/ketg/Desktop/amr_ws/install/my_robot_description' for CMake config files
[0.493s] Level 1:colcon.colcon_core.shell:create_environment_hook('my_robot_description', 'cmake_prefix_path')
[0.493s] INFO:colcon.colcon_core.shell:Creating environment hook '/home/ketg/Desktop/amr_ws/install/my_robot_description/share/my_robot_description/hook/cmake_prefix_path.ps1'
[0.494s] INFO:colcon.colcon_core.shell:Creating environment descriptor '/home/ketg/Desktop/amr_ws/install/my_robot_description/share/my_robot_description/hook/cmake_prefix_path.dsv'
[0.494s] INFO:colcon.colcon_core.shell:Creating environment hook '/home/ketg/Desktop/amr_ws/install/my_robot_description/share/my_robot_description/hook/cmake_prefix_path.sh'
[0.494s] Level 1:colcon.colcon_core.environment:checking '/home/ketg/Desktop/amr_ws/install/my_robot_description/bin'
[0.494s] Level 1:colcon.colcon_core.environment:checking '/home/ketg/Desktop/amr_ws/install/my_robot_description/lib/pkgconfig/my_robot_description.pc'
[0.494s] Level 1:colcon.colcon_core.environment:checking '/home/ketg/Desktop/amr_ws/install/my_robot_description/lib/python3.8/site-packages'
[0.495s] Level 1:colcon.colcon_core.environment:checking '/home/ketg/Desktop/amr_ws/install/my_robot_description/bin'
[0.495s] INFO:colcon.colcon_core.shell:Creating package script '/home/ketg/Desktop/amr_ws/install/my_robot_description/share/my_robot_description/package.ps1'
[0.495s] INFO:colcon.colcon_core.shell:Creating package descriptor '/home/ketg/Desktop/amr_ws/install/my_robot_description/share/my_robot_description/package.dsv'
[0.496s] INFO:colcon.colcon_core.shell:Creating package script '/home/ketg/Desktop/amr_ws/install/my_robot_description/share/my_robot_description/package.sh'
[0.496s] INFO:colcon.colcon_core.shell:Creating package script '/home/ketg/Desktop/amr_ws/install/my_robot_description/share/my_robot_description/package.bash'
[0.496s] INFO:colcon.colcon_core.shell:Creating package script '/home/ketg/Desktop/amr_ws/install/my_robot_description/share/my_robot_description/package.zsh'
[0.497s] Level 1:colcon.colcon_core.environment:create_file_with_runtime_dependencies(/home/ketg/Desktop/amr_ws/install/my_robot_description/share/colcon-core/packages/my_robot_description)
[0.497s] Level 1:colcon.colcon_core.environment:create_environment_scripts_only(my_robot_slam)
[0.497s] Level 1:colcon.colcon_core.environment:checking '/home/ketg/Desktop/amr_ws/install/my_robot_slam' for CMake module files
[0.498s] DEBUG:colcon.colcon_core.event_handler.log_command:Invoked command in '/home/ketg/Desktop/amr_ws/build/my_robot_slam' returned '0': CMAKE_PREFIX_PATH=${CMAKE_PREFIX_PATH}:/opt/ros/foxy /usr/bin/cmake --install /home/ketg/Desktop/amr_ws/build/my_robot_slam
[0.498s] Level 1:colcon.colcon_core.environment:checking '/home/ketg/Desktop/amr_ws/install/my_robot_slam' for CMake config files
[0.498s] Level 1:colcon.colcon_core.shell:create_environment_hook('my_robot_slam', 'cmake_prefix_path')
[0.498s] INFO:colcon.colcon_core.shell:Creating environment hook '/home/ketg/Desktop/amr_ws/install/my_robot_slam/share/my_robot_slam/hook/cmake_prefix_path.ps1'
[0.499s] INFO:colcon.colcon_core.shell:Creating environment descriptor '/home/ketg/Desktop/amr_ws/install/my_robot_slam/share/my_robot_slam/hook/cmake_prefix_path.dsv'
[0.499s] INFO:colcon.colcon_core.shell:Creating environment hook '/home/ketg/Desktop/amr_ws/install/my_robot_slam/share/my_robot_slam/hook/cmake_prefix_path.sh'
[0.499s] Level 1:colcon.colcon_core.environment:checking '/home/ketg/Desktop/amr_ws/install/my_robot_slam/bin'
[0.499s] Level 1:colcon.colcon_core.environment:checking '/home/ketg/Desktop/amr_ws/install/my_robot_slam/lib/pkgconfig/my_robot_slam.pc'
[0.499s] Level 1:colcon.colcon_core.environment:checking '/home/ketg/Desktop/amr_ws/install/my_robot_slam/lib/python3.8/site-packages'
[0.500s] Level 1:colcon.colcon_core.environment:checking '/home/ketg/Desktop/amr_ws/install/my_robot_slam/bin'
[0.500s] INFO:colcon.colcon_core.shell:Creating package script '/home/ketg/Desktop/amr_ws/install/my_robot_slam/share/my_robot_slam/package.ps1'
[0.500s] INFO:colcon.colcon_core.shell:Creating package descriptor '/home/ketg/Desktop/amr_ws/install/my_robot_slam/share/my_robot_slam/package.dsv'
[0.500s] INFO:colcon.colcon_core.shell:Creating package script '/home/ketg/Desktop/amr_ws/install/my_robot_slam/share/my_robot_slam/package.sh'
[0.501s] INFO:colcon.colcon_core.shell:Creating package script '/home/ketg/Desktop/amr_ws/install/my_robot_slam/share/my_robot_slam/package.bash'
[0.502s] INFO:colcon.colcon_core.shell:Creating package script '/home/ketg/Desktop/amr_ws/install/my_robot_slam/share/my_robot_slam/package.zsh'
[0.502s] Level 1:colcon.colcon_core.environment:create_file_with_runtime_dependencies(/home/ketg/Desktop/amr_ws/install/my_robot_slam/share/colcon-core/packages/my_robot_slam)
[0.502s] Level 1:colcon.colcon_core.environment:create_environment_scripts_only(my_robot_slam)
[0.502s] Level 1:colcon.colcon_core.environment:checking '/home/ketg/Desktop/amr_ws/install/my_robot_slam' for CMake module files
[0.503s] Level 1:colcon.colcon_core.environment:checking '/home/ketg/Desktop/amr_ws/install/my_robot_slam' for CMake config files
[0.503s] Level 1:colcon.colcon_core.shell:create_environment_hook('my_robot_slam', 'cmake_prefix_path')
[0.503s] INFO:colcon.colcon_core.shell:Creating environment hook '/home/ketg/Desktop/amr_ws/install/my_robot_slam/share/my_robot_slam/hook/cmake_prefix_path.ps1'
[0.503s] INFO:colcon.colcon_core.shell:Creating environment descriptor '/home/ketg/Desktop/amr_ws/install/my_robot_slam/share/my_robot_slam/hook/cmake_prefix_path.dsv'
[0.504s] INFO:colcon.colcon_core.shell:Creating environment hook '/home/ketg/Desktop/amr_ws/install/my_robot_slam/share/my_robot_slam/hook/cmake_prefix_path.sh'
[0.504s] Level 1:colcon.colcon_core.environment:checking '/home/ketg/Desktop/amr_ws/install/my_robot_slam/bin'
[0.504s] Level 1:colcon.colcon_core.environment:checking '/home/ketg/Desktop/amr_ws/install/my_robot_slam/lib/pkgconfig/my_robot_slam.pc'
[0.504s] Level 1:colcon.colcon_core.environment:checking '/home/ketg/Desktop/amr_ws/install/my_robot_slam/lib/python3.8/site-packages'
[0.504s] Level 1:colcon.colcon_core.environment:checking '/home/ketg/Desktop/amr_ws/install/my_robot_slam/bin'
[0.505s] INFO:colcon.colcon_core.shell:Creating package script '/home/ketg/Desktop/amr_ws/install/my_robot_slam/share/my_robot_slam/package.ps1'
[0.505s] INFO:colcon.colcon_core.shell:Creating package descriptor '/home/ketg/Desktop/amr_ws/install/my_robot_slam/share/my_robot_slam/package.dsv'
[0.506s] INFO:colcon.colcon_core.shell:Creating package script '/home/ketg/Desktop/amr_ws/install/my_robot_slam/share/my_robot_slam/package.sh'
[0.506s] INFO:colcon.colcon_core.shell:Creating package script '/home/ketg/Desktop/amr_ws/install/my_robot_slam/share/my_robot_slam/package.bash'
[0.507s] INFO:colcon.colcon_core.shell:Creating package script '/home/ketg/Desktop/amr_ws/install/my_robot_slam/share/my_robot_slam/package.zsh'
[0.507s] Level 1:colcon.colcon_core.environment:create_file_with_runtime_dependencies(/home/ketg/Desktop/amr_ws/install/my_robot_slam/share/colcon-core/packages/my_robot_slam)
[0.507s] DEBUG:colcon.colcon_parallel_executor.executor.parallel:closing loop
[0.508s] DEBUG:colcon.colcon_parallel_executor.executor.parallel:loop closed
[0.508s] DEBUG:colcon.colcon_parallel_executor.executor.parallel:run_until_complete finished with '0'
[0.508s] DEBUG:colcon.colcon_core.event_reactor:joining thread
[0.512s] INFO:colcon.colcon_core.plugin_system:Skipping extension 'colcon_notification.desktop_notification.terminal_notifier': Not used on non-Darwin systems
[0.512s] INFO:colcon.colcon_core.plugin_system:Skipping extension 'colcon_notification.desktop_notification.win32': Not used on non-Windows systems
[0.512s] INFO:colcon.colcon_notification.desktop_notification:Sending desktop notification using 'notify2'
[0.525s] DEBUG:colcon.colcon_core.event_reactor:joined thread
[0.525s] INFO:colcon.colcon_core.shell:Creating prefix script '/home/ketg/Desktop/amr_ws/install/local_setup.ps1'
[0.526s] INFO:colcon.colcon_core.shell:Creating prefix util module '/home/ketg/Desktop/amr_ws/install/_local_setup_util_ps1.py'
[0.527s] INFO:colcon.colcon_core.shell:Creating prefix chain script '/home/ketg/Desktop/amr_ws/install/setup.ps1'
[0.529s] INFO:colcon.colcon_core.shell:Creating prefix script '/home/ketg/Desktop/amr_ws/install/local_setup.sh'
[0.529s] INFO:colcon.colcon_core.shell:Creating prefix util module '/home/ketg/Desktop/amr_ws/install/_local_setup_util_sh.py'
[0.530s] INFO:colcon.colcon_core.shell:Creating prefix chain script '/home/ketg/Desktop/amr_ws/install/setup.sh'
[0.531s] INFO:colcon.colcon_core.shell:Creating prefix script '/home/ketg/Desktop/amr_ws/install/local_setup.bash'
[0.531s] INFO:colcon.colcon_core.shell:Creating prefix chain script '/home/ketg/Desktop/amr_ws/install/setup.bash'
[0.532s] INFO:colcon.colcon_core.shell:Creating prefix script '/home/ketg/Desktop/amr_ws/install/local_setup.zsh'
[0.533s] INFO:colcon.colcon_core.shell:Creating prefix chain script '/home/ketg/Desktop/amr_ws/install/setup.zsh'
