[0.028s] Invoking command in '/home/ketg/Desktop/amr_ws/build/my_robot_bringup': CMAKE_PREFIX_PATH=${CMAKE_PREFIX_PATH}:/opt/ros/foxy /usr/bin/cmake --build /home/ketg/Desktop/amr_ws/build/my_robot_bringup -- -j8 -l8
[0.063s] Invoked command in '/home/ketg/Desktop/amr_ws/build/my_robot_bringup' returned '0': CMAKE_PREFIX_PATH=${CMAKE_PREFIX_PATH}:/opt/ros/foxy /usr/bin/cmake --build /home/ketg/Desktop/amr_ws/build/my_robot_bringup -- -j8 -l8
[0.076s] Invoking command in '/home/ketg/Desktop/amr_ws/build/my_robot_bringup': CMAKE_PREFIX_PATH=${CMAKE_PREFIX_PATH}:/opt/ros/foxy /usr/bin/cmake --install /home/ketg/Desktop/amr_ws/build/my_robot_bringup
[0.085s] -- Install configuration: ""
[0.085s] -- Up-to-date: /home/ketg/Desktop/amr_ws/install/my_robot_bringup/share/ament_index/resource_index/package_run_dependencies/my_robot_bringup
[0.086s] -- Up-to-date: /home/ketg/Desktop/amr_ws/install/my_robot_bringup/share/ament_index/resource_index/parent_prefix_path/my_robot_bringup
[0.086s] -- Up-to-date: /home/ketg/Desktop/amr_ws/install/my_robot_bringup/share/my_robot_bringup/environment/ament_prefix_path.sh
[0.086s] -- Up-to-date: /home/ketg/Desktop/amr_ws/install/my_robot_bringup/share/my_robot_bringup/environment/ament_prefix_path.dsv
[0.086s] -- Up-to-date: /home/ketg/Desktop/amr_ws/install/my_robot_bringup/share/my_robot_bringup/environment/path.sh
[0.086s] -- Up-to-date: /home/ketg/Desktop/amr_ws/install/my_robot_bringup/share/my_robot_bringup/environment/path.dsv
[0.086s] -- Up-to-date: /home/ketg/Desktop/amr_ws/install/my_robot_bringup/share/my_robot_bringup/local_setup.bash
[0.086s] -- Up-to-date: /home/ketg/Desktop/amr_ws/install/my_robot_bringup/share/my_robot_bringup/local_setup.sh
[0.086s] -- Up-to-date: /home/ketg/Desktop/amr_ws/install/my_robot_bringup/share/my_robot_bringup/local_setup.zsh
[0.086s] -- Up-to-date: /home/ketg/Desktop/amr_ws/install/my_robot_bringup/share/my_robot_bringup/local_setup.dsv
[0.086s] -- Installing: /home/ketg/Desktop/amr_ws/install/my_robot_bringup/share/my_robot_bringup/package.dsv
[0.086s] -- Up-to-date: /home/ketg/Desktop/amr_ws/install/my_robot_bringup/share/ament_index/resource_index/packages/my_robot_bringup
[0.086s] -- Up-to-date: /home/ketg/Desktop/amr_ws/install/my_robot_bringup/share/my_robot_bringup/cmake/my_robot_bringupConfig.cmake
[0.086s] -- Up-to-date: /home/ketg/Desktop/amr_ws/install/my_robot_bringup/share/my_robot_bringup/cmake/my_robot_bringupConfig-version.cmake
[0.086s] -- Up-to-date: /home/ketg/Desktop/amr_ws/install/my_robot_bringup/share/my_robot_bringup/package.xml
[0.113s] Invoked command in '/home/ketg/Desktop/amr_ws/build/my_robot_bringup' returned '0': CMAKE_PREFIX_PATH=${CMAKE_PREFIX_PATH}:/opt/ros/foxy /usr/bin/cmake --install /home/ketg/Desktop/amr_ws/build/my_robot_bringup
