[0.023s] Invoking command in '/home/ketg/Desktop/amr_ws/build/serial': CMAKE_PREFIX_PATH=/opt/ros/humble /usr/bin/cmake --build /home/ketg/Desktop/amr_ws/build/serial -- -j8 -l8
[0.055s] [35m[1mConsolidate compiler generated dependencies of target serial[0m
[0.079s] [ 66%] Built target serial
[0.081s] [35m[1mConsolidate compiler generated dependencies of target serial_example[0m
[0.090s] [100%] Built target serial_example
[0.119s] Invoked command in '/home/ketg/Desktop/amr_ws/build/serial' returned '0': CMAKE_PREFIX_PATH=/opt/ros/humble /usr/bin/cmake --build /home/ketg/Desktop/amr_ws/build/serial -- -j8 -l8
[0.120s] Invoking command in '/home/ketg/Desktop/amr_ws/build/serial': CMAKE_PREFIX_PATH=/opt/ros/humble /usr/bin/cmake --install /home/ketg/Desktop/amr_ws/build/serial
[0.133s] -- Install configuration: ""
[0.133s] -- Up-to-date: /home/ketg/Desktop/amr_ws/install/serial/lib/libserial.so
[0.133s] -- Up-to-date: /home/ketg/Desktop/amr_ws/install/serial/include
[0.133s] -- Up-to-date: /home/ketg/Desktop/amr_ws/install/serial/include/serial
[0.133s] -- Up-to-date: /home/ketg/Desktop/amr_ws/install/serial/include/serial/serial.h
[0.133s] -- Up-to-date: /home/ketg/Desktop/amr_ws/install/serial/include/serial/v8stdint.h
[0.133s] -- Up-to-date: /home/ketg/Desktop/amr_ws/install/serial/include/serial/impl
[0.133s] -- Up-to-date: /home/ketg/Desktop/amr_ws/install/serial/include/serial/impl/win.h
[0.133s] -- Up-to-date: /home/ketg/Desktop/amr_ws/install/serial/include/serial/impl/unix.h
[0.133s] -- Up-to-date: /home/ketg/Desktop/amr_ws/install/serial/lib/serial/serial_example
[0.134s] -- Up-to-date: /home/ketg/Desktop/amr_ws/install/serial/share/ament_index/resource_index/package_run_dependencies/serial
[0.134s] -- Up-to-date: /home/ketg/Desktop/amr_ws/install/serial/share/ament_index/resource_index/parent_prefix_path/serial
[0.134s] -- Up-to-date: /home/ketg/Desktop/amr_ws/install/serial/share/serial/environment/ament_prefix_path.sh
[0.134s] -- Up-to-date: /home/ketg/Desktop/amr_ws/install/serial/share/serial/environment/ament_prefix_path.dsv
[0.134s] -- Up-to-date: /home/ketg/Desktop/amr_ws/install/serial/share/serial/environment/path.sh
[0.134s] -- Up-to-date: /home/ketg/Desktop/amr_ws/install/serial/share/serial/environment/path.dsv
[0.134s] -- Up-to-date: /home/ketg/Desktop/amr_ws/install/serial/share/serial/local_setup.bash
[0.134s] -- Up-to-date: /home/ketg/Desktop/amr_ws/install/serial/share/serial/local_setup.sh
[0.134s] -- Up-to-date: /home/ketg/Desktop/amr_ws/install/serial/share/serial/local_setup.zsh
[0.134s] -- Up-to-date: /home/ketg/Desktop/amr_ws/install/serial/share/serial/local_setup.dsv
[0.134s] -- Up-to-date: /home/ketg/Desktop/amr_ws/install/serial/share/serial/package.dsv
[0.134s] -- Up-to-date: /home/ketg/Desktop/amr_ws/install/serial/share/ament_index/resource_index/packages/serial
[0.134s] -- Up-to-date: /home/ketg/Desktop/amr_ws/install/serial/share/serial/cmake/serialExport.cmake
[0.134s] -- Up-to-date: /home/ketg/Desktop/amr_ws/install/serial/share/serial/cmake/serialExport-noconfig.cmake
[0.134s] -- Up-to-date: /home/ketg/Desktop/amr_ws/install/serial/share/serial/cmake/ament_cmake_export_targets-extras.cmake
[0.134s] -- Up-to-date: /home/ketg/Desktop/amr_ws/install/serial/share/serial/cmake/serialConfig.cmake
[0.134s] -- Up-to-date: /home/ketg/Desktop/amr_ws/install/serial/share/serial/cmake/serialConfig-version.cmake
[0.134s] -- Up-to-date: /home/ketg/Desktop/amr_ws/install/serial/share/serial/package.xml
[0.134s] Invoked command in '/home/ketg/Desktop/amr_ws/build/serial' returned '0': CMAKE_PREFIX_PATH=/opt/ros/humble /usr/bin/cmake --install /home/ketg/Desktop/amr_ws/build/serial
