[0.025s] Invoking command in '/home/ketg/Desktop/amr_ws/build/my_robot_navigation': CMAKE_PREFIX_PATH=/opt/ros/foxy /usr/bin/cmake /home/ketg/Desktop/amr_ws/src/my_robot_navigation -DCMAKE_INSTALL_PREFIX=/home/ketg/Desktop/amr_ws/install/my_robot_navigation
[0.139s] -- The C compiler identification is GNU 9.4.0
[0.245s] -- The CXX compiler identification is GNU 9.4.0
[0.251s] -- Check for working C compiler: /usr/bin/cc
[0.315s] -- Check for working C compiler: /usr/bin/cc -- works
[0.316s] -- Detecting C compiler ABI info
[0.379s] -- Detecting C compiler ABI info - done
[0.397s] -- Detecting C compile features
[0.398s] -- Detecting C compile features - done
[0.401s] -- Check for working CXX compiler: /usr/bin/c++
[0.474s] -- Check for working CXX compiler: /usr/bin/c++ -- works
[0.475s] -- Detecting CXX compiler ABI info
[0.549s] -- Detecting CXX compiler ABI info - done
[0.561s] -- Detecting CXX compile features
[0.562s] -- Detecting CXX compile features - done
[0.564s] -- Found ament_cmake: 0.9.12 (/opt/ros/foxy/share/ament_cmake/cmake)
[0.587s] -- Found PythonInterp: /usr/bin/python3 (found suitable version "3.8.10", minimum required is "3") 
[0.587s] -- Using PYTHON_EXECUTABLE: /usr/bin/python3
[0.769s] -- Found ament_lint_auto: 0.9.8 (/opt/ros/foxy/share/ament_lint_auto/cmake)
[0.849s] -- Added test 'copyright' to check source files copyright and LICENSE
[0.851s] -- Added test 'lint_cmake' to check CMake code style
[0.852s] -- Added test 'xmllint' to check XML markup files
[0.855s] -- Configuring done
[0.858s] -- Generating done
[0.858s] -- Build files have been written to: /home/ketg/Desktop/amr_ws/build/my_robot_navigation
[0.867s] Invoked command in '/home/ketg/Desktop/amr_ws/build/my_robot_navigation' returned '0': CMAKE_PREFIX_PATH=/opt/ros/foxy /usr/bin/cmake /home/ketg/Desktop/amr_ws/src/my_robot_navigation -DCMAKE_INSTALL_PREFIX=/home/ketg/Desktop/amr_ws/install/my_robot_navigation
[0.869s] Invoking command in '/home/ketg/Desktop/amr_ws/build/my_robot_navigation': CMAKE_PREFIX_PATH=/opt/ros/foxy /usr/bin/cmake --build /home/ketg/Desktop/amr_ws/build/my_robot_navigation -- -j8 -l8
[0.908s] Invoked command in '/home/ketg/Desktop/amr_ws/build/my_robot_navigation' returned '0': CMAKE_PREFIX_PATH=/opt/ros/foxy /usr/bin/cmake --build /home/ketg/Desktop/amr_ws/build/my_robot_navigation -- -j8 -l8
[0.911s] Invoking command in '/home/ketg/Desktop/amr_ws/build/my_robot_navigation': CMAKE_PREFIX_PATH=/opt/ros/foxy /usr/bin/cmake --install /home/ketg/Desktop/amr_ws/build/my_robot_navigation
[0.922s] -- Install configuration: ""
[0.922s] -- Installing: /home/ketg/Desktop/amr_ws/install/my_robot_navigation/share/ament_index/resource_index/package_run_dependencies/my_robot_navigation
[0.922s] -- Installing: /home/ketg/Desktop/amr_ws/install/my_robot_navigation/share/ament_index/resource_index/parent_prefix_path/my_robot_navigation
[0.922s] -- Installing: /home/ketg/Desktop/amr_ws/install/my_robot_navigation/share/my_robot_navigation/environment/ament_prefix_path.sh
[0.922s] -- Installing: /home/ketg/Desktop/amr_ws/install/my_robot_navigation/share/my_robot_navigation/environment/ament_prefix_path.dsv
[0.922s] -- Installing: /home/ketg/Desktop/amr_ws/install/my_robot_navigation/share/my_robot_navigation/environment/path.sh
[0.922s] -- Installing: /home/ketg/Desktop/amr_ws/install/my_robot_navigation/share/my_robot_navigation/environment/path.dsv
[0.922s] -- Installing: /home/ketg/Desktop/amr_ws/install/my_robot_navigation/share/my_robot_navigation/local_setup.bash
[0.922s] -- Installing: /home/ketg/Desktop/amr_ws/install/my_robot_navigation/share/my_robot_navigation/local_setup.sh
[0.923s] -- Installing: /home/ketg/Desktop/amr_ws/install/my_robot_navigation/share/my_robot_navigation/local_setup.zsh
[0.923s] -- Installing: /home/ketg/Desktop/amr_ws/install/my_robot_navigation/share/my_robot_navigation/local_setup.dsv
[0.923s] -- Installing: /home/ketg/Desktop/amr_ws/install/my_robot_navigation/share/my_robot_navigation/package.dsv
[0.923s] -- Installing: /home/ketg/Desktop/amr_ws/install/my_robot_navigation/share/ament_index/resource_index/packages/my_robot_navigation
[0.923s] -- Installing: /home/ketg/Desktop/amr_ws/install/my_robot_navigation/share/my_robot_navigation/cmake/my_robot_navigationConfig.cmake
[0.923s] -- Installing: /home/ketg/Desktop/amr_ws/install/my_robot_navigation/share/my_robot_navigation/cmake/my_robot_navigationConfig-version.cmake
[0.923s] -- Installing: /home/ketg/Desktop/amr_ws/install/my_robot_navigation/share/my_robot_navigation/package.xml
[0.951s] Invoked command in '/home/ketg/Desktop/amr_ws/build/my_robot_navigation' returned '0': CMAKE_PREFIX_PATH=/opt/ros/foxy /usr/bin/cmake --install /home/ketg/Desktop/amr_ws/build/my_robot_navigation
