[0.017s] Invoking command in '/home/ketg/Desktop/amr_ws/build/my_robot_slam': CMAKE_PREFIX_PATH=${CMAKE_PREFIX_PATH}:/opt/ros/humble /usr/bin/cmake /home/ketg/Desktop/amr_ws/src/my_robot_slam -DCMAKE_INSTALL_PREFIX=/home/ketg/Desktop/amr_ws/install/my_robot_slam
[0.120s] -- The C compiler identification is GNU 11.4.0
[0.222s] -- The CXX compiler identification is GNU 11.4.0
[0.230s] -- Detecting C compiler ABI info
[0.292s] -- Detecting C compiler ABI info - done
[0.298s] -- Check for working C compiler: /usr/bin/cc - skipped
[0.298s] -- Detecting C compile features
[0.299s] -- Detecting C compile features - done
[0.302s] -- Detecting CXX compiler ABI info
[0.377s] -- Detecting CXX compiler ABI info - done
[0.384s] -- Check for working CXX compiler: /usr/bin/c++ - skipped
[0.384s] -- Detecting CXX compile features
[0.384s] -- Detecting CXX compile features - done
[0.387s] -- Found ament_cmake: 1.3.11 (/opt/ros/humble/share/ament_cmake/cmake)
[0.529s] -- Found Python3: /usr/bin/python3 (found version "3.10.12") found components: Interpreter 
[0.622s] -- Found ament_lint_auto: 0.12.11 (/opt/ros/humble/share/ament_lint_auto/cmake)
[0.710s] -- Added test 'copyright' to check source files copyright and LICENSE
[0.711s] -- Added test 'lint_cmake' to check CMake code style
[0.713s] -- Added test 'xmllint' to check XML markup files
[0.714s] -- Configuring done
[0.716s] -- Generating done
[0.718s] -- Build files have been written to: /home/ketg/Desktop/amr_ws/build/my_robot_slam
[0.722s] Invoked command in '/home/ketg/Desktop/amr_ws/build/my_robot_slam' returned '0': CMAKE_PREFIX_PATH=${CMAKE_PREFIX_PATH}:/opt/ros/humble /usr/bin/cmake /home/ketg/Desktop/amr_ws/src/my_robot_slam -DCMAKE_INSTALL_PREFIX=/home/ketg/Desktop/amr_ws/install/my_robot_slam
[0.724s] Invoking command in '/home/ketg/Desktop/amr_ws/build/my_robot_slam': CMAKE_PREFIX_PATH=${CMAKE_PREFIX_PATH}:/opt/ros/humble /usr/bin/cmake --build /home/ketg/Desktop/amr_ws/build/my_robot_slam -- -j8 -l8
[0.761s] Invoked command in '/home/ketg/Desktop/amr_ws/build/my_robot_slam' returned '0': CMAKE_PREFIX_PATH=${CMAKE_PREFIX_PATH}:/opt/ros/humble /usr/bin/cmake --build /home/ketg/Desktop/amr_ws/build/my_robot_slam -- -j8 -l8
[0.762s] Invoking command in '/home/ketg/Desktop/amr_ws/build/my_robot_slam': CMAKE_PREFIX_PATH=${CMAKE_PREFIX_PATH}:/opt/ros/humble /usr/bin/cmake --install /home/ketg/Desktop/amr_ws/build/my_robot_slam
[0.769s] -- Install configuration: ""
[0.770s] -- Installing: /home/ketg/Desktop/amr_ws/install/my_robot_slam/share/ament_index/resource_index/package_run_dependencies/my_robot_slam
[0.770s] -- Installing: /home/ketg/Desktop/amr_ws/install/my_robot_slam/share/ament_index/resource_index/parent_prefix_path/my_robot_slam
[0.771s] -- Installing: /home/ketg/Desktop/amr_ws/install/my_robot_slam/share/my_robot_slam/environment/ament_prefix_path.sh
[0.771s] -- Installing: /home/ketg/Desktop/amr_ws/install/my_robot_slam/share/my_robot_slam/environment/ament_prefix_path.dsv
[0.771s] -- Installing: /home/ketg/Desktop/amr_ws/install/my_robot_slam/share/my_robot_slam/environment/path.sh
[0.771s] -- Installing: /home/ketg/Desktop/amr_ws/install/my_robot_slam/share/my_robot_slam/environment/path.dsv
[0.771s] -- Installing: /home/ketg/Desktop/amr_ws/install/my_robot_slam/share/my_robot_slam/local_setup.bash
[0.771s] -- Installing: /home/ketg/Desktop/amr_ws/install/my_robot_slam/share/my_robot_slam/local_setup.sh
[0.772s] -- Installing: /home/ketg/Desktop/amr_ws/install/my_robot_slam/share/my_robot_slam/local_setup.zsh
[0.773s] -- Installing: /home/ketg/Desktop/amr_ws/install/my_robot_slam/share/my_robot_slam/local_setup.dsv
[0.773s] -- Installing: /home/ketg/Desktop/amr_ws/install/my_robot_slam/share/my_robot_slam/package.dsv
[0.773s] -- Installing: /home/ketg/Desktop/amr_ws/install/my_robot_slam/share/ament_index/resource_index/packages/my_robot_slam
[0.773s] -- Installing: /home/ketg/Desktop/amr_ws/install/my_robot_slam/share/my_robot_slam/cmake/my_robot_slamConfig.cmake
[0.773s] -- Installing: /home/ketg/Desktop/amr_ws/install/my_robot_slam/share/my_robot_slam/cmake/my_robot_slamConfig-version.cmake
[0.773s] -- Installing: /home/ketg/Desktop/amr_ws/install/my_robot_slam/share/my_robot_slam/package.xml
[0.793s] Invoked command in '/home/ketg/Desktop/amr_ws/build/my_robot_slam' returned '0': CMAKE_PREFIX_PATH=${CMAKE_PREFIX_PATH}:/opt/ros/humble /usr/bin/cmake --install /home/ketg/Desktop/amr_ws/build/my_robot_slam
