[0.016s] Invoking command in '/home/ketg/Desktop/amr_ws/build/my_robot_slam': CMAKE_PREFIX_PATH=/opt/ros/humble /usr/bin/cmake /home/ketg/Desktop/amr_ws/src/my_robot_slam -DCMAKE_INSTALL_PREFIX=/home/ketg/Desktop/amr_ws/install/my_robot_slam
[0.068s] -- The C compiler identification is GNU 11.4.0
[0.127s] -- The CXX compiler identification is GNU 11.4.0
[0.137s] -- Detecting C compiler ABI info
[0.205s] -- Detecting C compiler ABI info - done
[0.215s] -- Check for working C compiler: /usr/bin/cc - skipped
[0.215s] -- Detecting C compile features
[0.217s] -- Detecting C compile features - done
[0.219s] -- Detecting CXX compiler ABI info
[0.304s] -- Detecting CXX compiler ABI info - done
[0.316s] -- Check for working CXX compiler: /usr/bin/c++ - skipped
[0.316s] -- Detecting CXX compile features
[0.317s] -- Detecting CXX compile features - done
[0.319s] -- Found ament_cmake: 1.3.11 (/opt/ros/humble/share/ament_cmake/cmake)
[0.521s] -- Found Python3: /usr/bin/python3 (found version "3.10.12") found components: Interpreter 
[0.640s] -- Found ament_lint_auto: 0.12.11 (/opt/ros/humble/share/ament_lint_auto/cmake)
[0.732s] -- Added test 'copyright' to check source files copyright and LICENSE
[0.733s] -- Added test 'lint_cmake' to check CMake code style
[0.735s] -- Added test 'xmllint' to check XML markup files
[0.736s] -- Configuring done
[0.740s] -- Generating done
[0.741s] -- Build files have been written to: /home/ketg/Desktop/amr_ws/build/my_robot_slam
[0.745s] Invoked command in '/home/ketg/Desktop/amr_ws/build/my_robot_slam' returned '0': CMAKE_PREFIX_PATH=/opt/ros/humble /usr/bin/cmake /home/ketg/Desktop/amr_ws/src/my_robot_slam -DCMAKE_INSTALL_PREFIX=/home/ketg/Desktop/amr_ws/install/my_robot_slam
[0.746s] Invoking command in '/home/ketg/Desktop/amr_ws/build/my_robot_slam': CMAKE_PREFIX_PATH=/opt/ros/humble /usr/bin/cmake --build /home/ketg/Desktop/amr_ws/build/my_robot_slam -- -j8 -l8
[0.794s] Invoked command in '/home/ketg/Desktop/amr_ws/build/my_robot_slam' returned '0': CMAKE_PREFIX_PATH=/opt/ros/humble /usr/bin/cmake --build /home/ketg/Desktop/amr_ws/build/my_robot_slam -- -j8 -l8
[0.796s] Invoking command in '/home/ketg/Desktop/amr_ws/build/my_robot_slam': CMAKE_PREFIX_PATH=/opt/ros/humble /usr/bin/cmake --install /home/ketg/Desktop/amr_ws/build/my_robot_slam
[0.811s] -- Install configuration: ""
[0.811s] -- Installing: /home/ketg/Desktop/amr_ws/install/my_robot_slam/share/ament_index/resource_index/package_run_dependencies/my_robot_slam
[0.813s] -- Installing: /home/ketg/Desktop/amr_ws/install/my_robot_slam/share/ament_index/resource_index/parent_prefix_path/my_robot_slam
[0.813s] -- Installing: /home/ketg/Desktop/amr_ws/install/my_robot_slam/share/my_robot_slam/environment/ament_prefix_path.sh
[0.813s] -- Installing: /home/ketg/Desktop/amr_ws/install/my_robot_slam/share/my_robot_slam/environment/ament_prefix_path.dsv
[0.813s] -- Installing: /home/ketg/Desktop/amr_ws/install/my_robot_slam/share/my_robot_slam/environment/path.sh
[0.814s] -- Installing: /home/ketg/Desktop/amr_ws/install/my_robot_slam/share/my_robot_slam/environment/path.dsv
[0.814s] -- Installing: /home/ketg/Desktop/amr_ws/install/my_robot_slam/share/my_robot_slam/local_setup.bash
[0.815s] -- Installing: /home/ketg/Desktop/amr_ws/install/my_robot_slam/share/my_robot_slam/local_setup.sh
[0.815s] -- Installing: /home/ketg/Desktop/amr_ws/install/my_robot_slam/share/my_robot_slam/local_setup.zsh
[0.815s] -- Installing: /home/ketg/Desktop/amr_ws/install/my_robot_slam/share/my_robot_slam/local_setup.dsv
[0.815s] -- Installing: /home/ketg/Desktop/amr_ws/install/my_robot_slam/share/my_robot_slam/package.dsv
[0.815s] -- Installing: /home/ketg/Desktop/amr_ws/install/my_robot_slam/share/ament_index/resource_index/packages/my_robot_slam
[0.815s] -- Installing: /home/ketg/Desktop/amr_ws/install/my_robot_slam/share/my_robot_slam/cmake/my_robot_slamConfig.cmake
[0.815s] -- Installing: /home/ketg/Desktop/amr_ws/install/my_robot_slam/share/my_robot_slam/cmake/my_robot_slamConfig-version.cmake
[0.815s] -- Installing: /home/ketg/Desktop/amr_ws/install/my_robot_slam/share/my_robot_slam/package.xml
[0.826s] Invoked command in '/home/ketg/Desktop/amr_ws/build/my_robot_slam' returned '0': CMAKE_PREFIX_PATH=/opt/ros/humble /usr/bin/cmake --install /home/ketg/Desktop/amr_ws/build/my_robot_slam
