[0.015s] Invoking command in '/home/ketg/Desktop/amr_ws/build/my_robot_description': CMAKE_PREFIX_PATH=${CMAKE_PREFIX_PATH}:/opt/ros/humble /usr/bin/cmake /home/ketg/Desktop/amr_ws/src/my_robot_description -DCMAKE_INSTALL_PREFIX=/home/ketg/Desktop/amr_ws/install/my_robot_description
[0.060s] -- The C compiler identification is GNU 11.4.0
[0.117s] -- The CXX compiler identification is GNU 11.4.0
[0.125s] -- Detecting C compiler ABI info
[0.188s] -- Detecting C compiler ABI info - done
[0.199s] -- Check for working C compiler: /usr/bin/cc - skipped
[0.200s] -- Detecting C compile features
[0.200s] -- Detecting C compile features - done
[0.204s] -- Detecting CXX compiler ABI info
[0.277s] -- Detecting CXX compiler ABI info - done
[0.288s] -- Check for working CXX compiler: /usr/bin/c++ - skipped
[0.288s] -- Detecting CXX compile features
[0.288s] -- Detecting CXX compile features - done
[0.291s] -- Found ament_cmake: 1.3.11 (/opt/ros/humble/share/ament_cmake/cmake)
[0.440s] -- Found Python3: /usr/bin/python3 (found version "3.10.12") found components: Interpreter 
[0.538s] -- Found ament_lint_auto: 0.12.11 (/opt/ros/humble/share/ament_lint_auto/cmake)
[0.635s] -- Added test 'copyright' to check source files copyright and LICENSE
[0.639s] -- Added test 'flake8' to check Python code syntax and style conventions
[0.639s] -- Added test 'lint_cmake' to check CMake code style
[0.639s] -- Added test 'pep257' to check Python code against some of the docstring style conventions in PEP 257
[0.639s] -- Added test 'xmllint' to check XML markup files
[0.640s] -- Configuring done
[0.643s] -- Generating done
[0.644s] -- Build files have been written to: /home/ketg/Desktop/amr_ws/build/my_robot_description
[0.648s] Invoked command in '/home/ketg/Desktop/amr_ws/build/my_robot_description' returned '0': CMAKE_PREFIX_PATH=${CMAKE_PREFIX_PATH}:/opt/ros/humble /usr/bin/cmake /home/ketg/Desktop/amr_ws/src/my_robot_description -DCMAKE_INSTALL_PREFIX=/home/ketg/Desktop/amr_ws/install/my_robot_description
[0.650s] Invoking command in '/home/ketg/Desktop/amr_ws/build/my_robot_description': CMAKE_PREFIX_PATH=${CMAKE_PREFIX_PATH}:/opt/ros/humble /usr/bin/cmake --build /home/ketg/Desktop/amr_ws/build/my_robot_description -- -j8 -l8
[0.704s] Invoked command in '/home/ketg/Desktop/amr_ws/build/my_robot_description' returned '0': CMAKE_PREFIX_PATH=${CMAKE_PREFIX_PATH}:/opt/ros/humble /usr/bin/cmake --build /home/ketg/Desktop/amr_ws/build/my_robot_description -- -j8 -l8
[0.706s] Invoking command in '/home/ketg/Desktop/amr_ws/build/my_robot_description': CMAKE_PREFIX_PATH=${CMAKE_PREFIX_PATH}:/opt/ros/humble /usr/bin/cmake --install /home/ketg/Desktop/amr_ws/build/my_robot_description
[0.718s] -- Install configuration: ""
[0.718s] -- Installing: /home/ketg/Desktop/amr_ws/install/my_robot_description/share/my_robot_description/launch
[0.718s] -- Installing: /home/ketg/Desktop/amr_ws/install/my_robot_description/share/my_robot_description/launch/gazebo.launch.py
[0.718s] -- Installing: /home/ketg/Desktop/amr_ws/install/my_robot_description/share/my_robot_description/urdf
[0.718s] -- Installing: /home/ketg/Desktop/amr_ws/install/my_robot_description/share/my_robot_description/urdf/amr_robot.urdf.xacro
[0.718s] -- Installing: /home/ketg/Desktop/amr_ws/install/my_robot_description/share/my_robot_description/config
[0.718s] -- Installing: /home/ketg/Desktop/amr_ws/install/my_robot_description/share/my_robot_description/config/ros2_control.yaml
[0.718s] -- Installing: /home/ketg/Desktop/amr_ws/install/my_robot_description/share/ament_index/resource_index/package_run_dependencies/my_robot_description
[0.718s] -- Installing: /home/ketg/Desktop/amr_ws/install/my_robot_description/share/ament_index/resource_index/parent_prefix_path/my_robot_description
[0.718s] -- Installing: /home/ketg/Desktop/amr_ws/install/my_robot_description/share/my_robot_description/environment/ament_prefix_path.sh
[0.718s] -- Installing: /home/ketg/Desktop/amr_ws/install/my_robot_description/share/my_robot_description/environment/ament_prefix_path.dsv
[0.718s] -- Installing: /home/ketg/Desktop/amr_ws/install/my_robot_description/share/my_robot_description/environment/path.sh
[0.718s] -- Installing: /home/ketg/Desktop/amr_ws/install/my_robot_description/share/my_robot_description/environment/path.dsv
[0.718s] -- Installing: /home/ketg/Desktop/amr_ws/install/my_robot_description/share/my_robot_description/local_setup.bash
[0.718s] -- Installing: /home/ketg/Desktop/amr_ws/install/my_robot_description/share/my_robot_description/local_setup.sh
[0.718s] -- Installing: /home/ketg/Desktop/amr_ws/install/my_robot_description/share/my_robot_description/local_setup.zsh
[0.719s] -- Installing: /home/ketg/Desktop/amr_ws/install/my_robot_description/share/my_robot_description/local_setup.dsv
[0.719s] -- Installing: /home/ketg/Desktop/amr_ws/install/my_robot_description/share/my_robot_description/package.dsv
[0.719s] -- Installing: /home/ketg/Desktop/amr_ws/install/my_robot_description/share/ament_index/resource_index/packages/my_robot_description
[0.719s] -- Installing: /home/ketg/Desktop/amr_ws/install/my_robot_description/share/my_robot_description/cmake/my_robot_descriptionConfig.cmake
[0.719s] -- Installing: /home/ketg/Desktop/amr_ws/install/my_robot_description/share/my_robot_description/cmake/my_robot_descriptionConfig-version.cmake
[0.719s] -- Installing: /home/ketg/Desktop/amr_ws/install/my_robot_description/share/my_robot_description/package.xml
[0.719s] Invoked command in '/home/ketg/Desktop/amr_ws/build/my_robot_description' returned '0': CMAKE_PREFIX_PATH=${CMAKE_PREFIX_PATH}:/opt/ros/humble /usr/bin/cmake --install /home/ketg/Desktop/amr_ws/build/my_robot_description
