[0.027s] Invoking command in '/home/ketg/Desktop/amr_ws/build/my_robot_description': CMAKE_PREFIX_PATH=${CMAKE_PREFIX_PATH}:/opt/ros/foxy /usr/bin/cmake --build /home/ketg/Desktop/amr_ws/build/my_robot_description -- -j8 -l8
[0.076s] Invoked command in '/home/ketg/Desktop/amr_ws/build/my_robot_description' returned '0': CMAKE_PREFIX_PATH=${CMAKE_PREFIX_PATH}:/opt/ros/foxy /usr/bin/cmake --build /home/ketg/Desktop/amr_ws/build/my_robot_description -- -j8 -l8
[0.078s] Invoking command in '/home/ketg/Desktop/amr_ws/build/my_robot_description': CMAKE_PREFIX_PATH=${CMAKE_PREFIX_PATH}:/opt/ros/foxy /usr/bin/cmake --install /home/ketg/Desktop/amr_ws/build/my_robot_description
[0.090s] -- Install configuration: ""
[0.090s] -- Up-to-date: /home/ketg/Desktop/amr_ws/install/my_robot_description/share/my_robot_description/launch
[0.090s] -- Up-to-date: /home/ketg/Desktop/amr_ws/install/my_robot_description/share/my_robot_description/launch/gazebo.launch.py
[0.091s] -- Up-to-date: /home/ketg/Desktop/amr_ws/install/my_robot_description/share/my_robot_description/urdf
[0.091s] -- Installing: /home/ketg/Desktop/amr_ws/install/my_robot_description/share/my_robot_description/urdf/amr_robot.urdf.xacro
[0.091s] -- Up-to-date: /home/ketg/Desktop/amr_ws/install/my_robot_description/share/my_robot_description/config
[0.091s] -- Up-to-date: /home/ketg/Desktop/amr_ws/install/my_robot_description/share/my_robot_description/config/ros2_control.yaml
[0.091s] -- Up-to-date: /home/ketg/Desktop/amr_ws/install/my_robot_description/share/ament_index/resource_index/package_run_dependencies/my_robot_description
[0.091s] -- Up-to-date: /home/ketg/Desktop/amr_ws/install/my_robot_description/share/ament_index/resource_index/parent_prefix_path/my_robot_description
[0.091s] -- Up-to-date: /home/ketg/Desktop/amr_ws/install/my_robot_description/share/my_robot_description/environment/ament_prefix_path.sh
[0.091s] -- Up-to-date: /home/ketg/Desktop/amr_ws/install/my_robot_description/share/my_robot_description/environment/ament_prefix_path.dsv
[0.091s] -- Up-to-date: /home/ketg/Desktop/amr_ws/install/my_robot_description/share/my_robot_description/environment/path.sh
[0.091s] -- Up-to-date: /home/ketg/Desktop/amr_ws/install/my_robot_description/share/my_robot_description/environment/path.dsv
[0.091s] -- Up-to-date: /home/ketg/Desktop/amr_ws/install/my_robot_description/share/my_robot_description/local_setup.bash
[0.091s] -- Up-to-date: /home/ketg/Desktop/amr_ws/install/my_robot_description/share/my_robot_description/local_setup.sh
[0.091s] -- Up-to-date: /home/ketg/Desktop/amr_ws/install/my_robot_description/share/my_robot_description/local_setup.zsh
[0.092s] -- Up-to-date: /home/ketg/Desktop/amr_ws/install/my_robot_description/share/my_robot_description/local_setup.dsv
[0.092s] -- Installing: /home/ketg/Desktop/amr_ws/install/my_robot_description/share/my_robot_description/package.dsv
[0.092s] -- Up-to-date: /home/ketg/Desktop/amr_ws/install/my_robot_description/share/ament_index/resource_index/packages/my_robot_description
[0.092s] -- Up-to-date: /home/ketg/Desktop/amr_ws/install/my_robot_description/share/my_robot_description/cmake/my_robot_descriptionConfig.cmake
[0.092s] -- Up-to-date: /home/ketg/Desktop/amr_ws/install/my_robot_description/share/my_robot_description/cmake/my_robot_descriptionConfig-version.cmake
[0.092s] -- Up-to-date: /home/ketg/Desktop/amr_ws/install/my_robot_description/share/my_robot_description/package.xml
[0.119s] Invoked command in '/home/ketg/Desktop/amr_ws/build/my_robot_description' returned '0': CMAKE_PREFIX_PATH=${CMAKE_PREFIX_PATH}:/opt/ros/foxy /usr/bin/cmake --install /home/ketg/Desktop/amr_ws/build/my_robot_description
