[0.145s] DEBUG:colcon:Command line arguments: ['/usr/bin/colcon', 'build']
[0.145s] DEBUG:colcon:Parsed command line arguments: Namespace(log_base=None, log_level=None, verb_name='build', build_base='build', install_base='install', merge_install=False, symlink_install=False, test_result_base=None, continue_on_error=False, executor='parallel', parallel_workers=8, event_handlers=None, ignore_user_meta=False, metas=['./colcon.meta'], base_paths=['.'], packages_ignore=None, packages_ignore_regex=None, paths=None, packages_up_to=None, packages_up_to_regex=None, packages_above=None, packages_above_and_dependencies=None, packages_above_depth=None, packages_select_by_dep=None, packages_skip_by_dep=None, packages_skip_up_to=None, packages_select_build_failed=False, packages_skip_build_finished=False, packages_select_test_failures=False, packages_skip_test_passed=False, packages_select=None, packages_skip=None, packages_select_regex=None, packages_skip_regex=None, packages_start=None, packages_end=None, allow_overriding=[], cmake_args=None, cmake_target=None, cmake_target_skip_unavailable=False, cmake_clean_cache=False, cmake_clean_first=False, cmake_force_configure=False, ament_cmake_args=None, catkin_cmake_args=None, catkin_skip_building_tests=False, mixin_files=None, mixin=None, verb_parser=<colcon_mixin.mixin.mixin_argument.MixinArgumentDecorator object at 0x7f2afd723940>, verb_extension=<colcon_core.verb.build.BuildVerb object at 0x7f2afd7225c0>, main=<bound method BuildVerb.main of <colcon_core.verb.build.BuildVerb object at 0x7f2afd7225c0>>, mixin_verb=('build',))
[0.303s] Level 1:colcon.colcon_core.package_discovery:discover_packages(colcon_meta) check parameters
[0.303s] Level 1:colcon.colcon_core.package_discovery:discover_packages(recursive) check parameters
[0.303s] Level 1:colcon.colcon_core.package_discovery:discover_packages(ignore) check parameters
[0.303s] Level 1:colcon.colcon_core.package_discovery:discover_packages(path) check parameters
[0.303s] Level 1:colcon.colcon_core.package_discovery:discover_packages(colcon_meta) discover
[0.303s] Level 1:colcon.colcon_core.package_discovery:discover_packages(recursive) discover
[0.303s] INFO:colcon.colcon_core.package_discovery:Crawling recursively for packages in '/home/ketg/Desktop/amr_ws'
[0.303s] Level 1:colcon.colcon_core.package_identification:_identify(.) by extensions ['ignore', 'ignore_ament_install']
[0.303s] Level 1:colcon.colcon_core.package_identification:_identify(.) by extension 'ignore'
[0.304s] Level 1:colcon.colcon_core.package_identification:_identify(.) by extension 'ignore_ament_install'
[0.304s] Level 1:colcon.colcon_core.package_identification:_identify(.) by extensions ['colcon_pkg']
[0.304s] Level 1:colcon.colcon_core.package_identification:_identify(.) by extension 'colcon_pkg'
[0.304s] Level 1:colcon.colcon_core.package_identification:_identify(.) by extensions ['colcon_meta']
[0.304s] Level 1:colcon.colcon_core.package_identification:_identify(.) by extension 'colcon_meta'
[0.304s] Level 1:colcon.colcon_core.package_identification:_identify(.) by extensions ['ros']
[0.304s] Level 1:colcon.colcon_core.package_identification:_identify(.) by extension 'ros'
[0.319s] Level 1:colcon.colcon_core.package_identification:_identify(.) by extensions ['cmake', 'python']
[0.319s] Level 1:colcon.colcon_core.package_identification:_identify(.) by extension 'cmake'
[0.319s] Level 1:colcon.colcon_core.package_identification:_identify(.) by extension 'python'
[0.319s] Level 1:colcon.colcon_core.package_identification:_identify(.) by extensions ['python_setup_py']
[0.319s] Level 1:colcon.colcon_core.package_identification:_identify(.) by extension 'python_setup_py'
[0.319s] Level 1:colcon.colcon_core.package_identification:_identify(build) by extensions ['ignore', 'ignore_ament_install']
[0.320s] Level 1:colcon.colcon_core.package_identification:_identify(build) by extension 'ignore'
[0.320s] Level 1:colcon.colcon_core.package_identification:_identify(build) ignored
[0.320s] Level 1:colcon.colcon_core.package_identification:_identify(install) by extensions ['ignore', 'ignore_ament_install']
[0.320s] Level 1:colcon.colcon_core.package_identification:_identify(install) by extension 'ignore'
[0.320s] Level 1:colcon.colcon_core.package_identification:_identify(install) ignored
[0.320s] Level 1:colcon.colcon_core.package_identification:_identify(log) by extensions ['ignore', 'ignore_ament_install']
[0.320s] Level 1:colcon.colcon_core.package_identification:_identify(log) by extension 'ignore'
[0.320s] Level 1:colcon.colcon_core.package_identification:_identify(log) ignored
[0.320s] Level 1:colcon.colcon_core.package_identification:_identify(src) by extensions ['ignore', 'ignore_ament_install']
[0.320s] Level 1:colcon.colcon_core.package_identification:_identify(src) by extension 'ignore'
[0.320s] Level 1:colcon.colcon_core.package_identification:_identify(src) by extension 'ignore_ament_install'
[0.320s] Level 1:colcon.colcon_core.package_identification:_identify(src) by extensions ['colcon_pkg']
[0.320s] Level 1:colcon.colcon_core.package_identification:_identify(src) by extension 'colcon_pkg'
[0.321s] Level 1:colcon.colcon_core.package_identification:_identify(src) by extensions ['colcon_meta']
[0.321s] Level 1:colcon.colcon_core.package_identification:_identify(src) by extension 'colcon_meta'
[0.321s] Level 1:colcon.colcon_core.package_identification:_identify(src) by extensions ['ros']
[0.321s] Level 1:colcon.colcon_core.package_identification:_identify(src) by extension 'ros'
[0.321s] Level 1:colcon.colcon_core.package_identification:_identify(src) by extensions ['cmake', 'python']
[0.321s] Level 1:colcon.colcon_core.package_identification:_identify(src) by extension 'cmake'
[0.321s] Level 1:colcon.colcon_core.package_identification:_identify(src) by extension 'python'
[0.321s] Level 1:colcon.colcon_core.package_identification:_identify(src) by extensions ['python_setup_py']
[0.321s] Level 1:colcon.colcon_core.package_identification:_identify(src) by extension 'python_setup_py'
[0.321s] Level 1:colcon.colcon_core.package_identification:_identify(src/my_robot_bringup) by extensions ['ignore', 'ignore_ament_install']
[0.321s] Level 1:colcon.colcon_core.package_identification:_identify(src/my_robot_bringup) by extension 'ignore'
[0.321s] Level 1:colcon.colcon_core.package_identification:_identify(src/my_robot_bringup) by extension 'ignore_ament_install'
[0.321s] Level 1:colcon.colcon_core.package_identification:_identify(src/my_robot_bringup) by extensions ['colcon_pkg']
[0.321s] Level 1:colcon.colcon_core.package_identification:_identify(src/my_robot_bringup) by extension 'colcon_pkg'
[0.321s] Level 1:colcon.colcon_core.package_identification:_identify(src/my_robot_bringup) by extensions ['colcon_meta']
[0.321s] Level 1:colcon.colcon_core.package_identification:_identify(src/my_robot_bringup) by extension 'colcon_meta'
[0.321s] Level 1:colcon.colcon_core.package_identification:_identify(src/my_robot_bringup) by extensions ['ros']
[0.321s] Level 1:colcon.colcon_core.package_identification:_identify(src/my_robot_bringup) by extension 'ros'
[0.324s] DEBUG:colcon.colcon_core.package_identification:Package 'src/my_robot_bringup' with type 'ros.ament_cmake' and name 'my_robot_bringup'
[0.324s] Level 1:colcon.colcon_core.package_identification:_identify(src/my_robot_description) by extensions ['ignore', 'ignore_ament_install']
[0.324s] Level 1:colcon.colcon_core.package_identification:_identify(src/my_robot_description) by extension 'ignore'
[0.324s] Level 1:colcon.colcon_core.package_identification:_identify(src/my_robot_description) by extension 'ignore_ament_install'
[0.324s] Level 1:colcon.colcon_core.package_identification:_identify(src/my_robot_description) by extensions ['colcon_pkg']
[0.324s] Level 1:colcon.colcon_core.package_identification:_identify(src/my_robot_description) by extension 'colcon_pkg'
[0.324s] Level 1:colcon.colcon_core.package_identification:_identify(src/my_robot_description) by extensions ['colcon_meta']
[0.324s] Level 1:colcon.colcon_core.package_identification:_identify(src/my_robot_description) by extension 'colcon_meta'
[0.324s] Level 1:colcon.colcon_core.package_identification:_identify(src/my_robot_description) by extensions ['ros']
[0.324s] Level 1:colcon.colcon_core.package_identification:_identify(src/my_robot_description) by extension 'ros'
[0.325s] DEBUG:colcon.colcon_core.package_identification:Package 'src/my_robot_description' with type 'ros.ament_cmake' and name 'my_robot_description'
[0.325s] Level 1:colcon.colcon_core.package_identification:_identify(src/my_robot_navigation) by extensions ['ignore', 'ignore_ament_install']
[0.325s] Level 1:colcon.colcon_core.package_identification:_identify(src/my_robot_navigation) by extension 'ignore'
[0.325s] Level 1:colcon.colcon_core.package_identification:_identify(src/my_robot_navigation) by extension 'ignore_ament_install'
[0.325s] Level 1:colcon.colcon_core.package_identification:_identify(src/my_robot_navigation) by extensions ['colcon_pkg']
[0.325s] Level 1:colcon.colcon_core.package_identification:_identify(src/my_robot_navigation) by extension 'colcon_pkg'
[0.325s] Level 1:colcon.colcon_core.package_identification:_identify(src/my_robot_navigation) by extensions ['colcon_meta']
[0.326s] Level 1:colcon.colcon_core.package_identification:_identify(src/my_robot_navigation) by extension 'colcon_meta'
[0.326s] Level 1:colcon.colcon_core.package_identification:_identify(src/my_robot_navigation) by extensions ['ros']
[0.326s] Level 1:colcon.colcon_core.package_identification:_identify(src/my_robot_navigation) by extension 'ros'
[0.326s] DEBUG:colcon.colcon_core.package_identification:Package 'src/my_robot_navigation' with type 'ros.ament_cmake' and name 'my_robot_navigation'
[0.326s] Level 1:colcon.colcon_core.package_identification:_identify(src/my_robot_slam) by extensions ['ignore', 'ignore_ament_install']
[0.326s] Level 1:colcon.colcon_core.package_identification:_identify(src/my_robot_slam) by extension 'ignore'
[0.326s] Level 1:colcon.colcon_core.package_identification:_identify(src/my_robot_slam) by extension 'ignore_ament_install'
[0.326s] Level 1:colcon.colcon_core.package_identification:_identify(src/my_robot_slam) by extensions ['colcon_pkg']
[0.326s] Level 1:colcon.colcon_core.package_identification:_identify(src/my_robot_slam) by extension 'colcon_pkg'
[0.326s] Level 1:colcon.colcon_core.package_identification:_identify(src/my_robot_slam) by extensions ['colcon_meta']
[0.326s] Level 1:colcon.colcon_core.package_identification:_identify(src/my_robot_slam) by extension 'colcon_meta'
[0.326s] Level 1:colcon.colcon_core.package_identification:_identify(src/my_robot_slam) by extensions ['ros']
[0.326s] Level 1:colcon.colcon_core.package_identification:_identify(src/my_robot_slam) by extension 'ros'
[0.327s] DEBUG:colcon.colcon_core.package_identification:Package 'src/my_robot_slam' with type 'ros.ament_cmake' and name 'my_robot_slam'
[0.327s] Level 1:colcon.colcon_core.package_discovery:discover_packages(recursive) using defaults
[0.327s] Level 1:colcon.colcon_core.package_discovery:discover_packages(ignore) discover
[0.327s] Level 1:colcon.colcon_core.package_discovery:discover_packages(ignore) using defaults
[0.327s] Level 1:colcon.colcon_core.package_discovery:discover_packages(path) discover
[0.327s] Level 1:colcon.colcon_core.package_discovery:discover_packages(path) using defaults
[0.360s] Level 1:colcon.colcon_core.package_discovery:discover_packages(prefix_path) check parameters
[0.360s] Level 1:colcon.colcon_core.package_discovery:discover_packages(prefix_path) discover
[0.362s] DEBUG:colcon.colcon_installed_package_information.package_discovery:Found 4 installed packages in /home/ketg/Desktop/amr_ws/install
[0.364s] DEBUG:colcon.colcon_installed_package_information.package_discovery:Found 321 installed packages in /opt/ros/humble
[0.366s] Level 1:colcon.colcon_core.package_discovery:discover_packages(prefix_path) using defaults
[0.402s] Level 5:colcon.colcon_core.verb:set package 'my_robot_bringup' build argument 'cmake_args' from command line to 'None'
[0.402s] Level 5:colcon.colcon_core.verb:set package 'my_robot_bringup' build argument 'cmake_target' from command line to 'None'
[0.402s] Level 5:colcon.colcon_core.verb:set package 'my_robot_bringup' build argument 'cmake_target_skip_unavailable' from command line to 'False'
[0.402s] Level 5:colcon.colcon_core.verb:set package 'my_robot_bringup' build argument 'cmake_clean_cache' from command line to 'False'
[0.402s] Level 5:colcon.colcon_core.verb:set package 'my_robot_bringup' build argument 'cmake_clean_first' from command line to 'False'
[0.402s] Level 5:colcon.colcon_core.verb:set package 'my_robot_bringup' build argument 'cmake_force_configure' from command line to 'False'
[0.402s] Level 5:colcon.colcon_core.verb:set package 'my_robot_bringup' build argument 'ament_cmake_args' from command line to 'None'
[0.402s] Level 5:colcon.colcon_core.verb:set package 'my_robot_bringup' build argument 'catkin_cmake_args' from command line to 'None'
[0.402s] Level 5:colcon.colcon_core.verb:set package 'my_robot_bringup' build argument 'catkin_skip_building_tests' from command line to 'False'
[0.402s] DEBUG:colcon.colcon_core.verb:Building package 'my_robot_bringup' with the following arguments: {'ament_cmake_args': None, 'build_base': '/home/ketg/Desktop/amr_ws/build/my_robot_bringup', 'catkin_cmake_args': None, 'catkin_skip_building_tests': False, 'cmake_args': None, 'cmake_clean_cache': False, 'cmake_clean_first': False, 'cmake_force_configure': False, 'cmake_target': None, 'cmake_target_skip_unavailable': False, 'install_base': '/home/ketg/Desktop/amr_ws/install/my_robot_bringup', 'merge_install': False, 'path': '/home/ketg/Desktop/amr_ws/src/my_robot_bringup', 'symlink_install': False, 'test_result_base': None}
[0.403s] Level 5:colcon.colcon_core.verb:set package 'my_robot_description' build argument 'cmake_args' from command line to 'None'
[0.403s] Level 5:colcon.colcon_core.verb:set package 'my_robot_description' build argument 'cmake_target' from command line to 'None'
[0.403s] Level 5:colcon.colcon_core.verb:set package 'my_robot_description' build argument 'cmake_target_skip_unavailable' from command line to 'False'
[0.403s] Level 5:colcon.colcon_core.verb:set package 'my_robot_description' build argument 'cmake_clean_cache' from command line to 'False'
[0.403s] Level 5:colcon.colcon_core.verb:set package 'my_robot_description' build argument 'cmake_clean_first' from command line to 'False'
[0.403s] Level 5:colcon.colcon_core.verb:set package 'my_robot_description' build argument 'cmake_force_configure' from command line to 'False'
[0.403s] Level 5:colcon.colcon_core.verb:set package 'my_robot_description' build argument 'ament_cmake_args' from command line to 'None'
[0.403s] Level 5:colcon.colcon_core.verb:set package 'my_robot_description' build argument 'catkin_cmake_args' from command line to 'None'
[0.403s] Level 5:colcon.colcon_core.verb:set package 'my_robot_description' build argument 'catkin_skip_building_tests' from command line to 'False'
[0.403s] DEBUG:colcon.colcon_core.verb:Building package 'my_robot_description' with the following arguments: {'ament_cmake_args': None, 'build_base': '/home/ketg/Desktop/amr_ws/build/my_robot_description', 'catkin_cmake_args': None, 'catkin_skip_building_tests': False, 'cmake_args': None, 'cmake_clean_cache': False, 'cmake_clean_first': False, 'cmake_force_configure': False, 'cmake_target': None, 'cmake_target_skip_unavailable': False, 'install_base': '/home/ketg/Desktop/amr_ws/install/my_robot_description', 'merge_install': False, 'path': '/home/ketg/Desktop/amr_ws/src/my_robot_description', 'symlink_install': False, 'test_result_base': None}
[0.403s] Level 5:colcon.colcon_core.verb:set package 'my_robot_navigation' build argument 'cmake_args' from command line to 'None'
[0.403s] Level 5:colcon.colcon_core.verb:set package 'my_robot_navigation' build argument 'cmake_target' from command line to 'None'
[0.403s] Level 5:colcon.colcon_core.verb:set package 'my_robot_navigation' build argument 'cmake_target_skip_unavailable' from command line to 'False'
[0.403s] Level 5:colcon.colcon_core.verb:set package 'my_robot_navigation' build argument 'cmake_clean_cache' from command line to 'False'
[0.403s] Level 5:colcon.colcon_core.verb:set package 'my_robot_navigation' build argument 'cmake_clean_first' from command line to 'False'
[0.403s] Level 5:colcon.colcon_core.verb:set package 'my_robot_navigation' build argument 'cmake_force_configure' from command line to 'False'
[0.403s] Level 5:colcon.colcon_core.verb:set package 'my_robot_navigation' build argument 'ament_cmake_args' from command line to 'None'
[0.403s] Level 5:colcon.colcon_core.verb:set package 'my_robot_navigation' build argument 'catkin_cmake_args' from command line to 'None'
[0.403s] Level 5:colcon.colcon_core.verb:set package 'my_robot_navigation' build argument 'catkin_skip_building_tests' from command line to 'False'
[0.403s] DEBUG:colcon.colcon_core.verb:Building package 'my_robot_navigation' with the following arguments: {'ament_cmake_args': None, 'build_base': '/home/ketg/Desktop/amr_ws/build/my_robot_navigation', 'catkin_cmake_args': None, 'catkin_skip_building_tests': False, 'cmake_args': None, 'cmake_clean_cache': False, 'cmake_clean_first': False, 'cmake_force_configure': False, 'cmake_target': None, 'cmake_target_skip_unavailable': False, 'install_base': '/home/ketg/Desktop/amr_ws/install/my_robot_navigation', 'merge_install': False, 'path': '/home/ketg/Desktop/amr_ws/src/my_robot_navigation', 'symlink_install': False, 'test_result_base': None}
[0.404s] Level 5:colcon.colcon_core.verb:set package 'my_robot_slam' build argument 'cmake_args' from command line to 'None'
[0.404s] Level 5:colcon.colcon_core.verb:set package 'my_robot_slam' build argument 'cmake_target' from command line to 'None'
[0.404s] Level 5:colcon.colcon_core.verb:set package 'my_robot_slam' build argument 'cmake_target_skip_unavailable' from command line to 'False'
[0.404s] Level 5:colcon.colcon_core.verb:set package 'my_robot_slam' build argument 'cmake_clean_cache' from command line to 'False'
[0.404s] Level 5:colcon.colcon_core.verb:set package 'my_robot_slam' build argument 'cmake_clean_first' from command line to 'False'
[0.404s] Level 5:colcon.colcon_core.verb:set package 'my_robot_slam' build argument 'cmake_force_configure' from command line to 'False'
[0.404s] Level 5:colcon.colcon_core.verb:set package 'my_robot_slam' build argument 'ament_cmake_args' from command line to 'None'
[0.404s] Level 5:colcon.colcon_core.verb:set package 'my_robot_slam' build argument 'catkin_cmake_args' from command line to 'None'
[0.404s] Level 5:colcon.colcon_core.verb:set package 'my_robot_slam' build argument 'catkin_skip_building_tests' from command line to 'False'
[0.404s] DEBUG:colcon.colcon_core.verb:Building package 'my_robot_slam' with the following arguments: {'ament_cmake_args': None, 'build_base': '/home/ketg/Desktop/amr_ws/build/my_robot_slam', 'catkin_cmake_args': None, 'catkin_skip_building_tests': False, 'cmake_args': None, 'cmake_clean_cache': False, 'cmake_clean_first': False, 'cmake_force_configure': False, 'cmake_target': None, 'cmake_target_skip_unavailable': False, 'install_base': '/home/ketg/Desktop/amr_ws/install/my_robot_slam', 'merge_install': False, 'path': '/home/ketg/Desktop/amr_ws/src/my_robot_slam', 'symlink_install': False, 'test_result_base': None}
[0.404s] INFO:colcon.colcon_core.executor:Executing jobs using 'parallel' executor
[0.405s] DEBUG:colcon.colcon_parallel_executor.executor.parallel:run_until_complete
[0.405s] INFO:colcon.colcon_ros.task.ament_cmake.build:Building ROS package in '/home/ketg/Desktop/amr_ws/src/my_robot_bringup' with build type 'ament_cmake'
[0.405s] INFO:colcon.colcon_cmake.task.cmake.build:Building CMake package in '/home/ketg/Desktop/amr_ws/src/my_robot_bringup'
[0.409s] INFO:colcon.colcon_core.plugin_system:Skipping extension 'colcon_core.shell.bat': Not used on non-Windows systems
[0.410s] INFO:colcon.colcon_core.shell:Skip shell extension 'powershell' for command environment: Not usable outside of PowerShell
[0.410s] DEBUG:colcon.colcon_core.shell:Skip shell extension 'dsv' for command environment
[0.413s] INFO:colcon.colcon_ros.task.ament_cmake.build:Building ROS package in '/home/ketg/Desktop/amr_ws/src/my_robot_description' with build type 'ament_cmake'
[0.413s] INFO:colcon.colcon_cmake.task.cmake.build:Building CMake package in '/home/ketg/Desktop/amr_ws/src/my_robot_description'
[0.413s] INFO:colcon.colcon_core.shell:Skip shell extension 'powershell' for command environment: Not usable outside of PowerShell
[0.413s] DEBUG:colcon.colcon_core.shell:Skip shell extension 'dsv' for command environment
[0.417s] INFO:colcon.colcon_ros.task.ament_cmake.build:Building ROS package in '/home/ketg/Desktop/amr_ws/src/my_robot_navigation' with build type 'ament_cmake'
[0.417s] INFO:colcon.colcon_cmake.task.cmake.build:Building CMake package in '/home/ketg/Desktop/amr_ws/src/my_robot_navigation'
[0.417s] INFO:colcon.colcon_core.shell:Skip shell extension 'powershell' for command environment: Not usable outside of PowerShell
[0.417s] DEBUG:colcon.colcon_core.shell:Skip shell extension 'dsv' for command environment
[0.421s] INFO:colcon.colcon_ros.task.ament_cmake.build:Building ROS package in '/home/ketg/Desktop/amr_ws/src/my_robot_slam' with build type 'ament_cmake'
[0.421s] INFO:colcon.colcon_cmake.task.cmake.build:Building CMake package in '/home/ketg/Desktop/amr_ws/src/my_robot_slam'
[0.421s] INFO:colcon.colcon_core.shell:Skip shell extension 'powershell' for command environment: Not usable outside of PowerShell
[0.422s] DEBUG:colcon.colcon_core.shell:Skip shell extension 'dsv' for command environment
[0.429s] DEBUG:colcon.colcon_core.event_handler.log_command:Invoking command in '/home/ketg/Desktop/amr_ws/build/my_robot_bringup': CMAKE_PREFIX_PATH=${CMAKE_PREFIX_PATH}:/opt/ros/humble /usr/bin/cmake --build /home/ketg/Desktop/amr_ws/build/my_robot_bringup -- -j8 -l8
[0.432s] DEBUG:colcon.colcon_core.event_handler.log_command:Invoking command in '/home/ketg/Desktop/amr_ws/build/my_robot_description': CMAKE_PREFIX_PATH=${CMAKE_PREFIX_PATH}:/opt/ros/humble /usr/bin/cmake --build /home/ketg/Desktop/amr_ws/build/my_robot_description -- -j8 -l8
[0.438s] DEBUG:colcon.colcon_core.event_handler.log_command:Invoking command in '/home/ketg/Desktop/amr_ws/build/my_robot_navigation': CMAKE_PREFIX_PATH=${CMAKE_PREFIX_PATH}:/opt/ros/humble /usr/bin/cmake --build /home/ketg/Desktop/amr_ws/build/my_robot_navigation -- -j8 -l8
[0.444s] DEBUG:colcon.colcon_core.event_handler.log_command:Invoking command in '/home/ketg/Desktop/amr_ws/build/my_robot_slam': CMAKE_PREFIX_PATH=${CMAKE_PREFIX_PATH}:/opt/ros/humble /usr/bin/cmake --build /home/ketg/Desktop/amr_ws/build/my_robot_slam -- -j8 -l8
[0.464s] DEBUG:colcon.colcon_core.event_handler.log_command:Invoked command in '/home/ketg/Desktop/amr_ws/build/my_robot_bringup' returned '0': CMAKE_PREFIX_PATH=${CMAKE_PREFIX_PATH}:/opt/ros/humble /usr/bin/cmake --build /home/ketg/Desktop/amr_ws/build/my_robot_bringup -- -j8 -l8
[0.473s] DEBUG:colcon.colcon_core.event_handler.log_command:Invoking command in '/home/ketg/Desktop/amr_ws/build/my_robot_bringup': CMAKE_PREFIX_PATH=${CMAKE_PREFIX_PATH}:/opt/ros/humble /usr/bin/cmake --install /home/ketg/Desktop/amr_ws/build/my_robot_bringup
[0.475s] DEBUG:colcon.colcon_core.event_handler.log_command:Invoked command in '/home/ketg/Desktop/amr_ws/build/my_robot_description' returned '0': CMAKE_PREFIX_PATH=${CMAKE_PREFIX_PATH}:/opt/ros/humble /usr/bin/cmake --build /home/ketg/Desktop/amr_ws/build/my_robot_description -- -j8 -l8
[0.476s] DEBUG:colcon.colcon_core.event_handler.log_command:Invoking command in '/home/ketg/Desktop/amr_ws/build/my_robot_description': CMAKE_PREFIX_PATH=${CMAKE_PREFIX_PATH}:/opt/ros/humble /usr/bin/cmake --install /home/ketg/Desktop/amr_ws/build/my_robot_description
[0.477s] DEBUG:colcon.colcon_core.event_handler.log_command:Invoked command in '/home/ketg/Desktop/amr_ws/build/my_robot_navigation' returned '0': CMAKE_PREFIX_PATH=${CMAKE_PREFIX_PATH}:/opt/ros/humble /usr/bin/cmake --build /home/ketg/Desktop/amr_ws/build/my_robot_navigation -- -j8 -l8
[0.478s] DEBUG:colcon.colcon_core.event_handler.log_command:Invoking command in '/home/ketg/Desktop/amr_ws/build/my_robot_navigation': CMAKE_PREFIX_PATH=${CMAKE_PREFIX_PATH}:/opt/ros/humble /usr/bin/cmake --install /home/ketg/Desktop/amr_ws/build/my_robot_navigation
[0.481s] DEBUG:colcon.colcon_core.event_handler.log_command:Invoked command in '/home/ketg/Desktop/amr_ws/build/my_robot_slam' returned '0': CMAKE_PREFIX_PATH=${CMAKE_PREFIX_PATH}:/opt/ros/humble /usr/bin/cmake --build /home/ketg/Desktop/amr_ws/build/my_robot_slam -- -j8 -l8
[0.484s] Level 1:colcon.colcon_core.environment:create_environment_scripts_only(my_robot_bringup)
[0.488s] DEBUG:colcon.colcon_core.event_handler.log_command:Invoking command in '/home/ketg/Desktop/amr_ws/build/my_robot_slam': CMAKE_PREFIX_PATH=${CMAKE_PREFIX_PATH}:/opt/ros/humble /usr/bin/cmake --install /home/ketg/Desktop/amr_ws/build/my_robot_slam
[0.493s] DEBUG:colcon.colcon_core.event_handler.log_command:Invoked command in '/home/ketg/Desktop/amr_ws/build/my_robot_bringup' returned '0': CMAKE_PREFIX_PATH=${CMAKE_PREFIX_PATH}:/opt/ros/humble /usr/bin/cmake --install /home/ketg/Desktop/amr_ws/build/my_robot_bringup
[0.494s] Level 1:colcon.colcon_core.environment:checking '/home/ketg/Desktop/amr_ws/install/my_robot_bringup' for CMake module files
[0.496s] Level 1:colcon.colcon_core.environment:checking '/home/ketg/Desktop/amr_ws/install/my_robot_bringup' for CMake config files
[0.497s] Level 1:colcon.colcon_core.shell:create_environment_hook('my_robot_bringup', 'cmake_prefix_path')
[0.497s] INFO:colcon.colcon_core.shell:Creating environment hook '/home/ketg/Desktop/amr_ws/install/my_robot_bringup/share/my_robot_bringup/hook/cmake_prefix_path.ps1'
[0.498s] INFO:colcon.colcon_core.shell:Creating environment descriptor '/home/ketg/Desktop/amr_ws/install/my_robot_bringup/share/my_robot_bringup/hook/cmake_prefix_path.dsv'
[0.499s] INFO:colcon.colcon_core.shell:Creating environment hook '/home/ketg/Desktop/amr_ws/install/my_robot_bringup/share/my_robot_bringup/hook/cmake_prefix_path.sh'
[0.500s] Level 1:colcon.colcon_core.environment:checking '/home/ketg/Desktop/amr_ws/install/my_robot_bringup/bin'
[0.500s] Level 1:colcon.colcon_core.environment:checking '/home/ketg/Desktop/amr_ws/install/my_robot_bringup/lib/pkgconfig/my_robot_bringup.pc'
[0.501s] Level 1:colcon.colcon_core.environment:checking '/home/ketg/Desktop/amr_ws/install/my_robot_bringup/lib/python3.10/site-packages'
[0.501s] Level 1:colcon.colcon_core.environment:checking '/home/ketg/Desktop/amr_ws/install/my_robot_bringup/bin'
[0.501s] INFO:colcon.colcon_core.shell:Creating package script '/home/ketg/Desktop/amr_ws/install/my_robot_bringup/share/my_robot_bringup/package.ps1'
[0.502s] INFO:colcon.colcon_core.shell:Creating package descriptor '/home/ketg/Desktop/amr_ws/install/my_robot_bringup/share/my_robot_bringup/package.dsv'
[0.503s] INFO:colcon.colcon_core.shell:Creating package script '/home/ketg/Desktop/amr_ws/install/my_robot_bringup/share/my_robot_bringup/package.sh'
[0.503s] INFO:colcon.colcon_core.shell:Creating package script '/home/ketg/Desktop/amr_ws/install/my_robot_bringup/share/my_robot_bringup/package.bash'
[0.504s] INFO:colcon.colcon_core.shell:Creating package script '/home/ketg/Desktop/amr_ws/install/my_robot_bringup/share/my_robot_bringup/package.zsh'
[0.505s] Level 1:colcon.colcon_core.environment:create_file_with_runtime_dependencies(/home/ketg/Desktop/amr_ws/install/my_robot_bringup/share/colcon-core/packages/my_robot_bringup)
[0.505s] Level 1:colcon.colcon_core.environment:create_environment_scripts_only(my_robot_bringup)
[0.505s] Level 1:colcon.colcon_core.environment:checking '/home/ketg/Desktop/amr_ws/install/my_robot_bringup' for CMake module files
[0.506s] Level 1:colcon.colcon_core.environment:checking '/home/ketg/Desktop/amr_ws/install/my_robot_bringup' for CMake config files
[0.506s] Level 1:colcon.colcon_core.shell:create_environment_hook('my_robot_bringup', 'cmake_prefix_path')
[0.506s] INFO:colcon.colcon_core.shell:Creating environment hook '/home/ketg/Desktop/amr_ws/install/my_robot_bringup/share/my_robot_bringup/hook/cmake_prefix_path.ps1'
[0.506s] INFO:colcon.colcon_core.shell:Creating environment descriptor '/home/ketg/Desktop/amr_ws/install/my_robot_bringup/share/my_robot_bringup/hook/cmake_prefix_path.dsv'
[0.507s] INFO:colcon.colcon_core.shell:Creating environment hook '/home/ketg/Desktop/amr_ws/install/my_robot_bringup/share/my_robot_bringup/hook/cmake_prefix_path.sh'
[0.507s] Level 1:colcon.colcon_core.environment:checking '/home/ketg/Desktop/amr_ws/install/my_robot_bringup/bin'
[0.507s] Level 1:colcon.colcon_core.environment:checking '/home/ketg/Desktop/amr_ws/install/my_robot_bringup/lib/pkgconfig/my_robot_bringup.pc'
[0.507s] Level 1:colcon.colcon_core.environment:checking '/home/ketg/Desktop/amr_ws/install/my_robot_bringup/lib/python3.10/site-packages'
[0.508s] Level 1:colcon.colcon_core.environment:checking '/home/ketg/Desktop/amr_ws/install/my_robot_bringup/bin'
[0.508s] INFO:colcon.colcon_core.shell:Creating package script '/home/ketg/Desktop/amr_ws/install/my_robot_bringup/share/my_robot_bringup/package.ps1'
[0.508s] INFO:colcon.colcon_core.shell:Creating package descriptor '/home/ketg/Desktop/amr_ws/install/my_robot_bringup/share/my_robot_bringup/package.dsv'
[0.509s] INFO:colcon.colcon_core.shell:Creating package script '/home/ketg/Desktop/amr_ws/install/my_robot_bringup/share/my_robot_bringup/package.sh'
[0.509s] INFO:colcon.colcon_core.shell:Creating package script '/home/ketg/Desktop/amr_ws/install/my_robot_bringup/share/my_robot_bringup/package.bash'
[0.509s] INFO:colcon.colcon_core.shell:Creating package script '/home/ketg/Desktop/amr_ws/install/my_robot_bringup/share/my_robot_bringup/package.zsh'
[0.509s] Level 1:colcon.colcon_core.environment:create_file_with_runtime_dependencies(/home/ketg/Desktop/amr_ws/install/my_robot_bringup/share/colcon-core/packages/my_robot_bringup)
[0.511s] Level 1:colcon.colcon_core.environment:create_environment_scripts_only(my_robot_navigation)
[0.511s] Level 1:colcon.colcon_core.environment:checking '/home/ketg/Desktop/amr_ws/install/my_robot_navigation' for CMake module files
[0.511s] DEBUG:colcon.colcon_core.event_handler.log_command:Invoked command in '/home/ketg/Desktop/amr_ws/build/my_robot_navigation' returned '0': CMAKE_PREFIX_PATH=${CMAKE_PREFIX_PATH}:/opt/ros/humble /usr/bin/cmake --install /home/ketg/Desktop/amr_ws/build/my_robot_navigation
[0.512s] Level 1:colcon.colcon_core.environment:checking '/home/ketg/Desktop/amr_ws/install/my_robot_navigation' for CMake config files
[0.512s] Level 1:colcon.colcon_core.shell:create_environment_hook('my_robot_navigation', 'cmake_prefix_path')
[0.512s] INFO:colcon.colcon_core.shell:Creating environment hook '/home/ketg/Desktop/amr_ws/install/my_robot_navigation/share/my_robot_navigation/hook/cmake_prefix_path.ps1'
[0.512s] INFO:colcon.colcon_core.shell:Creating environment descriptor '/home/ketg/Desktop/amr_ws/install/my_robot_navigation/share/my_robot_navigation/hook/cmake_prefix_path.dsv'
[0.513s] INFO:colcon.colcon_core.shell:Creating environment hook '/home/ketg/Desktop/amr_ws/install/my_robot_navigation/share/my_robot_navigation/hook/cmake_prefix_path.sh'
[0.513s] Level 1:colcon.colcon_core.environment:checking '/home/ketg/Desktop/amr_ws/install/my_robot_navigation/bin'
[0.513s] Level 1:colcon.colcon_core.environment:checking '/home/ketg/Desktop/amr_ws/install/my_robot_navigation/lib/pkgconfig/my_robot_navigation.pc'
[0.513s] Level 1:colcon.colcon_core.environment:checking '/home/ketg/Desktop/amr_ws/install/my_robot_navigation/lib/python3.10/site-packages'
[0.513s] Level 1:colcon.colcon_core.environment:checking '/home/ketg/Desktop/amr_ws/install/my_robot_navigation/bin'
[0.514s] INFO:colcon.colcon_core.shell:Creating package script '/home/ketg/Desktop/amr_ws/install/my_robot_navigation/share/my_robot_navigation/package.ps1'
[0.514s] INFO:colcon.colcon_core.shell:Creating package descriptor '/home/ketg/Desktop/amr_ws/install/my_robot_navigation/share/my_robot_navigation/package.dsv'
[0.515s] INFO:colcon.colcon_core.shell:Creating package script '/home/ketg/Desktop/amr_ws/install/my_robot_navigation/share/my_robot_navigation/package.sh'
[0.515s] INFO:colcon.colcon_core.shell:Creating package script '/home/ketg/Desktop/amr_ws/install/my_robot_navigation/share/my_robot_navigation/package.bash'
[0.516s] INFO:colcon.colcon_core.shell:Creating package script '/home/ketg/Desktop/amr_ws/install/my_robot_navigation/share/my_robot_navigation/package.zsh'
[0.516s] Level 1:colcon.colcon_core.environment:create_file_with_runtime_dependencies(/home/ketg/Desktop/amr_ws/install/my_robot_navigation/share/colcon-core/packages/my_robot_navigation)
[0.517s] Level 1:colcon.colcon_core.environment:create_environment_scripts_only(my_robot_navigation)
[0.517s] Level 1:colcon.colcon_core.environment:checking '/home/ketg/Desktop/amr_ws/install/my_robot_navigation' for CMake module files
[0.518s] Level 1:colcon.colcon_core.environment:checking '/home/ketg/Desktop/amr_ws/install/my_robot_navigation' for CMake config files
[0.518s] Level 1:colcon.colcon_core.shell:create_environment_hook('my_robot_navigation', 'cmake_prefix_path')
[0.518s] INFO:colcon.colcon_core.shell:Creating environment hook '/home/ketg/Desktop/amr_ws/install/my_robot_navigation/share/my_robot_navigation/hook/cmake_prefix_path.ps1'
[0.519s] INFO:colcon.colcon_core.shell:Creating environment descriptor '/home/ketg/Desktop/amr_ws/install/my_robot_navigation/share/my_robot_navigation/hook/cmake_prefix_path.dsv'
[0.519s] INFO:colcon.colcon_core.shell:Creating environment hook '/home/ketg/Desktop/amr_ws/install/my_robot_navigation/share/my_robot_navigation/hook/cmake_prefix_path.sh'
[0.520s] Level 1:colcon.colcon_core.environment:checking '/home/ketg/Desktop/amr_ws/install/my_robot_navigation/bin'
[0.520s] Level 1:colcon.colcon_core.environment:checking '/home/ketg/Desktop/amr_ws/install/my_robot_navigation/lib/pkgconfig/my_robot_navigation.pc'
[0.520s] Level 1:colcon.colcon_core.environment:checking '/home/ketg/Desktop/amr_ws/install/my_robot_navigation/lib/python3.10/site-packages'
[0.520s] Level 1:colcon.colcon_core.environment:checking '/home/ketg/Desktop/amr_ws/install/my_robot_navigation/bin'
[0.521s] INFO:colcon.colcon_core.shell:Creating package script '/home/ketg/Desktop/amr_ws/install/my_robot_navigation/share/my_robot_navigation/package.ps1'
[0.521s] INFO:colcon.colcon_core.shell:Creating package descriptor '/home/ketg/Desktop/amr_ws/install/my_robot_navigation/share/my_robot_navigation/package.dsv'
[0.521s] INFO:colcon.colcon_core.shell:Creating package script '/home/ketg/Desktop/amr_ws/install/my_robot_navigation/share/my_robot_navigation/package.sh'
[0.522s] INFO:colcon.colcon_core.shell:Creating package script '/home/ketg/Desktop/amr_ws/install/my_robot_navigation/share/my_robot_navigation/package.bash'
[0.522s] INFO:colcon.colcon_core.shell:Creating package script '/home/ketg/Desktop/amr_ws/install/my_robot_navigation/share/my_robot_navigation/package.zsh'
[0.523s] Level 1:colcon.colcon_core.environment:create_file_with_runtime_dependencies(/home/ketg/Desktop/amr_ws/install/my_robot_navigation/share/colcon-core/packages/my_robot_navigation)
[0.523s] Level 1:colcon.colcon_core.environment:create_environment_scripts_only(my_robot_slam)
[0.523s] Level 1:colcon.colcon_core.environment:checking '/home/ketg/Desktop/amr_ws/install/my_robot_slam' for CMake module files
[0.524s] DEBUG:colcon.colcon_core.event_handler.log_command:Invoked command in '/home/ketg/Desktop/amr_ws/build/my_robot_slam' returned '0': CMAKE_PREFIX_PATH=${CMAKE_PREFIX_PATH}:/opt/ros/humble /usr/bin/cmake --install /home/ketg/Desktop/amr_ws/build/my_robot_slam
[0.524s] Level 1:colcon.colcon_core.environment:checking '/home/ketg/Desktop/amr_ws/install/my_robot_slam' for CMake config files
[0.524s] Level 1:colcon.colcon_core.shell:create_environment_hook('my_robot_slam', 'cmake_prefix_path')
[0.525s] INFO:colcon.colcon_core.shell:Creating environment hook '/home/ketg/Desktop/amr_ws/install/my_robot_slam/share/my_robot_slam/hook/cmake_prefix_path.ps1'
[0.525s] INFO:colcon.colcon_core.shell:Creating environment descriptor '/home/ketg/Desktop/amr_ws/install/my_robot_slam/share/my_robot_slam/hook/cmake_prefix_path.dsv'
[0.525s] INFO:colcon.colcon_core.shell:Creating environment hook '/home/ketg/Desktop/amr_ws/install/my_robot_slam/share/my_robot_slam/hook/cmake_prefix_path.sh'
[0.526s] Level 1:colcon.colcon_core.environment:checking '/home/ketg/Desktop/amr_ws/install/my_robot_slam/bin'
[0.526s] Level 1:colcon.colcon_core.environment:checking '/home/ketg/Desktop/amr_ws/install/my_robot_slam/lib/pkgconfig/my_robot_slam.pc'
[0.526s] Level 1:colcon.colcon_core.environment:checking '/home/ketg/Desktop/amr_ws/install/my_robot_slam/lib/python3.10/site-packages'
[0.526s] Level 1:colcon.colcon_core.environment:checking '/home/ketg/Desktop/amr_ws/install/my_robot_slam/bin'
[0.526s] INFO:colcon.colcon_core.shell:Creating package script '/home/ketg/Desktop/amr_ws/install/my_robot_slam/share/my_robot_slam/package.ps1'
[0.527s] INFO:colcon.colcon_core.shell:Creating package descriptor '/home/ketg/Desktop/amr_ws/install/my_robot_slam/share/my_robot_slam/package.dsv'
[0.527s] INFO:colcon.colcon_core.shell:Creating package script '/home/ketg/Desktop/amr_ws/install/my_robot_slam/share/my_robot_slam/package.sh'
[0.527s] INFO:colcon.colcon_core.shell:Creating package script '/home/ketg/Desktop/amr_ws/install/my_robot_slam/share/my_robot_slam/package.bash'
[0.527s] INFO:colcon.colcon_core.shell:Creating package script '/home/ketg/Desktop/amr_ws/install/my_robot_slam/share/my_robot_slam/package.zsh'
[0.528s] Level 1:colcon.colcon_core.environment:create_file_with_runtime_dependencies(/home/ketg/Desktop/amr_ws/install/my_robot_slam/share/colcon-core/packages/my_robot_slam)
[0.528s] Level 1:colcon.colcon_core.environment:create_environment_scripts_only(my_robot_slam)
[0.528s] Level 1:colcon.colcon_core.environment:checking '/home/ketg/Desktop/amr_ws/install/my_robot_slam' for CMake module files
[0.528s] Level 1:colcon.colcon_core.environment:checking '/home/ketg/Desktop/amr_ws/install/my_robot_slam' for CMake config files
[0.529s] Level 1:colcon.colcon_core.shell:create_environment_hook('my_robot_slam', 'cmake_prefix_path')
[0.529s] INFO:colcon.colcon_core.shell:Creating environment hook '/home/ketg/Desktop/amr_ws/install/my_robot_slam/share/my_robot_slam/hook/cmake_prefix_path.ps1'
[0.529s] INFO:colcon.colcon_core.shell:Creating environment descriptor '/home/ketg/Desktop/amr_ws/install/my_robot_slam/share/my_robot_slam/hook/cmake_prefix_path.dsv'
[0.529s] INFO:colcon.colcon_core.shell:Creating environment hook '/home/ketg/Desktop/amr_ws/install/my_robot_slam/share/my_robot_slam/hook/cmake_prefix_path.sh'
[0.530s] Level 1:colcon.colcon_core.environment:checking '/home/ketg/Desktop/amr_ws/install/my_robot_slam/bin'
[0.530s] Level 1:colcon.colcon_core.environment:checking '/home/ketg/Desktop/amr_ws/install/my_robot_slam/lib/pkgconfig/my_robot_slam.pc'
[0.530s] Level 1:colcon.colcon_core.environment:checking '/home/ketg/Desktop/amr_ws/install/my_robot_slam/lib/python3.10/site-packages'
[0.530s] Level 1:colcon.colcon_core.environment:checking '/home/ketg/Desktop/amr_ws/install/my_robot_slam/bin'
[0.530s] INFO:colcon.colcon_core.shell:Creating package script '/home/ketg/Desktop/amr_ws/install/my_robot_slam/share/my_robot_slam/package.ps1'
[0.531s] INFO:colcon.colcon_core.shell:Creating package descriptor '/home/ketg/Desktop/amr_ws/install/my_robot_slam/share/my_robot_slam/package.dsv'
[0.532s] INFO:colcon.colcon_core.shell:Creating package script '/home/ketg/Desktop/amr_ws/install/my_robot_slam/share/my_robot_slam/package.sh'
[0.533s] INFO:colcon.colcon_core.shell:Creating package script '/home/ketg/Desktop/amr_ws/install/my_robot_slam/share/my_robot_slam/package.bash'
[0.534s] INFO:colcon.colcon_core.shell:Creating package script '/home/ketg/Desktop/amr_ws/install/my_robot_slam/share/my_robot_slam/package.zsh'
[0.534s] Level 1:colcon.colcon_core.environment:create_file_with_runtime_dependencies(/home/ketg/Desktop/amr_ws/install/my_robot_slam/share/colcon-core/packages/my_robot_slam)
[0.534s] Level 1:colcon.colcon_core.environment:create_environment_scripts_only(my_robot_description)
[0.535s] Level 1:colcon.colcon_core.environment:checking '/home/ketg/Desktop/amr_ws/install/my_robot_description' for CMake module files
[0.535s] Level 1:colcon.colcon_core.environment:checking '/home/ketg/Desktop/amr_ws/install/my_robot_description' for CMake config files
[0.536s] DEBUG:colcon.colcon_core.event_handler.log_command:Invoked command in '/home/ketg/Desktop/amr_ws/build/my_robot_description' returned '0': CMAKE_PREFIX_PATH=${CMAKE_PREFIX_PATH}:/opt/ros/humble /usr/bin/cmake --install /home/ketg/Desktop/amr_ws/build/my_robot_description
[0.536s] Level 1:colcon.colcon_core.shell:create_environment_hook('my_robot_description', 'cmake_prefix_path')
[0.536s] INFO:colcon.colcon_core.shell:Creating environment hook '/home/ketg/Desktop/amr_ws/install/my_robot_description/share/my_robot_description/hook/cmake_prefix_path.ps1'
[0.537s] INFO:colcon.colcon_core.shell:Creating environment descriptor '/home/ketg/Desktop/amr_ws/install/my_robot_description/share/my_robot_description/hook/cmake_prefix_path.dsv'
[0.537s] INFO:colcon.colcon_core.shell:Creating environment hook '/home/ketg/Desktop/amr_ws/install/my_robot_description/share/my_robot_description/hook/cmake_prefix_path.sh'
[0.538s] Level 1:colcon.colcon_core.environment:checking '/home/ketg/Desktop/amr_ws/install/my_robot_description/bin'
[0.538s] Level 1:colcon.colcon_core.environment:checking '/home/ketg/Desktop/amr_ws/install/my_robot_description/lib/pkgconfig/my_robot_description.pc'
[0.538s] Level 1:colcon.colcon_core.environment:checking '/home/ketg/Desktop/amr_ws/install/my_robot_description/lib/python3.10/site-packages'
[0.538s] Level 1:colcon.colcon_core.environment:checking '/home/ketg/Desktop/amr_ws/install/my_robot_description/bin'
[0.539s] INFO:colcon.colcon_core.shell:Creating package script '/home/ketg/Desktop/amr_ws/install/my_robot_description/share/my_robot_description/package.ps1'
[0.539s] INFO:colcon.colcon_core.shell:Creating package descriptor '/home/ketg/Desktop/amr_ws/install/my_robot_description/share/my_robot_description/package.dsv'
[0.539s] INFO:colcon.colcon_core.shell:Creating package script '/home/ketg/Desktop/amr_ws/install/my_robot_description/share/my_robot_description/package.sh'
[0.540s] INFO:colcon.colcon_core.shell:Creating package script '/home/ketg/Desktop/amr_ws/install/my_robot_description/share/my_robot_description/package.bash'
[0.540s] INFO:colcon.colcon_core.shell:Creating package script '/home/ketg/Desktop/amr_ws/install/my_robot_description/share/my_robot_description/package.zsh'
[0.540s] Level 1:colcon.colcon_core.environment:create_file_with_runtime_dependencies(/home/ketg/Desktop/amr_ws/install/my_robot_description/share/colcon-core/packages/my_robot_description)
[0.540s] Level 1:colcon.colcon_core.environment:create_environment_scripts_only(my_robot_description)
[0.541s] Level 1:colcon.colcon_core.environment:checking '/home/ketg/Desktop/amr_ws/install/my_robot_description' for CMake module files
[0.541s] Level 1:colcon.colcon_core.environment:checking '/home/ketg/Desktop/amr_ws/install/my_robot_description' for CMake config files
[0.541s] Level 1:colcon.colcon_core.shell:create_environment_hook('my_robot_description', 'cmake_prefix_path')
[0.541s] INFO:colcon.colcon_core.shell:Creating environment hook '/home/ketg/Desktop/amr_ws/install/my_robot_description/share/my_robot_description/hook/cmake_prefix_path.ps1'
[0.542s] INFO:colcon.colcon_core.shell:Creating environment descriptor '/home/ketg/Desktop/amr_ws/install/my_robot_description/share/my_robot_description/hook/cmake_prefix_path.dsv'
[0.542s] INFO:colcon.colcon_core.shell:Creating environment hook '/home/ketg/Desktop/amr_ws/install/my_robot_description/share/my_robot_description/hook/cmake_prefix_path.sh'
[0.542s] Level 1:colcon.colcon_core.environment:checking '/home/ketg/Desktop/amr_ws/install/my_robot_description/bin'
[0.542s] Level 1:colcon.colcon_core.environment:checking '/home/ketg/Desktop/amr_ws/install/my_robot_description/lib/pkgconfig/my_robot_description.pc'
[0.543s] Level 1:colcon.colcon_core.environment:checking '/home/ketg/Desktop/amr_ws/install/my_robot_description/lib/python3.10/site-packages'
[0.543s] Level 1:colcon.colcon_core.environment:checking '/home/ketg/Desktop/amr_ws/install/my_robot_description/bin'
[0.543s] INFO:colcon.colcon_core.shell:Creating package script '/home/ketg/Desktop/amr_ws/install/my_robot_description/share/my_robot_description/package.ps1'
[0.543s] INFO:colcon.colcon_core.shell:Creating package descriptor '/home/ketg/Desktop/amr_ws/install/my_robot_description/share/my_robot_description/package.dsv'
[0.544s] INFO:colcon.colcon_core.shell:Creating package script '/home/ketg/Desktop/amr_ws/install/my_robot_description/share/my_robot_description/package.sh'
[0.544s] INFO:colcon.colcon_core.shell:Creating package script '/home/ketg/Desktop/amr_ws/install/my_robot_description/share/my_robot_description/package.bash'
[0.544s] INFO:colcon.colcon_core.shell:Creating package script '/home/ketg/Desktop/amr_ws/install/my_robot_description/share/my_robot_description/package.zsh'
[0.545s] Level 1:colcon.colcon_core.environment:create_file_with_runtime_dependencies(/home/ketg/Desktop/amr_ws/install/my_robot_description/share/colcon-core/packages/my_robot_description)
[0.545s] DEBUG:colcon.colcon_parallel_executor.executor.parallel:closing loop
[0.545s] DEBUG:colcon.colcon_parallel_executor.executor.parallel:loop closed
[0.545s] DEBUG:colcon.colcon_parallel_executor.executor.parallel:run_until_complete finished with '0'
[0.545s] DEBUG:colcon.colcon_core.event_reactor:joining thread
[0.554s] INFO:colcon.colcon_core.plugin_system:Skipping extension 'colcon_notification.desktop_notification.terminal_notifier': Not used on non-Darwin systems
[0.554s] INFO:colcon.colcon_core.plugin_system:Skipping extension 'colcon_notification.desktop_notification.win32': Not used on non-Windows systems
[0.554s] INFO:colcon.colcon_notification.desktop_notification:Sending desktop notification using 'notify2'
[0.563s] DEBUG:colcon.colcon_core.event_reactor:joined thread
[0.563s] INFO:colcon.colcon_core.shell:Creating prefix script '/home/ketg/Desktop/amr_ws/install/local_setup.ps1'
[0.564s] INFO:colcon.colcon_core.shell:Creating prefix util module '/home/ketg/Desktop/amr_ws/install/_local_setup_util_ps1.py'
[0.567s] INFO:colcon.colcon_core.shell:Creating prefix chain script '/home/ketg/Desktop/amr_ws/install/setup.ps1'
[0.568s] INFO:colcon.colcon_core.shell:Creating prefix script '/home/ketg/Desktop/amr_ws/install/local_setup.sh'
[0.568s] INFO:colcon.colcon_core.shell:Creating prefix util module '/home/ketg/Desktop/amr_ws/install/_local_setup_util_sh.py'
[0.569s] INFO:colcon.colcon_core.shell:Creating prefix chain script '/home/ketg/Desktop/amr_ws/install/setup.sh'
[0.570s] INFO:colcon.colcon_core.shell:Creating prefix script '/home/ketg/Desktop/amr_ws/install/local_setup.bash'
[0.571s] INFO:colcon.colcon_core.shell:Creating prefix chain script '/home/ketg/Desktop/amr_ws/install/setup.bash'
[0.572s] INFO:colcon.colcon_core.shell:Creating prefix script '/home/ketg/Desktop/amr_ws/install/local_setup.zsh'
[0.573s] INFO:colcon.colcon_core.shell:Creating prefix chain script '/home/ketg/Desktop/amr_ws/install/setup.zsh'
